lrdn0853:1717580:1717694 [0] NCCL INFO ncclCommInitRankConfig comm 0x11fbe9a0 rank 7 nranks 16 cudaDev 0 nvmlDev 0 busId 1d000 commId 0x53441e0421cde75 - Init START
lrdn0836:1477025:1477025 [0] NCCL INFO Comm config Blocking set to 1
lrdn1138:684929:685040 [0] NCCL INFO ncclCommInitRankConfig comm 0x21e20a20 rank 11 nranks 16 cudaDev 0 nvmlDev 0 busId 1d000 commId 0x53441e0421cde75 - Init START
lrdn1139:2620503:2620619 [0] NCCL INFO Using network IB
lrdn1093:1492163:1492273 [0] NCCL INFO ncclCommInitRankConfig comm 0x12ec7e30 rank 9 nranks 16 cudaDev 0 nvmlDev 0 busId 1d000 commId 0x53441e0421cde75 - Init START
lrdn0836:1477025:1477137 [0] NCCL INFO Using network IB
lrdn0805:1354481:1354594 [0] NCCL INFO Using network IB
lrdn0805:1354481:1354594 [0] NCCL INFO ncclCommInitRankConfig comm 0x2e08df50 rank 4 nranks 16 cudaDev 0 nvmlDev 0 busId 1d000 commId 0x53441e0421cde75 - Init START
lrdn1218:1776591:1776707 [0] NCCL INFO Using network IB
lrdn1218:1776591:1776707 [0] NCCL INFO ncclCommInitRankConfig comm 0xe1bea70 rank 14 nranks 16 cudaDev 0 nvmlDev 0 busId 1d000 commId 0x53441e0421cde75 - Init START
lrdn1124:1626469:1626583 [0] NCCL INFO Using network IB
lrdn0824:1054616:1054726 [0] NCCL INFO Using network IB
lrdn0824:1054616:1054726 [0] NCCL INFO ncclCommInitRankConfig comm 0x2a5b29c0 rank 5 nranks 16 cudaDev 0 nvmlDev 0 busId 1d000 commId 0x53441e0421cde75 - Init START
lrdn1139:2620503:2620619 [0] NCCL INFO ncclCommInitRankConfig comm 0x2da8e9c0 rank 12 nranks 16 cudaDev 0 nvmlDev 0 busId 1d000 commId 0x53441e0421cde75 - Init START
lrdn0780:1321542:1321651 [0] NCCL INFO Using network IB
lrdn0780:1321542:1321651 [0] NCCL INFO ncclCommInitRankConfig comm 0x2bb531f0 rank 3 nranks 16 cudaDev 0 nvmlDev 0 busId 1d000 commId 0x53441e0421cde75 - Init START
lrdn0708:3048046:3048162 [0] NCCL INFO Using network IB
lrdn0708:3048046:3048162 [0] NCCL INFO ncclCommInitRankConfig comm 0x2c0c7bc0 rank 0 nranks 16 cudaDev 0 nvmlDev 0 busId 1d000 commId 0x53441e0421cde75 - Init START
lrdn1028:895822:895936 [0] NCCL INFO Using network IB
lrdn1028:895822:895936 [0] NCCL INFO ncclCommInitRankConfig comm 0x2b3f0dd0 rank 8 nranks 16 cudaDev 0 nvmlDev 0 busId 1d000 commId 0x53441e0421cde75 - Init START
lrdn0745:1658235:1658347 [0] NCCL INFO Using network IB
lrdn0745:1658235:1658347 [0] NCCL INFO ncclCommInitRankConfig comm 0xca38350 rank 1 nranks 16 cudaDev 0 nvmlDev 0 busId 1d000 commId 0x53441e0421cde75 - Init START
lrdn1124:1626469:1626583 [0] NCCL INFO ncclCommInitRankConfig comm 0x1187d560 rank 10 nranks 16 cudaDev 0 nvmlDev 0 busId 1d000 commId 0x53441e0421cde75 - Init START
lrdn0836:1477025:1477137 [0] NCCL INFO ncclCommInitRankConfig comm 0x11d9ba70 rank 6 nranks 16 cudaDev 0 nvmlDev 0 busId 1d000 commId 0x53441e0421cde75 - Init START
lrdn1226:1654681:1654790 [0] NCCL INFO Using network IB
lrdn1226:1654681:1654790 [0] NCCL INFO ncclCommInitRankConfig comm 0x113ecdf0 rank 15 nranks 16 cudaDev 0 nvmlDev 0 busId 1d000 commId 0x53441e0421cde75 - Init START
lrdn1028:895822:895936 [0] NCCL INFO Bootstrap timings total 0.002297 (create 0.000022, send 0.000066, recv 0.000803, ring 0.001287, delay 0.000000)
lrdn0853:1717580:1717694 [0] NCCL INFO Bootstrap timings total 0.002462 (create 0.000021, send 0.000060, recv 0.000891, ring 0.001079, delay 0.000000)
lrdn1093:1492163:1492273 [0] NCCL INFO Bootstrap timings total 0.002434 (create 0.000016, send 0.000059, recv 0.001226, ring 0.001000, delay 0.000000)
lrdn0836:1477025:1477137 [0] NCCL INFO Bootstrap timings total 0.002454 (create 0.000013, send 0.000132, recv 0.001025, ring 0.001193, delay 0.000000)
lrdn0824:1054616:1054726 [0] NCCL INFO Bootstrap timings total 0.002510 (create 0.000016, send 0.000126, recv 0.001003, ring 0.001241, delay 0.000000)
lrdn1124:1626469:1626583 [0] NCCL INFO Bootstrap timings total 0.002403 (create 0.000019, send 0.000084, recv 0.001019, ring 0.000923, delay 0.000000)
lrdn0780:1321542:1321651 [0] NCCL INFO Bootstrap timings total 0.002584 (create 0.000018, send 0.000081, recv 0.000232, ring 0.001831, delay 0.000000)
lrdn0757:1521334:1521444 [0] NCCL INFO Bootstrap timings total 0.002708 (create 0.000016, send 0.000242, recv 0.000461, ring 0.001722, delay 0.000000)
lrdn0805:1354481:1354594 [0] NCCL INFO Bootstrap timings total 0.002601 (create 0.000016, send 0.000050, recv 0.000981, ring 0.001453, delay 0.000000)
lrdn1138:684929:685040 [0] NCCL INFO Bootstrap timings total 0.002608 (create 0.000016, send 0.000059, recv 0.000456, ring 0.001075, delay 0.000000)
lrdn0745:1658235:1658347 [0] NCCL INFO Bootstrap timings total 0.002552 (create 0.000021, send 0.000065, recv 0.000571, ring 0.001776, delay 0.000000)
lrdn0708:3048046:3048162 [0] NCCL INFO Bootstrap timings total 0.002827 (create 0.000015, send 0.000052, recv 0.000765, ring 0.001886, delay 0.000000)
lrdn1139:2620503:2620619 [0] NCCL INFO Bootstrap timings total 0.002554 (create 0.000015, send 0.000058, recv 0.000389, ring 0.001857, delay 0.000000)
lrdn1206:1547777:1547887 [0] NCCL INFO Bootstrap timings total 0.002797 (create 0.000021, send 0.000066, recv 0.001144, ring 0.001418, delay 0.000000)
lrdn1226:1654681:1654790 [0] NCCL INFO Bootstrap timings total 0.002596 (create 0.000016, send 0.000050, recv 0.000473, ring 0.001295, delay 0.000000)
lrdn1218:1776591:1776707 [0] NCCL INFO Bootstrap timings total 0.002588 (create 0.000018, send 0.000053, recv 0.001001, ring 0.001422, delay 0.000000)
lrdn0836:1477025:1477137 [0] NCCL INFO Setting affinity for GPU 0 to ffff
lrdn1218:1776591:1776707 [0] NCCL INFO Setting affinity for GPU 0 to ffff
lrdn1206:1547777:1547887 [0] NCCL INFO Setting affinity for GPU 0 to ffff
lrdn0745:1658235:1658347 [0] NCCL INFO Setting affinity for GPU 0 to ffff
lrdn0757:1521334:1521444 [0] NCCL INFO Setting affinity for GPU 0 to ffff
lrdn0853:1717580:1717694 [0] NCCL INFO Setting affinity for GPU 0 to ffff
lrdn1226:1654681:1654790 [0] NCCL INFO Setting affinity for GPU 0 to ffff
lrdn0780:1321542:1321651 [0] NCCL INFO Setting affinity for GPU 0 to ffff
lrdn0824:1054616:1054726 [0] NCCL INFO Setting affinity for GPU 0 to ffff
lrdn0805:1354481:1354594 [0] NCCL INFO Setting affinity for GPU 0 to ffff
lrdn0708:3048046:3048162 [0] NCCL INFO Setting affinity for GPU 0 to ffff
lrdn1138:684929:685040 [0] NCCL INFO Setting affinity for GPU 0 to ffff
lrdn1124:1626469:1626583 [0] NCCL INFO Setting affinity for GPU 0 to ffff
lrdn1093:1492163:1492273 [0] NCCL INFO Setting affinity for GPU 0 to ffff
lrdn1028:895822:895936 [0] NCCL INFO Setting affinity for GPU 0 to ffff
lrdn1139:2620503:2620619 [0] NCCL INFO Setting affinity for GPU 0 to ffff
lrdn0708:3048046:3048162 [0] NCCL INFO comm 0x2c0c7bc0 rank 0 nRanks 16 nNodes 16 localRanks 1 localRank 0 MNNVL 0
lrdn0708:3048046:3048162 [0] NCCL INFO Channel 00/04 :  0  1  2  3  4  5  6  7  8  9 10 11 12 13 14 15
lrdn0708:3048046:3048162 [0] NCCL INFO Channel 01/04 :  0  1  2  3  4  5  6  7  8  9 10 11 12 13 14 15
lrdn0708:3048046:3048162 [0] NCCL INFO Channel 02/04 :  0  1  2  3  4  5  6  7  8  9 10 11 12 13 14 15
lrdn0708:3048046:3048162 [0] NCCL INFO Channel 03/04 :  0  1  2  3  4  5  6  7  8  9 10 11 12 13 14 15
lrdn0708:3048046:3048162 [0] NCCL INFO Trees [0] 8/-1/-1->0->-1 [1] 8/-1/-1->0->-1 [2] -1/-1/-1->0->1 [3] -1/-1/-1->0->1
lrdn0708:3048046:3048162 [0] NCCL INFO P2P Chunksize set to 131072
lrdn0708:3048046:3048162 [0] NCCL INFO Check P2P Type intraNodeP2pSupport 0 directMode 0
lrdn1226:1654681:1654790 [0] NCCL INFO comm 0x113ecdf0 rank 15 nRanks 16 nNodes 16 localRanks 1 localRank 0 MNNVL 0
lrdn1139:2620503:2620619 [0] NCCL INFO comm 0x2da8e9c0 rank 12 nRanks 16 nNodes 16 localRanks 1 localRank 0 MNNVL 0
lrdn1139:2620503:2620619 [0] NCCL INFO Trees [0] 10/14/-1->12->8 [1] 10/14/-1->12->8 [2] -1/-1/-1->12->13 [3] -1/-1/-1->12->13
lrdn1139:2620503:2620619 [0] NCCL INFO P2P Chunksize set to 131072
lrdn0745:1658235:1658347 [0] NCCL INFO comm 0xca38350 rank 1 nRanks 16 nNodes 16 localRanks 1 localRank 0 MNNVL 0
lrdn1206:1547777:1547887 [0] NCCL INFO comm 0xe4612c0 rank 13 nRanks 16 nNodes 16 localRanks 1 localRank 0 MNNVL 0
lrdn1206:1547777:1547887 [0] NCCL INFO Trees [0] -1/-1/-1->13->14 [1] -1/-1/-1->13->14 [2] 14/12/-1->13->11 [3] 14/12/-1->13->11
lrdn1206:1547777:1547887 [0] NCCL INFO P2P Chunksize set to 131072
lrdn1218:1776591:1776707 [0] NCCL INFO comm 0xe1bea70 rank 14 nRanks 16 nNodes 16 localRanks 1 localRank 0 MNNVL 0
lrdn1218:1776591:1776707 [0] NCCL INFO Trees [0] 13/15/-1->14->12 [1] 13/15/-1->14->12 [2] -1/-1/-1->14->13 [3] -1/-1/-1->14->13
lrdn1218:1776591:1776707 [0] NCCL INFO P2P Chunksize set to 131072
lrdn0708:3048046:3048163 [0] NCCL INFO [Proxy Service] Device 0 CPU core 15
lrdn1226:1654681:1654790 [0] NCCL INFO Trees [0] -1/-1/-1->15->14 [1] -1/-1/-1->15->14 [2] 7/-1/-1->15->-1 [3] 7/-1/-1->15->-1
lrdn1226:1654681:1654790 [0] NCCL INFO P2P Chunksize set to 131072
lrdn0745:1658235:1658347 [0] NCCL INFO Trees [0] -1/-1/-1->1->2 [1] -1/-1/-1->1->2 [2] 2/0/-1->1->3 [3] 2/0/-1->1->3
lrdn0745:1658235:1658347 [0] NCCL INFO P2P Chunksize set to 131072
lrdn1093:1492163:1492273 [0] NCCL INFO comm 0x12ec7e30 rank 9 nRanks 16 nNodes 16 localRanks 1 localRank 0 MNNVL 0
lrdn0708:3048046:3048164 [0] NCCL INFO [Proxy Service UDS] Device 0 CPU core 14
lrdn1226:1654681:1654791 [0] NCCL INFO [Proxy Service] Device 0 CPU core 5
lrdn0745:1658235:1658348 [0] NCCL INFO [Proxy Service] Device 0 CPU core 4
lrdn1138:684929:685040 [0] NCCL INFO comm 0x21e20a20 rank 11 nRanks 16 nNodes 16 localRanks 1 localRank 0 MNNVL 0
lrdn1138:684929:685040 [0] NCCL INFO Trees [0] -1/-1/-1->11->10 [1] -1/-1/-1->11->10 [2] 13/9/-1->11->7 [3] 13/9/-1->11->7
lrdn1138:684929:685040 [0] NCCL INFO P2P Chunksize set to 131072
lrdn1138:684929:685041 [0] NCCL INFO [Proxy Service] Device 0 CPU core 3
lrdn1138:684929:685042 [0] NCCL INFO [Proxy Service UDS] Device 0 CPU core 6
lrdn1093:1492163:1492273 [0] NCCL INFO Trees [0] -1/-1/-1->9->10 [1] -1/-1/-1->9->10 [2] 10/8/-1->9->11 [3] 10/8/-1->9->11
lrdn1093:1492163:1492273 [0] NCCL INFO P2P Chunksize set to 131072
lrdn0745:1658235:1658349 [0] NCCL INFO [Proxy Service UDS] Device 0 CPU core 10
lrdn1028:895822:895936 [0] NCCL INFO comm 0x2b3f0dd0 rank 8 nRanks 16 nNodes 16 localRanks 1 localRank 0 MNNVL 0
lrdn1028:895822:895936 [0] NCCL INFO Trees [0] 4/12/-1->8->0 [1] 4/12/-1->8->0 [2] -1/-1/-1->8->9 [3] -1/-1/-1->8->9
lrdn1028:895822:895936 [0] NCCL INFO P2P Chunksize set to 131072
lrdn0853:1717580:1717694 [0] NCCL INFO comm 0x11fbe9a0 rank 7 nRanks 16 nNodes 16 localRanks 1 localRank 0 MNNVL 0
lrdn0853:1717580:1717694 [0] NCCL INFO Trees [0] -1/-1/-1->7->6 [1] -1/-1/-1->7->6 [2] 11/3/-1->7->15 [3] 11/3/-1->7->15
lrdn0853:1717580:1717694 [0] NCCL INFO P2P Chunksize set to 131072
lrdn0780:1321542:1321651 [0] NCCL INFO comm 0x2bb531f0 rank 3 nRanks 16 nNodes 16 localRanks 1 localRank 0 MNNVL 0
lrdn0780:1321542:1321651 [0] NCCL INFO Trees [0] -1/-1/-1->3->2 [1] -1/-1/-1->3->2 [2] 5/1/-1->3->7 [3] 5/1/-1->3->7
lrdn0780:1321542:1321651 [0] NCCL INFO P2P Chunksize set to 131072
lrdn1093:1492163:1492274 [0] NCCL INFO [Proxy Service] Device 0 CPU core 3
lrdn1124:1626469:1626583 [0] NCCL INFO comm 0x1187d560 rank 10 nRanks 16 nNodes 16 localRanks 1 localRank 0 MNNVL 0
lrdn1124:1626469:1626583 [0] NCCL INFO Trees [0] 9/11/-1->10->12 [1] 9/11/-1->10->12 [2] -1/-1/-1->10->9 [3] -1/-1/-1->10->9
lrdn1124:1626469:1626583 [0] NCCL INFO P2P Chunksize set to 131072
lrdn1124:1626469:1626584 [0] NCCL INFO [Proxy Service] Device 0 CPU core 5
lrdn1124:1626469:1626585 [0] NCCL INFO [Proxy Service UDS] Device 0 CPU core 7
lrdn0824:1054616:1054726 [0] NCCL INFO comm 0x2a5b29c0 rank 5 nRanks 16 nNodes 16 localRanks 1 localRank 0 MNNVL 0
lrdn1139:2620503:2620620 [0] NCCL INFO [Proxy Service] Device 0 CPU core 2
lrdn1139:2620503:2620621 [0] NCCL INFO [Proxy Service UDS] Device 0 CPU core 8
lrdn1093:1492163:1492275 [0] NCCL INFO [Proxy Service UDS] Device 0 CPU core 7
lrdn0824:1054616:1054726 [0] NCCL INFO Trees [0] -1/-1/-1->5->6 [1] -1/-1/-1->5->6 [2] 6/4/-1->5->3 [3] 6/4/-1->5->3
lrdn0824:1054616:1054726 [0] NCCL INFO P2P Chunksize set to 131072
lrdn1226:1654681:1654792 [0] NCCL INFO [Proxy Service UDS] Device 0 CPU core 11
lrdn1218:1776591:1776708 [0] NCCL INFO [Proxy Service] Device 0 CPU core 1
lrdn1218:1776591:1776709 [0] NCCL INFO [Proxy Service UDS] Device 0 CPU core 6
lrdn0757:1521334:1521444 [0] NCCL INFO comm 0xd2b9510 rank 2 nRanks 16 nNodes 16 localRanks 1 localRank 0 MNNVL 0
lrdn0757:1521334:1521444 [0] NCCL INFO Trees [0] 1/3/-1->2->4 [1] 1/3/-1->2->4 [2] -1/-1/-1->2->1 [3] -1/-1/-1->2->1
lrdn0757:1521334:1521444 [0] NCCL INFO P2P Chunksize set to 131072
lrdn0853:1717580:1717695 [0] NCCL INFO [Proxy Service] Device 0 CPU core 1
lrdn0853:1717580:1717696 [0] NCCL INFO [Proxy Service UDS] Device 0 CPU core 6
lrdn1206:1547777:1547888 [0] NCCL INFO [Proxy Service] Device 0 CPU core 6
lrdn0757:1521334:1521445 [0] NCCL INFO [Proxy Service] Device 0 CPU core 6
lrdn1206:1547777:1547889 [0] NCCL INFO [Proxy Service UDS] Device 0 CPU core 7
lrdn0836:1477025:1477137 [0] NCCL INFO comm 0x11d9ba70 rank 6 nRanks 16 nNodes 16 localRanks 1 localRank 0 MNNVL 0
lrdn0836:1477025:1477137 [0] NCCL INFO Trees [0] 5/7/-1->6->4 [1] 5/7/-1->6->4 [2] -1/-1/-1->6->5 [3] -1/-1/-1->6->5
lrdn0836:1477025:1477137 [0] NCCL INFO P2P Chunksize set to 131072
lrdn0824:1054616:1054727 [0] NCCL INFO [Proxy Service] Device 0 CPU core 7
lrdn0824:1054616:1054728 [0] NCCL INFO [Proxy Service UDS] Device 0 CPU core 8
lrdn0757:1521334:1521446 [0] NCCL INFO [Proxy Service UDS] Device 0 CPU core 7
lrdn0780:1321542:1321652 [0] NCCL INFO [Proxy Service] Device 0 CPU core 7
lrdn0780:1321542:1321653 [0] NCCL INFO [Proxy Service UDS] Device 0 CPU core 8
lrdn0836:1477025:1477139 [0] NCCL INFO [Proxy Service UDS] Device 0 CPU core 9
lrdn0836:1477025:1477138 [0] NCCL INFO [Proxy Service] Device 0 CPU core 7
lrdn1028:895822:895937 [0] NCCL INFO [Proxy Service] Device 0 CPU core 2
lrdn1028:895822:895938 [0] NCCL INFO [Proxy Service UDS] Device 0 CPU core 6
lrdn0805:1354481:1354594 [0] NCCL INFO comm 0x2e08df50 rank 4 nRanks 16 nNodes 16 localRanks 1 localRank 0 MNNVL 0
lrdn0805:1354481:1354594 [0] NCCL INFO Trees [0] 2/6/-1->4->8 [1] 2/6/-1->4->8 [2] -1/-1/-1->4->5 [3] -1/-1/-1->4->5
lrdn0805:1354481:1354594 [0] NCCL INFO P2P Chunksize set to 131072
lrdn0805:1354481:1354595 [0] NCCL INFO [Proxy Service] Device 0 CPU core 1
lrdn0805:1354481:1354596 [0] NCCL INFO [Proxy Service UDS] Device 0 CPU core 2
lrdn1218:1776591:1776707 [0] NCCL INFO NCCL_PROTO set by environment to SIMPLE
lrdn1218:1776591:1776707 [0] NCCL INFO NCCL_ALGO set by environment to ring
lrdn1218:1776591:1776707 [0] NCCL INFO threadThresholds 8/8/64 | 128/8/64 | 512 | 512
lrdn1218:1776591:1776707 [0] NCCL INFO 4 coll channels, 4 collnet channels, 0 nvls channels, 4 p2p channels, 1 p2p channels per peer
lrdn1206:1547777:1547887 [0] NCCL INFO NCCL_PROTO set by environment to SIMPLE
lrdn1206:1547777:1547887 [0] NCCL INFO NCCL_ALGO set by environment to ring
lrdn1206:1547777:1547887 [0] NCCL INFO threadThresholds 8/8/64 | 128/8/64 | 512 | 512
lrdn1206:1547777:1547887 [0] NCCL INFO 4 coll channels, 4 collnet channels, 0 nvls channels, 4 p2p channels, 1 p2p channels per peer
lrdn1139:2620503:2620619 [0] NCCL INFO NCCL_PROTO set by environment to SIMPLE
lrdn1139:2620503:2620619 [0] NCCL INFO NCCL_ALGO set by environment to ring
lrdn1139:2620503:2620619 [0] NCCL INFO threadThresholds 8/8/64 | 128/8/64 | 512 | 512
lrdn1139:2620503:2620619 [0] NCCL INFO 4 coll channels, 4 collnet channels, 0 nvls channels, 4 p2p channels, 1 p2p channels per peer
lrdn1226:1654681:1654790 [0] NCCL INFO NCCL_PROTO set by environment to SIMPLE
lrdn1226:1654681:1654790 [0] NCCL INFO NCCL_ALGO set by environment to ring
lrdn1226:1654681:1654790 [0] NCCL INFO threadThresholds 8/8/64 | 128/8/64 | 512 | 512
lrdn1226:1654681:1654790 [0] NCCL INFO 4 coll channels, 4 collnet channels, 0 nvls channels, 4 p2p channels, 1 p2p channels per peer
lrdn1138:684929:685040 [0] NCCL INFO NCCL_PROTO set by environment to SIMPLE
lrdn1138:684929:685040 [0] NCCL INFO NCCL_ALGO set by environment to ring
lrdn1138:684929:685040 [0] NCCL INFO threadThresholds 8/8/64 | 128/8/64 | 512 | 512
lrdn1138:684929:685040 [0] NCCL INFO 4 coll channels, 4 collnet channels, 0 nvls channels, 4 p2p channels, 1 p2p channels per peer
lrdn1093:1492163:1492273 [0] NCCL INFO NCCL_PROTO set by environment to SIMPLE
lrdn1093:1492163:1492273 [0] NCCL INFO NCCL_ALGO set by environment to ring
lrdn1093:1492163:1492273 [0] NCCL INFO threadThresholds 8/8/64 | 128/8/64 | 512 | 512
lrdn1093:1492163:1492273 [0] NCCL INFO 4 coll channels, 4 collnet channels, 0 nvls channels, 4 p2p channels, 1 p2p channels per peer
lrdn0824:1054616:1054726 [0] NCCL INFO NCCL_PROTO set by environment to SIMPLE
lrdn0824:1054616:1054726 [0] NCCL INFO NCCL_ALGO set by environment to ring
lrdn0824:1054616:1054726 [0] NCCL INFO threadThresholds 8/8/64 | 128/8/64 | 512 | 512
lrdn0824:1054616:1054726 [0] NCCL INFO 4 coll channels, 4 collnet channels, 0 nvls channels, 4 p2p channels, 1 p2p channels per peer
lrdn0853:1717580:1717694 [0] NCCL INFO NCCL_PROTO set by environment to SIMPLE
lrdn0853:1717580:1717694 [0] NCCL INFO NCCL_ALGO set by environment to ring
lrdn0853:1717580:1717694 [0] NCCL INFO threadThresholds 8/8/64 | 128/8/64 | 512 | 512
lrdn0853:1717580:1717694 [0] NCCL INFO 4 coll channels, 4 collnet channels, 0 nvls channels, 4 p2p channels, 1 p2p channels per peer
lrdn1124:1626469:1626583 [0] NCCL INFO NCCL_PROTO set by environment to SIMPLE
lrdn1124:1626469:1626583 [0] NCCL INFO NCCL_ALGO set by environment to ring
lrdn1124:1626469:1626583 [0] NCCL INFO threadThresholds 8/8/64 | 128/8/64 | 512 | 512
lrdn1124:1626469:1626583 [0] NCCL INFO 4 coll channels, 4 collnet channels, 0 nvls channels, 4 p2p channels, 1 p2p channels per peer
lrdn0708:3048046:3048162 [0] NCCL INFO NCCL_PROTO set by environment to SIMPLE
lrdn0708:3048046:3048162 [0] NCCL INFO NCCL_ALGO set by environment to ring
lrdn0708:3048046:3048162 [0] NCCL INFO Enabled NCCL Func/Proto/Algo Matrix:
     Function |       LL     LL128    Simple   |          Tree           Ring  CollNetDirect   CollNetChain           NVLS       NVLSTree            PAT  
    Broadcast |        0         0         1   |             0              1              0              0              0              0              0  
       Reduce |        0         0         1   |             0              1              0              0              0              0              0  
    AllGather |        0         0         1   |             0              1              0              0              0              0              0  
ReduceScatter |        0         0         1   |             0              1              0              0              0              0              0  
    AllReduce |        0         0         1   |             0              1              0              0              0              0              0  

lrdn0805:1354481:1354594 [0] NCCL INFO NCCL_PROTO set by environment to SIMPLE
lrdn0805:1354481:1354594 [0] NCCL INFO NCCL_ALGO set by environment to ring
lrdn0805:1354481:1354594 [0] NCCL INFO threadThresholds 8/8/64 | 128/8/64 | 512 | 512
lrdn0805:1354481:1354594 [0] NCCL INFO 4 coll channels, 4 collnet channels, 0 nvls channels, 4 p2p channels, 1 p2p channels per peer
lrdn0708:3048046:3048162 [0] NCCL INFO threadThresholds 8/8/64 | 128/8/64 | 512 | 512
lrdn0708:3048046:3048162 [0] NCCL INFO 4 coll channels, 4 collnet channels, 0 nvls channels, 4 p2p channels, 1 p2p channels per peer
lrdn0745:1658235:1658347 [0] NCCL INFO NCCL_PROTO set by environment to SIMPLE
lrdn0745:1658235:1658347 [0] NCCL INFO NCCL_ALGO set by environment to ring
lrdn0745:1658235:1658347 [0] NCCL INFO threadThresholds 8/8/64 | 128/8/64 | 512 | 512
lrdn0745:1658235:1658347 [0] NCCL INFO 4 coll channels, 4 collnet channels, 0 nvls channels, 4 p2p channels, 1 p2p channels per peer
lrdn0780:1321542:1321651 [0] NCCL INFO NCCL_PROTO set by environment to SIMPLE
lrdn0780:1321542:1321651 [0] NCCL INFO NCCL_ALGO set by environment to ring
lrdn0780:1321542:1321651 [0] NCCL INFO threadThresholds 8/8/64 | 128/8/64 | 512 | 512
lrdn0780:1321542:1321651 [0] NCCL INFO 4 coll channels, 4 collnet channels, 0 nvls channels, 4 p2p channels, 1 p2p channels per peer
lrdn0757:1521334:1521444 [0] NCCL INFO NCCL_PROTO set by environment to SIMPLE
lrdn0757:1521334:1521444 [0] NCCL INFO NCCL_ALGO set by environment to ring
lrdn0757:1521334:1521444 [0] NCCL INFO threadThresholds 8/8/64 | 128/8/64 | 512 | 512
lrdn0757:1521334:1521444 [0] NCCL INFO 4 coll channels, 4 collnet channels, 0 nvls channels, 4 p2p channels, 1 p2p channels per peer
lrdn0836:1477025:1477137 [0] NCCL INFO NCCL_PROTO set by environment to SIMPLE
lrdn0836:1477025:1477137 [0] NCCL INFO NCCL_ALGO set by environment to ring
lrdn0836:1477025:1477137 [0] NCCL INFO threadThresholds 8/8/64 | 128/8/64 | 512 | 512
lrdn0836:1477025:1477137 [0] NCCL INFO 4 coll channels, 4 collnet channels, 0 nvls channels, 4 p2p channels, 1 p2p channels per peer
lrdn1028:895822:895936 [0] NCCL INFO NCCL_PROTO set by environment to SIMPLE
lrdn1028:895822:895936 [0] NCCL INFO NCCL_ALGO set by environment to ring
lrdn1028:895822:895936 [0] NCCL INFO threadThresholds 8/8/64 | 128/8/64 | 512 | 512
lrdn1028:895822:895936 [0] NCCL INFO 4 coll channels, 4 collnet channels, 0 nvls channels, 4 p2p channels, 1 p2p channels per peer
lrdn0708:3048046:3048162 [0] NCCL INFO CC Off, workFifoBytes 1048576
lrdn1218:1776591:1776707 [0] NCCL INFO ncclCommInitRankConfig comm 0xe1bea70 rank 14 nranks 16 cudaDev 0 nvmlDev 0 busId 1d000 commId 0x53441e0421cde75 - Init COMPLETE
lrdn1218:1776591:1776707 [0] NCCL INFO Init timings - ncclCommInitRankConfig: rank 14 nranks 16 total 0.05 (kernels 0.00, alloc 0.00, bootstrap 0.00, allgathers 0.00, topo 0.02, graphs 0.02, connections 0.00, rest 0.00)
lrdn1206:1547777:1547887 [0] NCCL INFO ncclCommInitRankConfig comm 0xe4612c0 rank 13 nranks 16 cudaDev 0 nvmlDev 0 busId 1d000 commId 0x53441e0421cde75 - Init COMPLETE
lrdn1206:1547777:1547887 [0] NCCL INFO Init timings - ncclCommInitRankConfig: rank 13 nranks 16 total 0.05 (kernels 0.00, alloc 0.00, bootstrap 0.00, allgathers 0.00, topo 0.02, graphs 0.02, connections 0.00, rest 0.00)
lrdn1139:2620503:2620619 [0] NCCL INFO ncclCommInitRankConfig comm 0x2da8e9c0 rank 12 nranks 16 cudaDev 0 nvmlDev 0 busId 1d000 commId 0x53441e0421cde75 - Init COMPLETE
lrdn1139:2620503:2620619 [0] NCCL INFO Init timings - ncclCommInitRankConfig: rank 12 nranks 16 total 0.05 (kernels 0.00, alloc 0.00, bootstrap 0.00, allgathers 0.00, topo 0.02, graphs 0.02, connections 0.00, rest 0.00)
lrdn1138:684929:685040 [0] NCCL INFO ncclCommInitRankConfig comm 0x21e20a20 rank 11 nranks 16 cudaDev 0 nvmlDev 0 busId 1d000 commId 0x53441e0421cde75 - Init COMPLETE
lrdn1138:684929:685040 [0] NCCL INFO Init timings - ncclCommInitRankConfig: rank 11 nranks 16 total 0.05 (kernels 0.00, alloc 0.00, bootstrap 0.00, allgathers 0.00, topo 0.02, graphs 0.02, connections 0.00, rest 0.00)
lrdn1093:1492163:1492273 [0] NCCL INFO ncclCommInitRankConfig comm 0x12ec7e30 rank 9 nranks 16 cudaDev 0 nvmlDev 0 busId 1d000 commId 0x53441e0421cde75 - Init COMPLETE
lrdn1093:1492163:1492273 [0] NCCL INFO Init timings - ncclCommInitRankConfig: rank 9 nranks 16 total 0.05 (kernels 0.00, alloc 0.00, bootstrap 0.00, allgathers 0.00, topo 0.02, graphs 0.02, connections 0.00, rest 0.00)
lrdn1124:1626469:1626583 [0] NCCL INFO ncclCommInitRankConfig comm 0x1187d560 rank 10 nranks 16 cudaDev 0 nvmlDev 0 busId 1d000 commId 0x53441e0421cde75 - Init COMPLETE
lrdn1124:1626469:1626583 [0] NCCL INFO Init timings - ncclCommInitRankConfig: rank 10 nranks 16 total 0.05 (kernels 0.00, alloc 0.00, bootstrap 0.00, allgathers 0.00, topo 0.02, graphs 0.02, connections 0.00, rest 0.00)
lrdn1226:1654681:1654790 [0] NCCL INFO ncclCommInitRankConfig comm 0x113ecdf0 rank 15 nranks 16 cudaDev 0 nvmlDev 0 busId 1d000 commId 0x53441e0421cde75 - Init COMPLETE
lrdn1226:1654681:1654790 [0] NCCL INFO Init timings - ncclCommInitRankConfig: rank 15 nranks 16 total 0.05 (kernels 0.00, alloc 0.00, bootstrap 0.00, allgathers 0.00, topo 0.02, graphs 0.02, connections 0.00, rest 0.00)
lrdn0824:1054616:1054726 [0] NCCL INFO ncclCommInitRankConfig comm 0x2a5b29c0 rank 5 nranks 16 cudaDev 0 nvmlDev 0 busId 1d000 commId 0x53441e0421cde75 - Init COMPLETE
lrdn0824:1054616:1054726 [0] NCCL INFO Init timings - ncclCommInitRankConfig: rank 5 nranks 16 total 0.05 (kernels 0.00, alloc 0.00, bootstrap 0.00, allgathers 0.00, topo 0.02, graphs 0.02, connections 0.00, rest 0.00)
lrdn0853:1717580:1717694 [0] NCCL INFO ncclCommInitRankConfig comm 0x11fbe9a0 rank 7 nranks 16 cudaDev 0 nvmlDev 0 busId 1d000 commId 0x53441e0421cde75 - Init COMPLETE
lrdn0853:1717580:1717694 [0] NCCL INFO Init timings - ncclCommInitRankConfig: rank 7 nranks 16 total 0.05 (kernels 0.00, alloc 0.00, bootstrap 0.00, allgathers 0.00, topo 0.02, graphs 0.02, connections 0.00, rest 0.00)
lrdn0708:3048046:3048162 [0] NCCL INFO ncclCommInitRankConfig comm 0x2c0c7bc0 rank 0 nranks 16 cudaDev 0 nvmlDev 0 busId 1d000 commId 0x53441e0421cde75 - Init COMPLETE
lrdn0708:3048046:3048162 [0] NCCL INFO Init timings - ncclCommInitRankConfig: rank 0 nranks 16 total 0.05 (kernels 0.00, alloc 0.00, bootstrap 0.00, allgathers 0.00, topo 0.02, graphs 0.02, connections 0.00, rest 0.00)
lrdn0745:1658235:1658347 [0] NCCL INFO ncclCommInitRankConfig comm 0xca38350 rank 1 nranks 16 cudaDev 0 nvmlDev 0 busId 1d000 commId 0x53441e0421cde75 - Init COMPLETE
lrdn0745:1658235:1658347 [0] NCCL INFO Init timings - ncclCommInitRankConfig: rank 1 nranks 16 total 0.05 (kernels 0.00, alloc 0.00, bootstrap 0.00, allgathers 0.00, topo 0.02, graphs 0.02, connections 0.00, rest 0.00)
lrdn0805:1354481:1354594 [0] NCCL INFO ncclCommInitRankConfig comm 0x2e08df50 rank 4 nranks 16 cudaDev 0 nvmlDev 0 busId 1d000 commId 0x53441e0421cde75 - Init COMPLETE
lrdn0805:1354481:1354594 [0] NCCL INFO Init timings - ncclCommInitRankConfig: rank 4 nranks 16 total 0.05 (kernels 0.00, alloc 0.00, bootstrap 0.00, allgathers 0.00, topo 0.02, graphs 0.02, connections 0.00, rest 0.00)
lrdn0757:1521334:1521444 [0] NCCL INFO ncclCommInitRankConfig comm 0xd2b9510 rank 2 nranks 16 cudaDev 0 nvmlDev 0 busId 1d000 commId 0x53441e0421cde75 - Init COMPLETE
lrdn0757:1521334:1521444 [0] NCCL INFO Init timings - ncclCommInitRankConfig: rank 2 nranks 16 total 0.05 (kernels 0.00, alloc 0.00, bootstrap 0.00, allgathers 0.00, topo 0.02, graphs 0.02, connections 0.01, rest 0.00)
lrdn0780:1321542:1321651 [0] NCCL INFO ncclCommInitRankConfig comm 0x2bb531f0 rank 3 nranks 16 cudaDev 0 nvmlDev 0 busId 1d000 commId 0x53441e0421cde75 - Init COMPLETE
lrdn0780:1321542:1321651 [0] NCCL INFO Init timings - ncclCommInitRankConfig: rank 3 nranks 16 total 0.05 (kernels 0.00, alloc 0.00, bootstrap 0.00, allgathers 0.00, topo 0.02, graphs 0.02, connections 0.00, rest 0.00)
lrdn0836:1477025:1477137 [0] NCCL INFO ncclCommInitRankConfig comm 0x11d9ba70 rank 6 nranks 16 cudaDev 0 nvmlDev 0 busId 1d000 commId 0x53441e0421cde75 - Init COMPLETE
lrdn0836:1477025:1477137 [0] NCCL INFO Init timings - ncclCommInitRankConfig: rank 6 nranks 16 total 0.05 (kernels 0.00, alloc 0.00, bootstrap 0.00, allgathers 0.00, topo 0.02, graphs 0.02, connections 0.00, rest 0.00)
lrdn1028:895822:895936 [0] NCCL INFO ncclCommInitRankConfig comm 0x2b3f0dd0 rank 8 nranks 16 cudaDev 0 nvmlDev 0 busId 1d000 commId 0x53441e0421cde75 - Init COMPLETE
lrdn1028:895822:895936 [0] NCCL INFO Init timings - ncclCommInitRankConfig: rank 8 nranks 16 total 0.05 (kernels 0.00, alloc 0.00, bootstrap 0.00, allgathers 0.00, topo 0.02, graphs 0.02, connections 0.01, rest 0.00)
lrdn1218:1776591:1776711 [0] NCCL INFO [Proxy Progress] Device 0 CPU core 9
lrdn1218:1776591:1776710 [0] NCCL INFO Channel 00/0 : 13[0] -> 14[0] [receive] via NET/IB/5
lrdn1218:1776591:1776710 [0] NCCL INFO Channel 01/0 : 13[0] -> 14[0] [receive] via NET/IB/6
lrdn1218:1776591:1776710 [0] NCCL INFO Channel 02/0 : 13[0] -> 14[0] [receive] via NET/IB/5
lrdn1218:1776591:1776710 [0] NCCL INFO Channel 03/0 : 13[0] -> 14[0] [receive] via NET/IB/6
lrdn1218:1776591:1776710 [0] NCCL INFO Channel 00/0 : 14[0] -> 15[0] [send] via NET/IB/5
lrdn1218:1776591:1776710 [0] NCCL INFO Channel 01/0 : 14[0] -> 15[0] [send] via NET/IB/6
lrdn1218:1776591:1776710 [0] NCCL INFO Channel 02/0 : 14[0] -> 15[0] [send] via NET/IB/5
lrdn1218:1776591:1776710 [0] NCCL INFO Channel 03/0 : 14[0] -> 15[0] [send] via NET/IB/6
lrdn1139:2620503:2620623 [0] NCCL INFO [Proxy Progress] Device 0 CPU core 9
lrdn1139:2620503:2620622 [0] NCCL INFO Channel 00/0 : 11[0] -> 12[0] [receive] via NET/IB/5
lrdn1139:2620503:2620622 [0] NCCL INFO Channel 01/0 : 11[0] -> 12[0] [receive] via NET/IB/6
lrdn1139:2620503:2620622 [0] NCCL INFO Channel 02/0 : 11[0] -> 12[0] [receive] via NET/IB/5
lrdn1139:2620503:2620622 [0] NCCL INFO Channel 03/0 : 11[0] -> 12[0] [receive] via NET/IB/6
lrdn1139:2620503:2620622 [0] NCCL INFO Channel 00/0 : 12[0] -> 13[0] [send] via NET/IB/5
lrdn1139:2620503:2620622 [0] NCCL INFO Channel 01/0 : 12[0] -> 13[0] [send] via NET/IB/6
lrdn1139:2620503:2620622 [0] NCCL INFO Channel 02/0 : 12[0] -> 13[0] [send] via NET/IB/5
lrdn1139:2620503:2620622 [0] NCCL INFO Channel 03/0 : 12[0] -> 13[0] [send] via NET/IB/6
lrdn1226:1654681:1654794 [0] NCCL INFO [Proxy Progress] Device 0 CPU core 14
lrdn1226:1654681:1654793 [0] NCCL INFO Channel 00/0 : 14[0] -> 15[0] [receive] via NET/IB/5
lrdn1226:1654681:1654793 [0] NCCL INFO Channel 01/0 : 14[0] -> 15[0] [receive] via NET/IB/6
lrdn1226:1654681:1654793 [0] NCCL INFO Channel 02/0 : 14[0] -> 15[0] [receive] via NET/IB/5
lrdn1226:1654681:1654793 [0] NCCL INFO Channel 03/0 : 14[0] -> 15[0] [receive] via NET/IB/6
lrdn1206:1547777:1547890 [0] NCCL INFO Channel 00/0 : 12[0] -> 13[0] [receive] via NET/IB/5
lrdn1093:1492163:1492276 [0] NCCL INFO Channel 00/0 : 8[0] -> 9[0] [receive] via NET/IB/5
lrdn1093:1492163:1492276 [0] NCCL INFO Channel 01/0 : 8[0] -> 9[0] [receive] via NET/IB/6
lrdn1093:1492163:1492277 [0] NCCL INFO [Proxy Progress] Device 0 CPU core 8
lrdn1093:1492163:1492276 [0] NCCL INFO Channel 02/0 : 8[0] -> 9[0] [receive] via NET/IB/5
lrdn1093:1492163:1492276 [0] NCCL INFO Channel 03/0 : 8[0] -> 9[0] [receive] via NET/IB/6
lrdn1138:684929:685044 [0] NCCL INFO [Proxy Progress] Device 0 CPU core 7
lrdn1138:684929:685043 [0] NCCL INFO Channel 00/0 : 10[0] -> 11[0] [receive] via NET/IB/5
lrdn1226:1654681:1654793 [0] NCCL INFO Channel 00/0 : 15[0] -> 0[0] [send] via NET/IB/5
lrdn1206:1547777:1547890 [0] NCCL INFO Channel 01/0 : 12[0] -> 13[0] [receive] via NET/IB/6
lrdn1226:1654681:1654793 [0] NCCL INFO Channel 01/0 : 15[0] -> 0[0] [send] via NET/IB/6
lrdn1226:1654681:1654793 [0] NCCL INFO Channel 02/0 : 15[0] -> 0[0] [send] via NET/IB/5
lrdn1206:1547777:1547891 [0] NCCL INFO [Proxy Progress] Device 0 CPU core 8
lrdn1206:1547777:1547890 [0] NCCL INFO Channel 02/0 : 12[0] -> 13[0] [receive] via NET/IB/5
lrdn1093:1492163:1492276 [0] NCCL INFO Channel 00/0 : 9[0] -> 10[0] [send] via NET/IB/5
lrdn1093:1492163:1492276 [0] NCCL INFO Channel 01/0 : 9[0] -> 10[0] [send] via NET/IB/6
lrdn1093:1492163:1492276 [0] NCCL INFO Channel 02/0 : 9[0] -> 10[0] [send] via NET/IB/5
lrdn0824:1054616:1054730 [0] NCCL INFO [Proxy Progress] Device 0 CPU core 9
lrdn0824:1054616:1054729 [0] NCCL INFO Channel 00/0 : 4[0] -> 5[0] [receive] via NET/IB/5
lrdn1206:1547777:1547890 [0] NCCL INFO Channel 03/0 : 12[0] -> 13[0] [receive] via NET/IB/6
lrdn1093:1492163:1492276 [0] NCCL INFO Channel 03/0 : 9[0] -> 10[0] [send] via NET/IB/6
lrdn1226:1654681:1654793 [0] NCCL INFO Channel 03/0 : 15[0] -> 0[0] [send] via NET/IB/6
lrdn0824:1054616:1054729 [0] NCCL INFO Channel 01/0 : 4[0] -> 5[0] [receive] via NET/IB/6
lrdn1206:1547777:1547890 [0] NCCL INFO Channel 00/0 : 13[0] -> 14[0] [send] via NET/IB/5
lrdn1206:1547777:1547890 [0] NCCL INFO Channel 01/0 : 13[0] -> 14[0] [send] via NET/IB/6
lrdn0824:1054616:1054729 [0] NCCL INFO Channel 02/0 : 4[0] -> 5[0] [receive] via NET/IB/5
lrdn1206:1547777:1547890 [0] NCCL INFO Channel 02/0 : 13[0] -> 14[0] [send] via NET/IB/5
lrdn1206:1547777:1547890 [0] NCCL INFO Channel 03/0 : 13[0] -> 14[0] [send] via NET/IB/6
lrdn0824:1054616:1054729 [0] NCCL INFO Channel 03/0 : 4[0] -> 5[0] [receive] via NET/IB/6
lrdn0824:1054616:1054729 [0] NCCL INFO Channel 00/0 : 5[0] -> 6[0] [send] via NET/IB/5
lrdn0824:1054616:1054729 [0] NCCL INFO Channel 01/0 : 5[0] -> 6[0] [send] via NET/IB/6
lrdn0824:1054616:1054729 [0] NCCL INFO Channel 02/0 : 5[0] -> 6[0] [send] via NET/IB/5
lrdn1138:684929:685043 [0] NCCL INFO Channel 01/0 : 10[0] -> 11[0] [receive] via NET/IB/6
lrdn1138:684929:685043 [0] NCCL INFO Channel 02/0 : 10[0] -> 11[0] [receive] via NET/IB/5
lrdn1138:684929:685043 [0] NCCL INFO Channel 03/0 : 10[0] -> 11[0] [receive] via NET/IB/6
lrdn1138:684929:685043 [0] NCCL INFO Channel 00/0 : 11[0] -> 12[0] [send] via NET/IB/5
lrdn0824:1054616:1054729 [0] NCCL INFO Channel 03/0 : 5[0] -> 6[0] [send] via NET/IB/6
lrdn1124:1626469:1626586 [0] NCCL INFO Channel 00/0 : 9[0] -> 10[0] [receive] via NET/IB/5
lrdn1124:1626469:1626586 [0] NCCL INFO Channel 01/0 : 9[0] -> 10[0] [receive] via NET/IB/6
lrdn0745:1658235:1658351 [0] NCCL INFO [Proxy Progress] Device 0 CPU core 13
lrdn0745:1658235:1658350 [0] NCCL INFO Channel 00/0 : 0[0] -> 1[0] [receive] via NET/IB/5
lrdn0745:1658235:1658350 [0] NCCL INFO Channel 01/0 : 0[0] -> 1[0] [receive] via NET/IB/6
lrdn0745:1658235:1658350 [0] NCCL INFO Channel 02/0 : 0[0] -> 1[0] [receive] via NET/IB/5
lrdn0745:1658235:1658350 [0] NCCL INFO Channel 03/0 : 0[0] -> 1[0] [receive] via NET/IB/6
lrdn0745:1658235:1658350 [0] NCCL INFO Channel 00/0 : 1[0] -> 2[0] [send] via NET/IB/5
lrdn0745:1658235:1658350 [0] NCCL INFO Channel 01/0 : 1[0] -> 2[0] [send] via NET/IB/6
lrdn1138:684929:685043 [0] NCCL INFO Channel 01/0 : 11[0] -> 12[0] [send] via NET/IB/6
lrdn1138:684929:685043 [0] NCCL INFO Channel 02/0 : 11[0] -> 12[0] [send] via NET/IB/5
lrdn1124:1626469:1626587 [0] NCCL INFO [Proxy Progress] Device 0 CPU core 8
lrdn1124:1626469:1626586 [0] NCCL INFO Channel 02/0 : 9[0] -> 10[0] [receive] via NET/IB/5
lrdn0708:3048046:3048166 [0] NCCL INFO [Proxy Progress] Device 0 CPU core 2
lrdn0745:1658235:1658350 [0] NCCL INFO Channel 02/0 : 1[0] -> 2[0] [send] via NET/IB/5
lrdn0745:1658235:1658350 [0] NCCL INFO Channel 03/0 : 1[0] -> 2[0] [send] via NET/IB/6
lrdn1138:684929:685043 [0] NCCL INFO Channel 03/0 : 11[0] -> 12[0] [send] via NET/IB/6
lrdn0836:1477025:1477141 [0] NCCL INFO [Proxy Progress] Device 0 CPU core 10
lrdn0836:1477025:1477140 [0] NCCL INFO Channel 00/0 : 5[0] -> 6[0] [receive] via NET/IB/5
lrdn0836:1477025:1477140 [0] NCCL INFO Channel 01/0 : 5[0] -> 6[0] [receive] via NET/IB/6
lrdn0836:1477025:1477140 [0] NCCL INFO Channel 02/0 : 5[0] -> 6[0] [receive] via NET/IB/5
lrdn1124:1626469:1626586 [0] NCCL INFO Channel 03/0 : 9[0] -> 10[0] [receive] via NET/IB/6
lrdn0708:3048046:3048165 [0] NCCL INFO Channel 00/0 : 15[0] -> 0[0] [receive] via NET/IB/5
lrdn0708:3048046:3048165 [0] NCCL INFO Channel 01/0 : 15[0] -> 0[0] [receive] via NET/IB/6
lrdn0836:1477025:1477140 [0] NCCL INFO Channel 03/0 : 5[0] -> 6[0] [receive] via NET/IB/6
lrdn0836:1477025:1477140 [0] NCCL INFO Channel 00/0 : 6[0] -> 7[0] [send] via NET/IB/5
lrdn1124:1626469:1626586 [0] NCCL INFO Channel 00/0 : 10[0] -> 11[0] [send] via NET/IB/5
lrdn0853:1717580:1717697 [0] NCCL INFO Channel 00/0 : 6[0] -> 7[0] [receive] via NET/IB/5
lrdn0853:1717580:1717698 [0] NCCL INFO [Proxy Progress] Device 0 CPU core 8
lrdn0853:1717580:1717697 [0] NCCL INFO Channel 01/0 : 6[0] -> 7[0] [receive] via NET/IB/6
lrdn0708:3048046:3048165 [0] NCCL INFO Channel 02/0 : 15[0] -> 0[0] [receive] via NET/IB/5
lrdn0836:1477025:1477140 [0] NCCL INFO Channel 01/0 : 6[0] -> 7[0] [send] via NET/IB/6
lrdn1124:1626469:1626586 [0] NCCL INFO Channel 01/0 : 10[0] -> 11[0] [send] via NET/IB/6
lrdn0836:1477025:1477140 [0] NCCL INFO Channel 02/0 : 6[0] -> 7[0] [send] via NET/IB/5
lrdn0836:1477025:1477140 [0] NCCL INFO Channel 03/0 : 6[0] -> 7[0] [send] via NET/IB/6
lrdn1124:1626469:1626586 [0] NCCL INFO Channel 02/0 : 10[0] -> 11[0] [send] via NET/IB/5
lrdn1124:1626469:1626586 [0] NCCL INFO Channel 03/0 : 10[0] -> 11[0] [send] via NET/IB/6
lrdn0780:1321542:1321655 [0] NCCL INFO [Proxy Progress] Device 0 CPU core 9
lrdn0805:1354481:1354597 [0] NCCL INFO Channel 00/0 : 3[0] -> 4[0] [receive] via NET/IB/5
lrdn0805:1354481:1354597 [0] NCCL INFO Channel 01/0 : 3[0] -> 4[0] [receive] via NET/IB/6
lrdn0805:1354481:1354598 [0] NCCL INFO [Proxy Progress] Device 0 CPU core 8
lrdn0805:1354481:1354597 [0] NCCL INFO Channel 02/0 : 3[0] -> 4[0] [receive] via NET/IB/5
lrdn0805:1354481:1354597 [0] NCCL INFO Channel 03/0 : 3[0] -> 4[0] [receive] via NET/IB/6
lrdn0805:1354481:1354597 [0] NCCL INFO Channel 00/0 : 4[0] -> 5[0] [send] via NET/IB/5
lrdn0780:1321542:1321654 [0] NCCL INFO Channel 00/0 : 2[0] -> 3[0] [receive] via NET/IB/5
lrdn0805:1354481:1354597 [0] NCCL INFO Channel 01/0 : 4[0] -> 5[0] [send] via NET/IB/6
lrdn0805:1354481:1354597 [0] NCCL INFO Channel 02/0 : 4[0] -> 5[0] [send] via NET/IB/5
lrdn0780:1321542:1321654 [0] NCCL INFO Channel 01/0 : 2[0] -> 3[0] [receive] via NET/IB/6
lrdn0805:1354481:1354597 [0] NCCL INFO Channel 03/0 : 4[0] -> 5[0] [send] via NET/IB/6
lrdn0780:1321542:1321654 [0] NCCL INFO Channel 02/0 : 2[0] -> 3[0] [receive] via NET/IB/5
lrdn0780:1321542:1321654 [0] NCCL INFO Channel 03/0 : 2[0] -> 3[0] [receive] via NET/IB/6
lrdn0853:1717580:1717697 [0] NCCL INFO Channel 02/0 : 6[0] -> 7[0] [receive] via NET/IB/5
lrdn0853:1717580:1717697 [0] NCCL INFO Channel 03/0 : 6[0] -> 7[0] [receive] via NET/IB/6
lrdn0853:1717580:1717697 [0] NCCL INFO Channel 00/0 : 7[0] -> 8[0] [send] via NET/IB/5
lrdn0853:1717580:1717697 [0] NCCL INFO Channel 01/0 : 7[0] -> 8[0] [send] via NET/IB/6
lrdn0757:1521334:1521447 [0] NCCL INFO Channel 00/0 : 1[0] -> 2[0] [receive] via NET/IB/5
lrdn0757:1521334:1521448 [0] NCCL INFO [Proxy Progress] Device 0 CPU core 9
lrdn0780:1321542:1321654 [0] NCCL INFO Channel 00/0 : 3[0] -> 4[0] [send] via NET/IB/5
lrdn0780:1321542:1321654 [0] NCCL INFO Channel 01/0 : 3[0] -> 4[0] [send] via NET/IB/6
lrdn0853:1717580:1717697 [0] NCCL INFO Channel 02/0 : 7[0] -> 8[0] [send] via NET/IB/5
lrdn0853:1717580:1717697 [0] NCCL INFO Channel 03/0 : 7[0] -> 8[0] [send] via NET/IB/6
lrdn1028:895822:895940 [0] NCCL INFO [Proxy Progress] Device 0 CPU core 7
lrdn0780:1321542:1321654 [0] NCCL INFO Channel 02/0 : 3[0] -> 4[0] [send] via NET/IB/5
lrdn0780:1321542:1321654 [0] NCCL INFO Channel 03/0 : 3[0] -> 4[0] [send] via NET/IB/6
lrdn0757:1521334:1521447 [0] NCCL INFO Channel 01/0 : 1[0] -> 2[0] [receive] via NET/IB/6
lrdn0757:1521334:1521447 [0] NCCL INFO Channel 02/0 : 1[0] -> 2[0] [receive] via NET/IB/5
lrdn0757:1521334:1521447 [0] NCCL INFO Channel 03/0 : 1[0] -> 2[0] [receive] via NET/IB/6
lrdn1028:895822:895939 [0] NCCL INFO Channel 00/0 : 7[0] -> 8[0] [receive] via NET/IB/5
lrdn1028:895822:895939 [0] NCCL INFO Channel 01/0 : 7[0] -> 8[0] [receive] via NET/IB/6
lrdn0757:1521334:1521447 [0] NCCL INFO Channel 00/0 : 2[0] -> 3[0] [send] via NET/IB/5
lrdn0757:1521334:1521447 [0] NCCL INFO Channel 01/0 : 2[0] -> 3[0] [send] via NET/IB/6
lrdn0757:1521334:1521447 [0] NCCL INFO Channel 02/0 : 2[0] -> 3[0] [send] via NET/IB/5
lrdn1028:895822:895939 [0] NCCL INFO Channel 02/0 : 7[0] -> 8[0] [receive] via NET/IB/5
lrdn0757:1521334:1521447 [0] NCCL INFO Channel 03/0 : 2[0] -> 3[0] [send] via NET/IB/6
lrdn1028:895822:895939 [0] NCCL INFO Channel 03/0 : 7[0] -> 8[0] [receive] via NET/IB/6
lrdn1028:895822:895939 [0] NCCL INFO Channel 00/0 : 8[0] -> 9[0] [send] via NET/IB/5
lrdn1028:895822:895939 [0] NCCL INFO Channel 01/0 : 8[0] -> 9[0] [send] via NET/IB/6
lrdn1028:895822:895939 [0] NCCL INFO Channel 02/0 : 8[0] -> 9[0] [send] via NET/IB/5
lrdn1028:895822:895939 [0] NCCL INFO Channel 03/0 : 8[0] -> 9[0] [send] via NET/IB/6
lrdn0708:3048046:3048165 [0] NCCL INFO Channel 03/0 : 15[0] -> 0[0] [receive] via NET/IB/6
lrdn0708:3048046:3048165 [0] NCCL INFO Channel 00/0 : 0[0] -> 1[0] [send] via NET/IB/5
lrdn0708:3048046:3048165 [0] NCCL INFO Channel 01/0 : 0[0] -> 1[0] [send] via NET/IB/6
lrdn0708:3048046:3048165 [0] NCCL INFO Channel 02/0 : 0[0] -> 1[0] [send] via NET/IB/5
lrdn0708:3048046:3048165 [0] NCCL INFO Channel 03/0 : 0[0] -> 1[0] [send] via NET/IB/6
lrdn1028:895822:895939 [0] NCCL INFO Connected all rings, use ring PXN 0 GDR 0
lrdn1093:1492163:1492276 [0] NCCL INFO Connected all rings, use ring PXN 0 GDR 0
lrdn0853:1717580:1717697 [0] NCCL INFO Connected all rings, use ring PXN 0 GDR 0
lrdn1124:1626469:1626586 [0] NCCL INFO Connected all rings, use ring PXN 0 GDR 0
lrdn1206:1547777:1547890 [0] NCCL INFO Connected all rings, use ring PXN 0 GDR 0
lrdn1218:1776591:1776710 [0] NCCL INFO Connected all rings, use ring PXN 0 GDR 0
lrdn1138:684929:685043 [0] NCCL INFO Connected all rings, use ring PXN 0 GDR 0
lrdn0836:1477025:1477140 [0] NCCL INFO Connected all rings, use ring PXN 0 GDR 0
lrdn0824:1054616:1054729 [0] NCCL INFO Connected all rings, use ring PXN 0 GDR 0
lrdn0757:1521334:1521447 [0] NCCL INFO Connected all rings, use ring PXN 0 GDR 0
lrdn1139:2620503:2620622 [0] NCCL INFO Connected all rings, use ring PXN 0 GDR 0
lrdn0745:1658235:1658350 [0] NCCL INFO Connected all rings, use ring PXN 0 GDR 0
lrdn0780:1321542:1321654 [0] NCCL INFO Connected all rings, use ring PXN 0 GDR 0
lrdn1226:1654681:1654793 [0] NCCL INFO Connected all rings, use ring PXN 0 GDR 0
lrdn0805:1354481:1354597 [0] NCCL INFO Connected all rings, use ring PXN 0 GDR 0
lrdn0708:3048046:3048165 [0] NCCL INFO Connected all rings, use ring PXN 0 GDR 0
lrdn0708:3048046:3048046 [0] NCCL INFO Comm config Blocking set to 1
lrdn1206:1547777:1547777 [0] NCCL INFO Comm config Blocking set to 1
lrdn0757:1521334:1521334 [0] NCCL INFO Comm config Blocking set to 1
lrdn0757:1521334:1521449 [0] NCCL INFO Using network IB
lrdn0708:3048046:3048168 [0] NCCL INFO Using network IB
lrdn1093:1492163:1492163 [0] NCCL INFO Comm config Blocking set to 1
lrdn1028:895822:895822 [0] NCCL INFO Comm config Blocking set to 1
lrdn0757:1521334:1521449 [0] NCCL INFO ncclCommInitRankConfig comm 0xd3350a0 rank 2 nranks 16 cudaDev 0 nvmlDev 0 busId 1d000 commId 0x66c772a5f8c70fb9 - Init START
lrdn0836:1477025:1477025 [0] NCCL INFO Comm config Blocking set to 1
lrdn0745:1658235:1658235 [0] NCCL INFO Comm config Blocking set to 1
lrdn1124:1626469:1626469 [0] NCCL INFO Comm config Blocking set to 1
lrdn0708:3048046:3048168 [0] NCCL INFO ncclCommInitRankConfig comm 0x2c143750 rank 0 nranks 16 cudaDev 0 nvmlDev 0 busId 1d000 commId 0x66c772a5f8c70fb9 - Init START
lrdn0853:1717580:1717580 [0] NCCL INFO Comm config Blocking set to 1
lrdn1218:1776591:1776591 [0] NCCL INFO Comm config Blocking set to 1
lrdn0780:1321542:1321542 [0] NCCL INFO Comm config Blocking set to 1
lrdn1226:1654681:1654681 [0] NCCL INFO Comm config Blocking set to 1
lrdn0824:1054616:1054616 [0] NCCL INFO Comm config Blocking set to 1
lrdn1138:684929:684929 [0] NCCL INFO Comm config Blocking set to 1
lrdn1139:2620503:2620503 [0] NCCL INFO Comm config Blocking set to 1
lrdn1139:2620503:2620624 [0] NCCL INFO Using network IB
lrdn1139:2620503:2620624 [0] NCCL INFO ncclCommInitRankConfig comm 0x2db0a550 rank 12 nranks 16 cudaDev 0 nvmlDev 0 busId 1d000 commId 0x66c772a5f8c70fb9 - Init START
lrdn1206:1547777:1547892 [0] NCCL INFO Using network IB
lrdn1206:1547777:1547892 [0] NCCL INFO ncclCommInitRankConfig comm 0xe4dce50 rank 13 nranks 16 cudaDev 0 nvmlDev 0 busId 1d000 commId 0x66c772a5f8c70fb9 - Init START
lrdn0805:1354481:1354481 [0] NCCL INFO Comm config Blocking set to 1
lrdn1028:895822:895941 [0] NCCL INFO Using network IB
lrdn1028:895822:895941 [0] NCCL INFO ncclCommInitRankConfig comm 0x2b46c960 rank 8 nranks 16 cudaDev 0 nvmlDev 0 busId 1d000 commId 0x66c772a5f8c70fb9 - Init START
lrdn1218:1776591:1776712 [0] NCCL INFO Using network IB
lrdn1218:1776591:1776712 [0] NCCL INFO ncclCommInitRankConfig comm 0xe23a600 rank 14 nranks 16 cudaDev 0 nvmlDev 0 busId 1d000 commId 0x66c772a5f8c70fb9 - Init START
lrdn1138:684929:685045 [0] NCCL INFO Using network IB
lrdn0836:1477025:1477142 [0] NCCL INFO Using network IB
lrdn0836:1477025:1477142 [0] NCCL INFO ncclCommInitRankConfig comm 0x11e17600 rank 6 nranks 16 cudaDev 0 nvmlDev 0 busId 1d000 commId 0x66c772a5f8c70fb9 - Init START
lrdn1093:1492163:1492278 [0] NCCL INFO Using network IB
lrdn0805:1354481:1354599 [0] NCCL INFO Using network IB
lrdn0780:1321542:1321656 [0] NCCL INFO Using network IB
lrdn0780:1321542:1321656 [0] NCCL INFO ncclCommInitRankConfig comm 0x2bbced80 rank 3 nranks 16 cudaDev 0 nvmlDev 0 busId 1d000 commId 0x66c772a5f8c70fb9 - Init START
lrdn0853:1717580:1717699 [0] NCCL INFO Using network IB
lrdn1226:1654681:1654795 [0] NCCL INFO Using network IB
lrdn1226:1654681:1654795 [0] NCCL INFO ncclCommInitRankConfig comm 0x11468980 rank 15 nranks 16 cudaDev 0 nvmlDev 0 busId 1d000 commId 0x66c772a5f8c70fb9 - Init START
lrdn0824:1054616:1054731 [0] NCCL INFO Using network IB
lrdn1138:684929:685045 [0] NCCL INFO ncclCommInitRankConfig comm 0x21e9c5b0 rank 11 nranks 16 cudaDev 0 nvmlDev 0 busId 1d000 commId 0x66c772a5f8c70fb9 - Init START
lrdn0745:1658235:1658352 [0] NCCL INFO Using network IB
lrdn0745:1658235:1658352 [0] NCCL INFO ncclCommInitRankConfig comm 0xcab3ee0 rank 1 nranks 16 cudaDev 0 nvmlDev 0 busId 1d000 commId 0x66c772a5f8c70fb9 - Init START
lrdn1124:1626469:1626588 [0] NCCL INFO Using network IB
lrdn1124:1626469:1626588 [0] NCCL INFO ncclCommInitRankConfig comm 0x118f90f0 rank 10 nranks 16 cudaDev 0 nvmlDev 0 busId 1d000 commId 0x66c772a5f8c70fb9 - Init START
lrdn0853:1717580:1717699 [0] NCCL INFO ncclCommInitRankConfig comm 0x1203a530 rank 7 nranks 16 cudaDev 0 nvmlDev 0 busId 1d000 commId 0x66c772a5f8c70fb9 - Init START
lrdn0824:1054616:1054731 [0] NCCL INFO ncclCommInitRankConfig comm 0x2a62e550 rank 5 nranks 16 cudaDev 0 nvmlDev 0 busId 1d000 commId 0x66c772a5f8c70fb9 - Init START
lrdn0805:1354481:1354599 [0] NCCL INFO ncclCommInitRankConfig comm 0x2e109ae0 rank 4 nranks 16 cudaDev 0 nvmlDev 0 busId 1d000 commId 0x66c772a5f8c70fb9 - Init START
lrdn1093:1492163:1492278 [0] NCCL INFO ncclCommInitRankConfig comm 0x12f439c0 rank 9 nranks 16 cudaDev 0 nvmlDev 0 busId 1d000 commId 0x66c772a5f8c70fb9 - Init START
lrdn0805:1354481:1354599 [0] NCCL INFO Bootstrap timings total 0.001602 (create 0.000018, send 0.000060, recv 0.000436, ring 0.000945, delay 0.000000)
lrdn0824:1054616:1054731 [0] NCCL INFO Bootstrap timings total 0.001649 (create 0.000017, send 0.000060, recv 0.000385, ring 0.000930, delay 0.000000)
lrdn0836:1477025:1477142 [0] NCCL INFO Bootstrap timings total 0.001759 (create 0.000017, send 0.000077, recv 0.000684, ring 0.000846, delay 0.000000)
lrdn0780:1321542:1321656 [0] NCCL INFO Bootstrap timings total 0.001788 (create 0.000014, send 0.000050, recv 0.000547, ring 0.001091, delay 0.000000)
lrdn0757:1521334:1521449 [0] NCCL INFO Bootstrap timings total 0.002034 (create 0.000014, send 0.000057, recv 0.000553, ring 0.001308, delay 0.000000)
lrdn0853:1717580:1717699 [0] NCCL INFO Bootstrap timings total 0.001665 (create 0.000013, send 0.000060, recv 0.000613, ring 0.000861, delay 0.000000)
lrdn0708:3048046:3048168 [0] NCCL INFO Bootstrap timings total 0.002061 (create 0.000012, send 0.000046, recv 0.000348, ring 0.001296, delay 0.000000)
lrdn0745:1658235:1658352 [0] NCCL INFO Bootstrap timings total 0.001843 (create 0.000019, send 0.000053, recv 0.000256, ring 0.001393, delay 0.000000)
lrdn1093:1492163:1492278 [0] NCCL INFO Bootstrap timings total 0.001760 (create 0.000022, send 0.000083, recv 0.000747, ring 0.000648, delay 0.000000)
lrdn1138:684929:685045 [0] NCCL INFO Bootstrap timings total 0.001839 (create 0.000016, send 0.000085, recv 0.000605, ring 0.000912, delay 0.000000)
lrdn1226:1654681:1654795 [0] NCCL INFO Bootstrap timings total 0.001895 (create 0.000017, send 0.000071, recv 0.000366, ring 0.001350, delay 0.000000)
lrdn1139:2620503:2620624 [0] NCCL INFO Bootstrap timings total 0.002048 (create 0.000016, send 0.000074, recv 0.000123, ring 0.000877, delay 0.000000)
lrdn1124:1626469:1626588 [0] NCCL INFO Bootstrap timings total 0.001914 (create 0.000044, send 0.000072, recv 0.000592, ring 0.000765, delay 0.000000)
lrdn1206:1547777:1547892 [0] NCCL INFO Bootstrap timings total 0.002098 (create 0.000018, send 0.000073, recv 0.000290, ring 0.001583, delay 0.000000)
lrdn1218:1776591:1776712 [0] NCCL INFO Bootstrap timings total 0.001955 (create 0.000016, send 0.000085, recv 0.000355, ring 0.001401, delay 0.000000)
lrdn1028:895822:895941 [0] NCCL INFO Bootstrap timings total 0.001856 (create 0.000022, send 0.000055, recv 0.000827, ring 0.000716, delay 0.000000)
lrdn1093:1492163:1492278 [0] NCCL INFO Setting affinity for GPU 0 to ffff
lrdn0853:1717580:1717699 [0] NCCL INFO Setting affinity for GPU 0 to ffff
lrdn0824:1054616:1054731 [0] NCCL INFO Setting affinity for GPU 0 to ffff
lrdn1206:1547777:1547892 [0] NCCL INFO Setting affinity for GPU 0 to ffff
lrdn0745:1658235:1658352 [0] NCCL INFO Setting affinity for GPU 0 to ffff
lrdn0780:1321542:1321656 [0] NCCL INFO Setting affinity for GPU 0 to ffff
lrdn1226:1654681:1654795 [0] NCCL INFO Setting affinity for GPU 0 to ffff
lrdn1028:895822:895941 [0] NCCL INFO Setting affinity for GPU 0 to ffff
lrdn0805:1354481:1354599 [0] NCCL INFO Setting affinity for GPU 0 to ffff
lrdn0836:1477025:1477142 [0] NCCL INFO Setting affinity for GPU 0 to ffff
lrdn1138:684929:685045 [0] NCCL INFO Setting affinity for GPU 0 to ffff
lrdn0757:1521334:1521449 [0] NCCL INFO Setting affinity for GPU 0 to ffff
lrdn1218:1776591:1776712 [0] NCCL INFO Setting affinity for GPU 0 to ffff
lrdn1139:2620503:2620624 [0] NCCL INFO Setting affinity for GPU 0 to ffff
lrdn0708:3048046:3048168 [0] NCCL INFO Setting affinity for GPU 0 to ffff
lrdn1124:1626469:1626588 [0] NCCL INFO Setting affinity for GPU 0 to ffff
lrdn1093:1492163:1492278 [0] NCCL INFO comm 0x12f439c0 rank 9 nRanks 16 nNodes 16 localRanks 1 localRank 0 MNNVL 0
