                    World size=128
                NODE:
                    Node local rank=1
                    Node local size=4
                    Node rank=27
                    Node world size=32
                REPLICA:
                    Replica local rank=None
                    Replica local size=None
                    Replica rank=None
                    Replica world size=None
                FEDERATION:
                    Federated local rank=1
                    Federated local size=(4, 4, 4, 4, 4, 4, 4, 4, 4, 4, 4, 4, 4, 4, 4, 4, 4, 4, 4, 4, 4, 4, 4, 4, 4, 4, 4, 4, 4, 4, 4, 4)
                    Federated rank=27
                    Federated world size=32
                MESHES:
                    FSDP=DeviceMesh('cuda', [108, 109, 110, 111], mesh_dim_names=('shard',))
                    HSDP=None
                    Is sender=True
                    Receives from=None
                    Federated group=[1, 5, 9, 13, 17, 21, 25, 29, 33, 37, 41, 45, 49, 53, 57, 61, 65, 69, 73, 77, 81, 85, 89, 93, 97, 101, 105, 109, 113, 117, 121, 125]
                    Replica group=None
                    Federation=[108, 109, 110, 111]
                DEVICE:
                    Device type=cuda
                    Current device=cuda:1
                    Initialization device=meta
                    Meta initialization=True
                    Streams=(<torch.cuda.Stream device=cuda:1 cuda_stream=0xc61c820>, <torch.cuda.Stream device=cuda:1 cuda_stream=0xc639a60>, <torch.cuda.Stream device=cuda:1 cuda_stream=0xcb80cb0>, <torch.cuda.Stream device=cuda:1 cuda_stream=0xcb80fb0>)
                [0m
[38;5;39m2025-08-06 17:07:21,173 | xffl.distributed.distributed |    DEBUG | [Rank 108]: distributed setup: 

                GLOBAL:
                    Backend=nccl
                    Master address=lrdn0025
                    Master port=29500
                    Rank=108
                    World size=128
                NODE:
                    Node local rank=0
                    Node local size=4
                    Node rank=27
                    Node world size=32
                REPLICA:
                    Replica local rank=None
                    Replica local size=None
                    Replica rank=None
                    Replica world size=None
                FEDERATION:
                    Federated local rank=0
                    Federated local size=(4, 4, 4, 4, 4, 4, 4, 4, 4, 4, 4, 4, 4, 4, 4, 4, 4, 4, 4, 4, 4, 4, 4, 4, 4, 4, 4, 4, 4, 4, 4, 4)
                    Federated rank=27
                    Federated world size=32
                MESHES:
                    FSDP=DeviceMesh('cuda', [108, 109, 110, 111], mesh_dim_names=('shard',))
                    HSDP=None
                    Is sender=True
                    Receives from=None
                    Federated group=[0, 4, 8, 12, 16, 20, 24, 28, 32, 36, 40, 44, 48, 52, 56, 60, 64, 68, 72, 76, 80, 84, 88, 92, 96, 100, 104, 108, 112, 116, 120, 124]
                    Replica group=None
                    Federation=[108, 109, 110, 111]
                DEVICE:
                    Device type=cuda
                    Current device=cuda:0
                    Initialization device=cpu
                    Meta initialization=True
                    Streams=(<torch.cuda.Stream device=cuda:0 cuda_stream=0xcafd940>, <torch.cuda.Stream device=cuda:0 cuda_stream=0xcb1ab80>, <torch.cuda.Stream device=cuda:0 cuda_stream=0xd0626d0>, <torch.cuda.Stream device=cuda:0 cuda_stream=0xd0629d0>)
                [0m
[38;5;39m2025-08-06 17:07:21,173 | xffl.learning.utils |    DEBUG | Preloading: /leonardo_scratch/fast/uToID_bench/xffl/models/llama3.1-70b[0m
[38;5;39m2025-08-06 17:07:21,174 | xffl.distributed.distributed |    DEBUG | [Rank 95]: distributed setup: 

                GLOBAL:
                    Backend=nccl
                    Master address=lrdn0025
                    Master port=29500
                    Rank=95
                    World size=128
                NODE:
                    Node local rank=3
                    Node local size=4
                    Node rank=23
                    Node world size=32
                REPLICA:
                    Replica local rank=None
                    Replica local size=None
                    Replica rank=None
                    Replica world size=None
                FEDERATION:
                    Federated local rank=3
                    Federated local size=(4, 4, 4, 4, 4, 4, 4, 4, 4, 4, 4, 4, 4, 4, 4, 4, 4, 4, 4, 4, 4, 4, 4, 4, 4, 4, 4, 4, 4, 4, 4, 4)
                    Federated rank=23
                    Federated world size=32
                MESHES:
                    FSDP=DeviceMesh('cuda', [92, 93, 94, 95], mesh_dim_names=('shard',))
                    HSDP=None
                    Is sender=True
                    Receives from=None
                    Federated group=[3, 7, 11, 15, 19, 23, 27, 31, 35, 39, 43, 47, 51, 55, 59, 63, 67, 71, 75, 79, 83, 87, 91, 95, 99, 103, 107, 111, 115, 119, 123, 127]
                    Replica group=None
                    Federation=[92, 93, 94, 95]
                DEVICE:
                    Device type=cuda
                    Current device=cuda:3
                    Initialization device=meta
                    Meta initialization=True
                    Streams=(<torch.cuda.Stream device=cuda:3 cuda_stream=0xcdbb5a0>, <torch.cuda.Stream device=cuda:3 cuda_stream=0xcdd87e0>, <torch.cuda.Stream device=cuda:3 cuda_stream=0xd31fba0>, <torch.cuda.Stream device=cuda:3 cuda_stream=0xd31fea0>)
                [0m
[38;5;39m2025-08-06 17:07:21,174 | xffl.distributed.distributed |    DEBUG | [Rank 114]: distributed setup: 

                GLOBAL:
                    Backend=nccl
                    Master address=lrdn0025
                    Master port=29500
                    Rank=114
                    World size=128
                NODE:
                    Node local rank=2
                    Node local size=4
                    Node rank=28
                    Node world size=32
                REPLICA:
                    Replica local rank=None
                    Replica local size=None
                    Replica rank=None
                    Replica world size=None
                FEDERATION:
                    Federated local rank=2
                    Federated local size=(4, 4, 4, 4, 4, 4, 4, 4, 4, 4, 4, 4, 4, 4, 4, 4, 4, 4, 4, 4, 4, 4, 4, 4, 4, 4, 4, 4, 4, 4, 4, 4)
                    Federated rank=28
                    Federated world size=32
                MESHES:
                    FSDP=DeviceMesh('cuda', [112, 113, 114, 115], mesh_dim_names=('shard',))
                    HSDP=None
                    Is sender=True
                    Receives from=None
                    Federated group=[2, 6, 10, 14, 18, 22, 26, 30, 34, 38, 42, 46, 50, 54, 58, 62, 66, 70, 74, 78, 82, 86, 90, 94, 98, 102, 106, 110, 114, 118, 122, 126]
                    Replica group=None
                    Federation=[112, 113, 114, 115]
                DEVICE:
                    Device type=cuda
                    Current device=cuda:2
                    Initialization device=meta
                    Meta initialization=True
                    Streams=(<torch.cuda.Stream device=cuda:2 cuda_stream=0xbcbafb0>, <torch.cuda.Stream device=cuda:2 cuda_stream=0xbcd81f0>, <torch.cuda.Stream device=cuda:2 cuda_stream=0xc21fbb0>, <torch.cuda.Stream device=cuda:2 cuda_stream=0xc21feb0>)
                [0m
[38;5;39m2025-08-06 17:07:21,174 | xffl.distributed.distributed |    DEBUG | [Rank 102]: distributed setup: 

                GLOBAL:
                    Backend=nccl
                    Master address=lrdn0025
                    Master port=29500
                    Rank=102
                    World size=128
                NODE:
                    Node local rank=2
                    Node local size=4
                    Node rank=25
                    Node world size=32
                REPLICA:
                    Replica local rank=None
                    Replica local size=None
                    Replica rank=None
                    Replica world size=None
                FEDERATION:
                    Federated local rank=2
                    Federated local size=(4, 4, 4, 4, 4, 4, 4, 4, 4, 4, 4, 4, 4, 4, 4, 4, 4, 4, 4, 4, 4, 4, 4, 4, 4, 4, 4, 4, 4, 4, 4, 4)
                    Federated rank=25
                    Federated world size=32
                MESHES:
                    FSDP=DeviceMesh('cuda', [100, 101, 102, 103], mesh_dim_names=('shard',))
                    HSDP=None
                    Is sender=True
                    Receives from=None
                    Federated group=[2, 6, 10, 14, 18, 22, 26, 30, 34, 38, 42, 46, 50, 54, 58, 62, 66, 70, 74, 78, 82, 86, 90, 94, 98, 102, 106, 110, 114, 118, 122, 126]
                    Replica group=None
                    Federation=[100, 101, 102, 103]
                DEVICE:
                    Device type=cuda
                    Current device=cuda:2
                    Initialization device=meta
                    Meta initialization=True
                    Streams=(<torch.cuda.Stream device=cuda:2 cuda_stream=0xb4a4100>, <torch.cuda.Stream device=cuda:2 cuda_stream=0xb4c1340>, <torch.cuda.Stream device=cuda:2 cuda_stream=0xba08770>, <torch.cuda.Stream device=cuda:2 cuda_stream=0xba08a70>)
                [0m
[38;5;39m2025-08-06 17:07:21,174 | xffl.distributed.distributed |    DEBUG | [Rank 101]: distributed setup: 

                GLOBAL:
                    Backend=nccl
                    Master address=lrdn0025
                    Master port=29500
                    Rank=101
                    World size=128
                NODE:
                    Node local rank=1
                    Node local size=4
                    Node rank=25
                    Node world size=32
                REPLICA:
                    Replica local rank=None
                    Replica local size=None
                    Replica rank=None
                    Replica world size=None
                FEDERATION:
                    Federated local rank=1
                    Federated local size=(4, 4, 4, 4, 4, 4, 4, 4, 4, 4, 4, 4, 4, 4, 4, 4, 4, 4, 4, 4, 4, 4, 4, 4, 4, 4, 4, 4, 4, 4, 4, 4)
                    Federated rank=25
                    Federated world size=32
                MESHES:
                    FSDP=DeviceMesh('cuda', [100, 101, 102, 103], mesh_dim_names=('shard',))
                    HSDP=None
                    Is sender=True
                    Receives from=None
                    Federated group=[1, 5, 9, 13, 17, 21, 25, 29, 33, 37, 41, 45, 49, 53, 57, 61, 65, 69, 73, 77, 81, 85, 89, 93, 97, 101, 105, 109, 113, 117, 121, 125]
                    Replica group=None
                    Federation=[100, 101, 102, 103]
                DEVICE:
                    Device type=cuda
                    Current device=cuda:1
                    Initialization device=meta
                    Meta initialization=True
                    Streams=(<torch.cuda.Stream device=cuda:1 cuda_stream=0xce22230>, <torch.cuda.Stream device=cuda:1 cuda_stream=0xce3f470>, <torch.cuda.Stream device=cuda:1 cuda_stream=0xd387000>, <torch.cuda.Stream device=cuda:1 cuda_stream=0xd387300>)
                [0m
[38;5;39m2025-08-06 17:07:21,173 | xffl.distributed.distributed |    DEBUG | [Rank 110]: distributed setup: 

                GLOBAL:
                    Backend=nccl
                    Master address=lrdn0025
                    Master port=29500
                    Rank=110
                    World size=128
                NODE:
                    Node local rank=2
                    Node local size=4
                    Node rank=27
                    Node world size=32
                REPLICA:
                    Replica local rank=None
                    Replica local size=None
                    Replica rank=None
                    Replica world size=None
                FEDERATION:
                    Federated local rank=2
                    Federated local size=(4, 4, 4, 4, 4, 4, 4, 4, 4, 4, 4, 4, 4, 4, 4, 4, 4, 4, 4, 4, 4, 4, 4, 4, 4, 4, 4, 4, 4, 4, 4, 4)
                    Federated rank=27
                    Federated world size=32
                MESHES:
                    FSDP=DeviceMesh('cuda', [108, 109, 110, 111], mesh_dim_names=('shard',))
                    HSDP=None
                    Is sender=True
                    Receives from=None
                    Federated group=[2, 6, 10, 14, 18, 22, 26, 30, 34, 38, 42, 46, 50, 54, 58, 62, 66, 70, 74, 78, 82, 86, 90, 94, 98, 102, 106, 110, 114, 118, 122, 126]
                    Replica group=None
                    Federation=[108, 109, 110, 111]
                DEVICE:
                    Device type=cuda
                    Current device=cuda:2
                    Initialization device=meta
                    Meta initialization=True
                    Streams=(<torch.cuda.Stream device=cuda:2 cuda_stream=0xbecf390>, <torch.cuda.Stream device=cuda:2 cuda_stream=0xbeec5d0>, <torch.cuda.Stream device=cuda:2 cuda_stream=0xc433e00>, <torch.cuda.Stream device=cuda:2 cuda_stream=0xc434100>)
                [0m
[38;5;39m2025-08-06 17:07:21,174 | xffl.distributed.distributed |    DEBUG | [Rank 91]: distributed setup: 

                GLOBAL:
                    Backend=nccl
                    Master address=lrdn0025
                    Master port=29500
                    Rank=91
                    World size=128
                NODE:
                    Node local rank=3
                    Node local size=4
                    Node rank=22
                    Node world size=32
                REPLICA:
                    Replica local rank=None
                    Replica local size=None
                    Replica rank=None
                    Replica world size=None
                FEDERATION:
                    Federated local rank=3
                    Federated local size=(4, 4, 4, 4, 4, 4, 4, 4, 4, 4, 4, 4, 4, 4, 4, 4, 4, 4, 4, 4, 4, 4, 4, 4, 4, 4, 4, 4, 4, 4, 4, 4)
                    Federated rank=22
                    Federated world size=32
                MESHES:
                    FSDP=DeviceMesh('cuda', [88, 89, 90, 91], mesh_dim_names=('shard',))
                    HSDP=None
                    Is sender=True
                    Receives from=None
                    Federated group=[3, 7, 11, 15, 19, 23, 27, 31, 35, 39, 43, 47, 51, 55, 59, 63, 67, 71, 75, 79, 83, 87, 91, 95, 99, 103, 107, 111, 115, 119, 123, 127]
                    Replica group=None
                    Federation=[88, 89, 90, 91]
                DEVICE:
                    Device type=cuda
                    Current device=cuda:3
                    Initialization device=meta
                    Meta initialization=True
                    Streams=(<torch.cuda.Stream device=cuda:3 cuda_stream=0xc0b1fc0>, <torch.cuda.Stream device=cuda:3 cuda_stream=0xc0cf200>, <torch.cuda.Stream device=cuda:3 cuda_stream=0xc616d00>, <torch.cuda.Stream device=cuda:3 cuda_stream=0xc617000>)
                [0m
[38;5;39m2025-08-06 17:07:21,174 | xffl.distributed.distributed |    DEBUG | [Rank 111]: distributed setup: 

                GLOBAL:
                    Backend=nccl
                    Master address=lrdn0025
                    Master port=29500
                    Rank=111
                    World size=128
                NODE:
                    Node local rank=3
                    Node local size=4
                    Node rank=27
                    Node world size=32
                REPLICA:
                    Replica local rank=None
                    Replica local size=None
                    Replica rank=None
                    Replica world size=None
                FEDERATION:
                    Federated local rank=3
                    Federated local size=(4, 4, 4, 4, 4, 4, 4, 4, 4, 4, 4, 4, 4, 4, 4, 4, 4, 4, 4, 4, 4, 4, 4, 4, 4, 4, 4, 4, 4, 4, 4, 4)
                    Federated rank=27
                    Federated world size=32
                MESHES:
                    FSDP=DeviceMesh('cuda', [108, 109, 110, 111], mesh_dim_names=('shard',))
                    HSDP=None
                    Is sender=True
                    Receives from=None
                    Federated group=[3, 7, 11, 15, 19, 23, 27, 31, 35, 39, 43, 47, 51, 55, 59, 63, 67, 71, 75, 79, 83, 87, 91, 95, 99, 103, 107, 111, 115, 119, 123, 127]
                    Replica group=None
                    Federation=[108, 109, 110, 111]
                DEVICE:
                    Device type=cuda
                    Current device=cuda:3
                    Initialization device=meta
                    Meta initialization=True
                    Streams=(<torch.cuda.Stream device=cuda:3 cuda_stream=0xb63ed80>, <torch.cuda.Stream device=cuda:3 cuda_stream=0xb65bf80>, <torch.cuda.Stream device=cuda:3 cuda_stream=0xbba3a10>, <torch.cuda.Stream device=cuda:3 cuda_stream=0xbba3d10>)
                [0m
[38;5;39m2025-08-06 17:07:21,175 | xffl.distributed.distributed |    DEBUG | [Rank 96]: distributed setup: 

                GLOBAL:
                    Backend=nccl
                    Master address=lrdn0025
                    Master port=29500
                    Rank=96
                    World size=128
                NODE:
                    Node local rank=0
                    Node local size=4
                    Node rank=24
                    Node world size=32
                REPLICA:
                    Replica local rank=None
                    Replica local size=None
                    Replica rank=None
                    Replica world size=None
                FEDERATION:
                    Federated local rank=0
                    Federated local size=(4, 4, 4, 4, 4, 4, 4, 4, 4, 4, 4, 4, 4, 4, 4, 4, 4, 4, 4, 4, 4, 4, 4, 4, 4, 4, 4, 4, 4, 4, 4, 4)
                    Federated rank=24
                    Federated world size=32
                MESHES:
                    FSDP=DeviceMesh('cuda', [96, 97, 98, 99], mesh_dim_names=('shard',))
                    HSDP=None
                    Is sender=True
                    Receives from=None
                    Federated group=[0, 4, 8, 12, 16, 20, 24, 28, 32, 36, 40, 44, 48, 52, 56, 60, 64, 68, 72, 76, 80, 84, 88, 92, 96, 100, 104, 108, 112, 116, 120, 124]
                    Replica group=None
                    Federation=[96, 97, 98, 99]
                DEVICE:
                    Device type=cuda
                    Current device=cuda:0
                    Initialization device=cpu
                    Meta initialization=True
                    Streams=(<torch.cuda.Stream device=cuda:0 cuda_stream=0xb74fa60>, <torch.cuda.Stream device=cuda:0 cuda_stream=0xb76cca0>, <torch.cuda.Stream device=cuda:0 cuda_stream=0xbcb44d0>, <torch.cuda.Stream device=cuda:0 cuda_stream=0xbcb47d0>)
                [0m
[38;5;39m2025-08-06 17:07:21,175 | xffl.learning.utils |    DEBUG | Preloading: /leonardo_scratch/fast/uToID_bench/xffl/models/llama3.1-70b[0m
[38;5;39m2025-08-06 17:07:21,175 | xffl.distributed.distributed |    DEBUG | [Rank 97]: distributed setup: 

                GLOBAL:
                    Backend=nccl
                    Master address=lrdn0025
                    Master port=29500
                    Rank=97
                    World size=128
                NODE:
                    Node local rank=1
                    Node local size=4
                    Node rank=24
                    Node world size=32
                REPLICA:
                    Replica local rank=None
                    Replica local size=None
                    Replica rank=None
                    Replica world size=None
                FEDERATION:
                    Federated local rank=1
                    Federated local size=(4, 4, 4, 4, 4, 4, 4, 4, 4, 4, 4, 4, 4, 4, 4, 4, 4, 4, 4, 4, 4, 4, 4, 4, 4, 4, 4, 4, 4, 4, 4, 4)
                    Federated rank=24
                    Federated world size=32
                MESHES:
                    FSDP=DeviceMesh('cuda', [96, 97, 98, 99], mesh_dim_names=('shard',))
                    HSDP=None
                    Is sender=True
                    Receives from=None
                    Federated group=[1, 5, 9, 13, 17, 21, 25, 29, 33, 37, 41, 45, 49, 53, 57, 61, 65, 69, 73, 77, 81, 85, 89, 93, 97, 101, 105, 109, 113, 117, 121, 125]
                    Replica group=None
                    Federation=[96, 97, 98, 99]
                DEVICE:
                    Device type=cuda
                    Current device=cuda:1
                    Initialization device=meta
                    Meta initialization=True
                    Streams=(<torch.cuda.Stream device=cuda:1 cuda_stream=0xc702e40>, <torch.cuda.Stream device=cuda:1 cuda_stream=0xc720080>, <torch.cuda.Stream device=cuda:1 cuda_stream=0xcc67b30>, <torch.cuda.Stream device=cuda:1 cuda_stream=0xcc67e30>)
                [0m
[38;5;39m2025-08-06 17:07:21,175 | xffl.distributed.distributed |    DEBUG | [Rank 99]: distributed setup: 

                GLOBAL:
                    Backend=nccl
                    Master address=lrdn0025
                    Master port=29500
                    Rank=99
                    World size=128
                NODE:
                    Node local rank=3
                    Node local size=4
                    Node rank=24
                    Node world size=32
                REPLICA:
                    Replica local rank=None
                    Replica local size=None
                    Replica rank=None
                    Replica world size=None
                FEDERATION:
                    Federated local rank=3
                    Federated local size=(4, 4, 4, 4, 4, 4, 4, 4, 4, 4, 4, 4, 4, 4, 4, 4, 4, 4, 4, 4, 4, 4, 4, 4, 4, 4, 4, 4, 4, 4, 4, 4)
                    Federated rank=24
                    Federated world size=32
                MESHES:
                    FSDP=DeviceMesh('cuda', [96, 97, 98, 99], mesh_dim_names=('shard',))
                    HSDP=None
                    Is sender=True
                    Receives from=None
                    Federated group=[3, 7, 11, 15, 19, 23, 27, 31, 35, 39, 43, 47, 51, 55, 59, 63, 67, 71, 75, 79, 83, 87, 91, 95, 99, 103, 107, 111, 115, 119, 123, 127]
                    Replica group=None
                    Federation=[96, 97, 98, 99]
                DEVICE:
                    Device type=cuda
                    Current device=cuda:3
                    Initialization device=meta
                    Meta initialization=True
                    Streams=(<torch.cuda.Stream device=cuda:3 cuda_stream=0xce9e4d0>, <torch.cuda.Stream device=cuda:3 cuda_stream=0xcebb710>, <torch.cuda.Stream device=cuda:3 cuda_stream=0xd402a20>, <torch.cuda.Stream device=cuda:3 cuda_stream=0xd402d20>)
                [0m
[38;5;39m2025-08-06 17:07:21,175 | xffl.distributed.distributed |    DEBUG | [Rank 98]: distributed setup: 

                GLOBAL:
                    Backend=nccl
                    Master address=lrdn0025
                    Master port=29500
                    Rank=98
                    World size=128
                NODE:
                    Node local rank=2
                    Node local size=4
                    Node rank=24
                    Node world size=32
                REPLICA:
                    Replica local rank=None
                    Replica local size=None
                    Replica rank=None
                    Replica world size=None
                FEDERATION:
                    Federated local rank=2
                    Federated local size=(4, 4, 4, 4, 4, 4, 4, 4, 4, 4, 4, 4, 4, 4, 4, 4, 4, 4, 4, 4, 4, 4, 4, 4, 4, 4, 4, 4, 4, 4, 4, 4)
                    Federated rank=24
                    Federated world size=32
                MESHES:
                    FSDP=DeviceMesh('cuda', [96, 97, 98, 99], mesh_dim_names=('shard',))
                    HSDP=None
                    Is sender=True
                    Receives from=None
                    Federated group=[2, 6, 10, 14, 18, 22, 26, 30, 34, 38, 42, 46, 50, 54, 58, 62, 66, 70, 74, 78, 82, 86, 90, 94, 98, 102, 106, 110, 114, 118, 122, 126]
                    Replica group=None
                    Federation=[96, 97, 98, 99]
                DEVICE:
                    Device type=cuda
                    Current device=cuda:2
                    Initialization device=meta
                    Meta initialization=True
                    Streams=(<torch.cuda.Stream device=cuda:2 cuda_stream=0xc502670>, <torch.cuda.Stream device=cuda:2 cuda_stream=0xc51f8b0>, <torch.cuda.Stream device=cuda:2 cuda_stream=0xca66fe0>, <torch.cuda.Stream device=cuda:2 cuda_stream=0xca672e0>)
                [0m
[38;5;39m2025-08-06 17:07:32,361 | xffl.distributed.distributed |    DEBUG | [Rank 96]: Activating "ShardingStrategy.FULL_SHARD" sharding strategy[0m
[38;5;39m2025-08-06 17:07:32,361 | xffl.distributed.distributed |    DEBUG | [Rank 97]: Activating "ShardingStrategy.FULL_SHARD" sharding strategy[0m
[38;5;39m2025-08-06 17:07:32,362 | xffl.distributed.distributed |    DEBUG | [Rank 99]: Activating "ShardingStrategy.FULL_SHARD" sharding strategy[0m
[38;5;39m2025-08-06 17:07:32,362 | xffl.distributed.distributed |    DEBUG | [Rank 98]: Activating "ShardingStrategy.FULL_SHARD" sharding strategy[0m
[38;5;39m2025-08-06 17:07:32,939 | xffl.distributed.distributed |    DEBUG | [Rank 102]: Activating "ShardingStrategy.FULL_SHARD" sharding strategy[0m
[38;5;39m2025-08-06 17:07:32,939 | xffl.distributed.distributed |    DEBUG | [Rank 101]: Activating "ShardingStrategy.FULL_SHARD" sharding strategy[0m
[38;5;39m2025-08-06 17:07:32,939 | xffl.distributed.distributed |    DEBUG | [Rank 100]: Activating "ShardingStrategy.FULL_SHARD" sharding strategy[0m
[38;5;39m2025-08-06 17:07:32,939 | xffl.distributed.distributed |    DEBUG | [Rank 103]: Activating "ShardingStrategy.FULL_SHARD" sharding strategy[0m
[38;5;39m2025-08-06 17:07:33,055 | xffl.distributed.distributed |    DEBUG | [Rank 62]: Activating "ShardingStrategy.FULL_SHARD" sharding strategy[0m
[38;5;39m2025-08-06 17:07:33,055 | xffl.distributed.distributed |    DEBUG | [Rank 60]: Activating "ShardingStrategy.FULL_SHARD" sharding strategy[0m
[38;5;39m2025-08-06 17:07:33,055 | xffl.distributed.distributed |    DEBUG | [Rank 63]: Activating "ShardingStrategy.FULL_SHARD" sharding strategy[0m
[38;5;39m2025-08-06 17:07:33,055 | xffl.distributed.distributed |    DEBUG | [Rank 61]: Activating "ShardingStrategy.FULL_SHARD" sharding strategy[0m
[38;5;39m2025-08-06 17:07:33,095 | xffl.distributed.distributed |    DEBUG | [Rank 29]: Activating "ShardingStrategy.FULL_SHARD" sharding strategy[0m
[38;5;39m2025-08-06 17:07:33,095 | xffl.distributed.distributed |    DEBUG | [Rank 30]: Activating "ShardingStrategy.FULL_SHARD" sharding strategy[0m
[38;5;39m2025-08-06 17:07:33,095 | xffl.distributed.distributed |    DEBUG | [Rank 31]: Activating "ShardingStrategy.FULL_SHARD" sharding strategy[0m
[38;5;39m2025-08-06 17:07:33,095 | xffl.distributed.distributed |    DEBUG | [Rank 28]: Activating "ShardingStrategy.FULL_SHARD" sharding strategy[0m
lrdn1235:2018497:2018497 [0] NCCL INFO Bootstrap: Using ib0:10.128.25.109<0>
lrdn1235:2018497:2018497 [0] NCCL INFO cudaDriverVersion 12020
lrdn1235:2018497:2018497 [0] NCCL INFO NCCL version 2.26.2+cuda12.2
lrdn1235:2018497:2018497 [0] NCCL INFO Comm config Blocking set to 1
lrdn1235:2018498:2018498 [1] NCCL INFO cudaDriverVersion 12020
lrdn1235:2018499:2018499 [2] NCCL INFO cudaDriverVersion 12020
lrdn1235:2018496:2018496 [3] NCCL INFO cudaDriverVersion 12020
lrdn1235:2018499:2018499 [2] NCCL INFO Bootstrap: Using ib0:10.128.25.109<0>
lrdn1235:2018498:2018498 [1] NCCL INFO Bootstrap: Using ib0:10.128.25.109<0>
lrdn1235:2018496:2018496 [3] NCCL INFO Bootstrap: Using ib0:10.128.25.109<0>
lrdn1235:2018499:2018499 [2] NCCL INFO NCCL version 2.26.2+cuda12.2
lrdn1235:2018498:2018498 [1] NCCL INFO NCCL version 2.26.2+cuda12.2
lrdn1235:2018496:2018496 [3] NCCL INFO NCCL version 2.26.2+cuda12.2
lrdn1235:2018498:2018498 [1] NCCL INFO Comm config Blocking set to 1
lrdn1235:2018499:2018499 [2] NCCL INFO Comm config Blocking set to 1
lrdn1235:2018496:2018496 [3] NCCL INFO Comm config Blocking set to 1
lrdn1235:2018499:2018713 [2] NCCL INFO NET/Plugin: Could not find: libnccl-net.so. Using internal net plugin.
lrdn1235:2018496:2018714 [3] NCCL INFO NET/Plugin: Could not find: libnccl-net.so. Using internal net plugin.
lrdn1235:2018497:2018711 [0] NCCL INFO NET/Plugin: Could not find: libnccl-net.so. Using internal net plugin.
lrdn1235:2018498:2018712 [1] NCCL INFO NET/Plugin: Could not find: libnccl-net.so. Using internal net plugin.
lrdn1235:2018496:2018714 [3] NCCL INFO NCCL_IB_DISABLE set by environment to 0.
lrdn1235:2018499:2018713 [2] NCCL INFO NCCL_IB_DISABLE set by environment to 0.
lrdn1235:2018498:2018712 [1] NCCL INFO NCCL_IB_DISABLE set by environment to 0.
lrdn1235:2018497:2018711 [0] NCCL INFO NCCL_IB_DISABLE set by environment to 0.
[38;5;39m2025-08-06 17:07:33,354 | xffl.distributed.distributed |    DEBUG | [Rank 94]: Activating "ShardingStrategy.FULL_SHARD" sharding strategy[0m
[38;5;39m2025-08-06 17:07:33,354 | xffl.distributed.distributed |    DEBUG | [Rank 95]: Activating "ShardingStrategy.FULL_SHARD" sharding strategy[0m
[38;5;39m2025-08-06 17:07:33,354 | xffl.distributed.distributed |    DEBUG | [Rank 92]: Activating "ShardingStrategy.FULL_SHARD" sharding strategy[0m
[38;5;39m2025-08-06 17:07:33,354 | xffl.distributed.distributed |    DEBUG | [Rank 93]: Activating "ShardingStrategy.FULL_SHARD" sharding strategy[0m
lrdn1235:2018497:2018711 [0] NCCL INFO NET/IB : Using [0]mlx5_0:1/IB [1]mlx5_1:1/IB [2]mlx5_2:1/IB [3]mlx5_3:1/IB [RO]; OOB ib0:10.128.25.109<0>
lrdn1235:2018498:2018712 [1] NCCL INFO NET/IB : Using [0]mlx5_0:1/IB [1]mlx5_1:1/IB [2]mlx5_2:1/IB [3]mlx5_3:1/IB [RO]; OOB ib0:10.128.25.109<0>
lrdn1235:2018496:2018714 [3] NCCL INFO NET/IB : Using [0]mlx5_0:1/IB [1]mlx5_1:1/IB [2]mlx5_2:1/IB [3]mlx5_3:1/IB [RO]; OOB ib0:10.128.25.109<0>
lrdn1235:2018496:2018714 [3] NCCL INFO PROFILER/Plugin: Could not find: libnccl-profiler.so. 
lrdn1235:2018498:2018712 [1] NCCL INFO PROFILER/Plugin: Could not find: libnccl-profiler.so. 
lrdn1235:2018497:2018711 [0] NCCL INFO PROFILER/Plugin: Could not find: libnccl-profiler.so. 
lrdn1235:2018498:2018712 [1] NCCL INFO Using network IB
lrdn1235:2018496:2018714 [3] NCCL INFO Using network IB
lrdn1235:2018497:2018711 [0] NCCL INFO Using network IB
lrdn1235:2018496:2018714 [3] NCCL INFO ncclCommInitRankConfig comm 0x950df960 rank 3 nranks 4 cudaDev 3 nvmlDev 3 busId c8000 commId 0x6dca036aba870939 - Init START
lrdn1235:2018498:2018712 [1] NCCL INFO ncclCommInitRankConfig comm 0x7f943270 rank 1 nranks 4 cudaDev 1 nvmlDev 1 busId 56000 commId 0x6dca036aba870939 - Init START
lrdn1235:2018497:2018711 [0] NCCL INFO ncclCommInitRankConfig comm 0xa8991a40 rank 0 nranks 4 cudaDev 0 nvmlDev 0 busId 1d000 commId 0x6dca036aba870939 - Init START
lrdn1235:2018497:2018711 [0] NCCL INFO RAS client listening socket at ::1<28028>
lrdn1235:2018499:2018713 [2] NCCL INFO NET/IB : Using [0]mlx5_0:1/IB [1]mlx5_1:1/IB [2]mlx5_2:1/IB [3]mlx5_3:1/IB [RO]; OOB ib0:10.128.25.109<0>
lrdn1235:2018499:2018713 [2] NCCL INFO PROFILER/Plugin: Could not find: libnccl-profiler.so. 
lrdn1235:2018499:2018713 [2] NCCL INFO Using network IB
lrdn1235:2018499:2018713 [2] NCCL INFO ncclCommInitRankConfig comm 0xe7410b0 rank 2 nranks 4 cudaDev 2 nvmlDev 2 busId 8f000 commId 0x6dca036aba870939 - Init START
lrdn1235:2018499:2018713 [2] NCCL INFO RAS client listening socket at ::1<28028>
lrdn1235:2018498:2018712 [1] NCCL INFO RAS client listening socket at ::1<28028>
lrdn1235:2018496:2018714 [3] NCCL INFO RAS client listening socket at ::1<28028>
lrdn1235:2018498:2018712 [1] NCCL INFO Bootstrap timings total 0.007822 (create 0.000017, send 0.000068, recv 0.007474, ring 0.000039, delay 0.000001)
lrdn1235:2018497:2018711 [0] NCCL INFO Bootstrap timings total 0.007832 (create 0.000018, send 0.000059, recv 0.000129, ring 0.007381, delay 0.000001)
lrdn1235:2018499:2018713 [2] NCCL INFO Bootstrap timings total 0.000391 (create 0.000015, send 0.000053, recv 0.000057, ring 0.000046, delay 0.000001)
lrdn1235:2018496:2018714 [3] NCCL INFO Bootstrap timings total 0.007842 (create 0.000022, send 0.000063, recv 0.000110, ring 0.000029, delay 0.000000)
lrdn1235:2018496:2018714 [3] NCCL INFO NCCL_P2P_LEVEL set by environment to SYS
lrdn1235:2018498:2018712 [1] NCCL INFO NCCL_P2P_LEVEL set by environment to SYS
lrdn1235:2018499:2018713 [2] NCCL INFO NCCL_P2P_LEVEL set by environment to SYS
lrdn1235:2018497:2018711 [0] NCCL INFO NCCL_P2P_LEVEL set by environment to SYS
lrdn1235:2018496:2018714 [3] NCCL INFO NVLS multicast support is not available on dev 3
lrdn1235:2018498:2018712 [1] NCCL INFO Setting affinity for GPU 1 to ff00
lrdn1235:2018499:2018713 [2] NCCL INFO NVLS multicast support is not available on dev 2
lrdn1235:2018498:2018712 [1] NCCL INFO NVLS multicast support is not available on dev 1
lrdn1235:2018497:2018711 [0] NCCL INFO Setting affinity for GPU 0 to ff
lrdn1235:2018497:2018711 [0] NCCL INFO NVLS multicast support is not available on dev 0
lrdn1235:2018496:2018714 [3] NCCL INFO comm 0x950df960 rank 3 nRanks 4 nNodes 1 localRanks 4 localRank 3 MNNVL 0
lrdn1235:2018499:2018713 [2] NCCL INFO comm 0xe7410b0 rank 2 nRanks 4 nNodes 1 localRanks 4 localRank 2 MNNVL 0
lrdn1235:2018498:2018712 [1] NCCL INFO comm 0x7f943270 rank 1 nRanks 4 nNodes 1 localRanks 4 localRank 1 MNNVL 0
lrdn1235:2018497:2018711 [0] NCCL INFO comm 0xa8991a40 rank 0 nRanks 4 nNodes 1 localRanks 4 localRank 0 MNNVL 0
lrdn1235:2018497:2018711 [0] NCCL INFO Channel 00/24 : 0 1 2 3
lrdn1235:2018497:2018711 [0] NCCL INFO Channel 01/24 : 0 1 3 2
lrdn1235:2018497:2018711 [0] NCCL INFO Channel 02/24 : 0 2 3 1
lrdn1235:2018496:2018714 [3] NCCL INFO Trees [0] -1/-1/-1->3->2 [1] -1/-1/-1->3->2 [2] -1/-1/-1->3->2 [3] -1/-1/-1->3->2 [4] -1/-1/-1->3->1 [5] -1/-1/-1->3->1 [6] -1/-1/-1->3->1 [7] -1/-1/-1->3->1 [8] 2/-1/-1->3->0 [9] 2/-1/-1->3->0 [10] 2/-1/-1->3->0 [11] 2/-1/-1->3->0 [12] -1/-1/-1->3->2 [13] -1/-1/-1->3->2 [14] -1/-1/-1->3->2 [15] -1/-1/-1->3->2 [16] -1/-1/-1->3->1 [17] -1/-1/-1->3->1 [18] -1/-1/-1->3->1 [19] -1/-1/-1->3->1 [20] 2/-1/-1->3->0 [21] 2/-1/-1->3->0 [22] 2/-1/-1->3->0 [23] 2/-1/-1->3->0
lrdn1235:2018498:2018712 [1] NCCL INFO Trees [0] 2/-1/-1->1->0 [1] 2/-1/-1->1->0 [2] 2/-1/-1->1->0 [3] 2/-1/-1->1->0 [4] 3/-1/-1->1->2 [5] 3/-1/-1->1->2 [6] 3/-1/-1->1->2 [7] 3/-1/-1->1->2 [8] 0/-1/-1->1->-1 [9] 0/-1/-1->1->-1 [10] 0/-1/-1->1->-1 [11] 0/-1/-1->1->-1 [12] 2/-1/-1->1->0 [13] 2/-1/-1->1->0 [14] 2/-1/-1->1->0 [15] 2/-1/-1->1->0 [16] 3/-1/-1->1->2 [17] 3/-1/-1->1->2 [18] 3/-1/-1->1->2 [19] 3/-1/-1->1->2 [20] 0/-1/-1->1->-1 [21] 0/-1/-1->1->-1 [22] 0/-1/-1->1->-1 [23] 0/-1/-1->1->-1
lrdn1235:2018497:2018711 [0] NCCL INFO Channel 03/24 : 0 2 1 3
lrdn1235:2018497:2018711 [0] NCCL INFO Channel 04/24 : 0 3 1 2
lrdn1235:2018496:2018714 [3] NCCL INFO P2P Chunksize set to 524288
lrdn1235:2018498:2018712 [1] NCCL INFO P2P Chunksize set to 524288
lrdn1235:2018497:2018711 [0] NCCL INFO Channel 05/24 : 0 3 2 1
lrdn1235:2018497:2018711 [0] NCCL INFO Channel 06/24 : 0 1 2 3
lrdn1235:2018497:2018711 [0] NCCL INFO Channel 07/24 : 0 1 3 2
lrdn1235:2018497:2018711 [0] NCCL INFO Channel 08/24 : 0 2 3 1
lrdn1235:2018497:2018711 [0] NCCL INFO Channel 09/24 : 0 2 1 3
lrdn1235:2018497:2018711 [0] NCCL INFO Channel 10/24 : 0 3 1 2
lrdn1235:2018497:2018711 [0] NCCL INFO Channel 11/24 : 0 3 2 1
lrdn1235:2018497:2018711 [0] NCCL INFO Channel 12/24 : 0 1 2 3
lrdn1235:2018497:2018711 [0] NCCL INFO Channel 13/24 : 0 1 3 2
lrdn1235:2018499:2018713 [2] NCCL INFO Trees [0] 3/-1/-1->2->1 [1] 3/-1/-1->2->1 [2] 3/-1/-1->2->1 [3] 3/-1/-1->2->1 [4] 1/-1/-1->2->0 [5] 1/-1/-1->2->0 [6] 1/-1/-1->2->0 [7] 1/-1/-1->2->0 [8] -1/-1/-1->2->3 [9] -1/-1/-1->2->3 [10] -1/-1/-1->2->3 [11] -1/-1/-1->2->3 [12] 3/-1/-1->2->1 [13] 3/-1/-1->2->1 [14] 3/-1/-1->2->1 [15] 3/-1/-1->2->1 [16] 1/-1/-1->2->0 [17] 1/-1/-1->2->0 [18] 1/-1/-1->2->0 [19] 1/-1/-1->2->0 [20] -1/-1/-1->2->3 [21] -1/-1/-1->2->3 [22] -1/-1/-1->2->3 [23] -1/-1/-1->2->3
lrdn1235:2018497:2018711 [0] NCCL INFO Channel 14/24 : 0 2 3 1
lrdn1235:2018497:2018711 [0] NCCL INFO Channel 15/24 : 0 2 1 3
lrdn1235:2018499:2018713 [2] NCCL INFO P2P Chunksize set to 524288
lrdn1235:2018497:2018711 [0] NCCL INFO Channel 16/24 : 0 3 1 2
lrdn1235:2018497:2018711 [0] NCCL INFO Channel 17/24 : 0 3 2 1
lrdn1235:2018497:2018711 [0] NCCL INFO Channel 18/24 : 0 1 2 3
lrdn1235:2018497:2018711 [0] NCCL INFO Channel 19/24 : 0 1 3 2
lrdn1235:2018497:2018711 [0] NCCL INFO Channel 20/24 : 0 2 3 1
lrdn1235:2018497:2018711 [0] NCCL INFO Channel 21/24 : 0 2 1 3
lrdn1235:2018497:2018711 [0] NCCL INFO Channel 22/24 : 0 3 1 2
lrdn1235:2018497:2018711 [0] NCCL INFO Channel 23/24 : 0 3 2 1
lrdn1235:2018497:2018711 [0] NCCL INFO Trees [0] 1/-1/-1->0->-1 [1] 1/-1/-1->0->-1 [2] 1/-1/-1->0->-1 [3] 1/-1/-1->0->-1 [4] 2/-1/-1->0->-1 [5] 2/-1/-1->0->-1 [6] 2/-1/-1->0->-1 [7] 2/-1/-1->0->-1 [8] 3/-1/-1->0->1 [9] 3/-1/-1->0->1 [10] 3/-1/-1->0->1 [11] 3/-1/-1->0->1 [12] 1/-1/-1->0->-1 [13] 1/-1/-1->0->-1 [14] 1/-1/-1->0->-1 [15] 1/-1/-1->0->-1 [16] 2/-1/-1->0->-1 [17] 2/-1/-1->0->-1 [18] 2/-1/-1->0->-1 [19] 2/-1/-1->0->-1 [20] 3/-1/-1->0->1 [21] 3/-1/-1->0->1 [22] 3/-1/-1->0->1 [23] 3/-1/-1->0->1
lrdn1235:2018497:2018711 [0] NCCL INFO P2P Chunksize set to 524288
lrdn1235:2018497:2018711 [0] NCCL INFO Check P2P Type intraNodeP2pSupport 1 directMode 0
lrdn1235:2018496:2018735 [3] NCCL INFO [Proxy Service] Device 3 CPU core 25
lrdn1235:2018496:2018736 [3] NCCL INFO [Proxy Service UDS] Device 3 CPU core 24
lrdn1235:2018499:2018739 [2] NCCL INFO [Proxy Service UDS] Device 2 CPU core 16
lrdn1235:2018499:2018737 [2] NCCL INFO [Proxy Service] Device 2 CPU core 22
lrdn1235:2018497:2018738 [0] NCCL INFO [Proxy Service] Device 0 CPU core 2
lrdn1235:2018497:2018740 [0] NCCL INFO [Proxy Service UDS] Device 0 CPU core 3
lrdn1235:2018498:2018741 [1] NCCL INFO [Proxy Service] Device 1 CPU core 9
lrdn1235:2018498:2018742 [1] NCCL INFO [Proxy Service UDS] Device 1 CPU core 14
lrdn1235:2018496:2018714 [3] NCCL INFO threadThresholds 8/8/64 | 32/8/64 | 512 | 512
lrdn1235:2018496:2018714 [3] NCCL INFO 24 coll channels, 24 collnet channels, 0 nvls channels, 32 p2p channels, 8 p2p channels per peer
lrdn1235:2018497:2018711 [0] NCCL INFO threadThresholds 8/8/64 | 32/8/64 | 512 | 512
lrdn1235:2018497:2018711 [0] NCCL INFO 24 coll channels, 24 collnet channels, 0 nvls channels, 32 p2p channels, 8 p2p channels per peer
lrdn1235:2018498:2018712 [1] NCCL INFO threadThresholds 8/8/64 | 32/8/64 | 512 | 512
lrdn1235:2018498:2018712 [1] NCCL INFO 24 coll channels, 24 collnet channels, 0 nvls channels, 32 p2p channels, 8 p2p channels per peer
lrdn1235:2018499:2018713 [2] NCCL INFO threadThresholds 8/8/64 | 32/8/64 | 512 | 512
lrdn1235:2018499:2018713 [2] NCCL INFO 24 coll channels, 24 collnet channels, 0 nvls channels, 32 p2p channels, 8 p2p channels per peer
lrdn1235:2018497:2018711 [0] NCCL INFO CC Off, workFifoBytes 1048576
lrdn1235:2018497:2018711 [0] NCCL INFO TUNER/Plugin: Could not find: libnccl-tuner.so. Using internal tuner plugin.
lrdn1235:2018496:2018714 [3] NCCL INFO TUNER/Plugin: Could not find: libnccl-tuner.so. Using internal tuner plugin.
lrdn1235:2018499:2018713 [2] NCCL INFO TUNER/Plugin: Could not find: libnccl-tuner.so. Using internal tuner plugin.
lrdn1235:2018496:2018714 [3] NCCL INFO ncclCommInitRankConfig comm 0x950df960 rank 3 nranks 4 cudaDev 3 nvmlDev 3 busId c8000 commId 0x6dca036aba870939 - Init COMPLETE
lrdn1235:2018499:2018713 [2] NCCL INFO ncclCommInitRankConfig comm 0xe7410b0 rank 2 nranks 4 cudaDev 2 nvmlDev 2 busId 8f000 commId 0x6dca036aba870939 - Init COMPLETE
lrdn1235:2018497:2018711 [0] NCCL INFO ncclCommInitRankConfig comm 0xa8991a40 rank 0 nranks 4 cudaDev 0 nvmlDev 0 busId 1d000 commId 0x6dca036aba870939 - Init COMPLETE
lrdn1235:2018498:2018712 [1] NCCL INFO TUNER/Plugin: Could not find: libnccl-tuner.so. Using internal tuner plugin.
lrdn1235:2018498:2018712 [1] NCCL INFO ncclCommInitRankConfig comm 0x7f943270 rank 1 nranks 4 cudaDev 1 nvmlDev 1 busId 56000 commId 0x6dca036aba870939 - Init COMPLETE
lrdn1235:2018496:2018714 [3] NCCL INFO Init timings - ncclCommInitRankConfig: rank 3 nranks 4 total 0.30 (kernels 0.16, alloc 0.05, bootstrap 0.01, allgathers 0.00, topo 0.06, graphs 0.00, connections 0.01, rest 0.01)
lrdn1235:2018497:2018711 [0] NCCL INFO Init timings - ncclCommInitRankConfig: rank 0 nranks 4 total 0.31 (kernels 0.16, alloc 0.05, bootstrap 0.01, allgathers 0.00, topo 0.06, graphs 0.00, connections 0.02, rest 0.01)
lrdn1235:2018499:2018713 [2] NCCL INFO Init timings - ncclCommInitRankConfig: rank 2 nranks 4 total 0.30 (kernels 0.16, alloc 0.05, bootstrap 0.00, allgathers 0.00, topo 0.06, graphs 0.00, connections 0.02, rest 0.01)
lrdn1235:2018498:2018712 [1] NCCL INFO Init timings - ncclCommInitRankConfig: rank 1 nranks 4 total 0.30 (kernels 0.16, alloc 0.05, bootstrap 0.01, allgathers 0.00, topo 0.06, graphs 0.00, connections 0.02, rest 0.01)
lrdn1235:2018496:2018743 [3] NCCL INFO Channel 00/0 : 3[3] -> 0[0] via P2P/CUMEM/read
lrdn1235:2018499:2018744 [2] NCCL INFO Channel 00/0 : 2[2] -> 3[3] via P2P/CUMEM/read
lrdn1235:2018498:2018745 [1] NCCL INFO Channel 00/0 : 1[1] -> 2[2] via P2P/CUMEM/read
lrdn1235:2018497:2018746 [0] NCCL INFO Channel 00/0 : 0[0] -> 1[1] via P2P/CUMEM/read
lrdn1235:2018496:2018743 [3] NCCL INFO Channel 03/0 : 3[3] -> 0[0] via P2P/CUMEM/read
lrdn1235:2018499:2018744 [2] NCCL INFO Channel 02/0 : 2[2] -> 3[3] via P2P/CUMEM/read
lrdn1235:2018498:2018745 [1] NCCL INFO Channel 04/0 : 1[1] -> 2[2] via P2P/CUMEM/read
lrdn1235:2018497:2018746 [0] NCCL INFO Channel 01/0 : 0[0] -> 1[1] via P2P/CUMEM/read
lrdn1235:2018496:2018743 [3] NCCL INFO Channel 06/0 : 3[3] -> 0[0] via P2P/CUMEM/read
lrdn1235:2018498:2018745 [1] NCCL INFO Channel 06/0 : 1[1] -> 2[2] via P2P/CUMEM/read
lrdn1235:2018499:2018744 [2] NCCL INFO Channel 06/0 : 2[2] -> 3[3] via P2P/CUMEM/read
lrdn1235:2018497:2018746 [0] NCCL INFO Channel 06/0 : 0[0] -> 1[1] via P2P/CUMEM/read
lrdn1235:2018496:2018743 [3] NCCL INFO Channel 09/0 : 3[3] -> 0[0] via P2P/CUMEM/read
lrdn1235:2018498:2018745 [1] NCCL INFO Channel 10/0 : 1[1] -> 2[2] via P2P/CUMEM/read
lrdn1235:2018499:2018744 [2] NCCL INFO Channel 08/0 : 2[2] -> 3[3] via P2P/CUMEM/read
lrdn1235:2018497:2018746 [0] NCCL INFO Channel 07/0 : 0[0] -> 1[1] via P2P/CUMEM/read
lrdn1235:2018496:2018743 [3] NCCL INFO Channel 12/0 : 3[3] -> 0[0] via P2P/CUMEM/read
lrdn1235:2018498:2018745 [1] NCCL INFO Channel 12/0 : 1[1] -> 2[2] via P2P/CUMEM/read
lrdn1235:2018499:2018744 [2] NCCL INFO Channel 12/0 : 2[2] -> 3[3] via P2P/CUMEM/read
lrdn1235:2018497:2018746 [0] NCCL INFO Channel 12/0 : 0[0] -> 1[1] via P2P/CUMEM/read
lrdn1235:2018496:2018743 [3] NCCL INFO Channel 15/0 : 3[3] -> 0[0] via P2P/CUMEM/read
lrdn1235:2018498:2018745 [1] NCCL INFO Channel 16/0 : 1[1] -> 2[2] via P2P/CUMEM/read
lrdn1235:2018499:2018744 [2] NCCL INFO Channel 14/0 : 2[2] -> 3[3] via P2P/CUMEM/read
lrdn1235:2018497:2018746 [0] NCCL INFO Channel 13/0 : 0[0] -> 1[1] via P2P/CUMEM/read
lrdn1235:2018496:2018743 [3] NCCL INFO Channel 18/0 : 3[3] -> 0[0] via P2P/CUMEM/read
lrdn1235:2018498:2018745 [1] NCCL INFO Channel 18/0 : 1[1] -> 2[2] via P2P/CUMEM/read
lrdn1235:2018499:2018744 [2] NCCL INFO Channel 18/0 : 2[2] -> 3[3] via P2P/CUMEM/read
lrdn1235:2018497:2018746 [0] NCCL INFO Channel 18/0 : 0[0] -> 1[1] via P2P/CUMEM/read
lrdn1235:2018496:2018743 [3] NCCL INFO Channel 21/0 : 3[3] -> 0[0] via P2P/CUMEM/read
lrdn1235:2018498:2018745 [1] NCCL INFO Channel 22/0 : 1[1] -> 2[2] via P2P/CUMEM/read
lrdn1235:2018499:2018744 [2] NCCL INFO Channel 20/0 : 2[2] -> 3[3] via P2P/CUMEM/read
lrdn1235:2018497:2018746 [0] NCCL INFO Channel 19/0 : 0[0] -> 1[1] via P2P/CUMEM/read
lrdn1235:2018496:2018743 [3] NCCL INFO Channel 02/0 : 3[3] -> 1[1] via P2P/CUMEM/read
lrdn1235:2018498:2018745 [1] NCCL INFO Channel 01/0 : 1[1] -> 3[3] via P2P/CUMEM/read
lrdn1235:2018499:2018744 [2] NCCL INFO Channel 01/0 : 2[2] -> 0[0] via P2P/CUMEM/read
lrdn1235:2018497:2018746 [0] NCCL INFO Channel 02/0 : 0[0] -> 2[2] via P2P/CUMEM/read
lrdn1235:2018496:2018743 [3] NCCL INFO Channel 04/0 : 3[3] -> 1[1] via P2P/CUMEM/read
lrdn1235:2018498:2018745 [1] NCCL INFO Channel 03/0 : 1[1] -> 3[3] via P2P/CUMEM/read
lrdn1235:2018499:2018744 [2] NCCL INFO Channel 04/0 : 2[2] -> 0[0] via P2P/CUMEM/read
lrdn1235:2018497:2018746 [0] NCCL INFO Channel 03/0 : 0[0] -> 2[2] via P2P/CUMEM/read
lrdn1235:2018496:2018743 [3] NCCL INFO Channel 08/0 : 3[3] -> 1[1] via P2P/CUMEM/read
lrdn1235:2018498:2018745 [1] NCCL INFO Channel 07/0 : 1[1] -> 3[3] via P2P/CUMEM/read
lrdn1235:2018499:2018744 [2] NCCL INFO Channel 07/0 : 2[2] -> 0[0] via P2P/CUMEM/read
lrdn1235:2018497:2018746 [0] NCCL INFO Channel 08/0 : 0[0] -> 2[2] via P2P/CUMEM/read
lrdn1235:2018496:2018743 [3] NCCL INFO Channel 10/0 : 3[3] -> 1[1] via P2P/CUMEM/read
lrdn1235:2018498:2018745 [1] NCCL INFO Channel 09/0 : 1[1] -> 3[3] via P2P/CUMEM/read
lrdn1235:2018499:2018744 [2] NCCL INFO Channel 10/0 : 2[2] -> 0[0] via P2P/CUMEM/read
lrdn1235:2018497:2018746 [0] NCCL INFO Channel 09/0 : 0[0] -> 2[2] via P2P/CUMEM/read
lrdn1235:2018496:2018743 [3] NCCL INFO Channel 14/0 : 3[3] -> 1[1] via P2P/CUMEM/read
lrdn1235:2018498:2018745 [1] NCCL INFO Channel 13/0 : 1[1] -> 3[3] via P2P/CUMEM/read
lrdn1235:2018499:2018744 [2] NCCL INFO Channel 13/0 : 2[2] -> 0[0] via P2P/CUMEM/read
lrdn1235:2018497:2018746 [0] NCCL INFO Channel 14/0 : 0[0] -> 2[2] via P2P/CUMEM/read
lrdn1235:2018496:2018743 [3] NCCL INFO Channel 16/0 : 3[3] -> 1[1] via P2P/CUMEM/read
lrdn1235:2018498:2018745 [1] NCCL INFO Channel 15/0 : 1[1] -> 3[3] via P2P/CUMEM/read
lrdn1235:2018499:2018744 [2] NCCL INFO Channel 16/0 : 2[2] -> 0[0] via P2P/CUMEM/read
lrdn1235:2018497:2018746 [0] NCCL INFO Channel 15/0 : 0[0] -> 2[2] via P2P/CUMEM/read
lrdn1235:2018496:2018743 [3] NCCL INFO Channel 20/0 : 3[3] -> 1[1] via P2P/CUMEM/read
lrdn1235:2018498:2018745 [1] NCCL INFO Channel 19/0 : 1[1] -> 3[3] via P2P/CUMEM/read
lrdn1235:2018499:2018744 [2] NCCL INFO Channel 19/0 : 2[2] -> 0[0] via P2P/CUMEM/read
lrdn1235:2018497:2018746 [0] NCCL INFO Channel 20/0 : 0[0] -> 2[2] via P2P/CUMEM/read
lrdn1235:2018496:2018743 [3] NCCL INFO Channel 22/0 : 3[3] -> 1[1] via P2P/CUMEM/read
lrdn1235:2018498:2018745 [1] NCCL INFO Channel 21/0 : 1[1] -> 3[3] via P2P/CUMEM/read
lrdn1235:2018499:2018744 [2] NCCL INFO Channel 22/0 : 2[2] -> 0[0] via P2P/CUMEM/read
lrdn1235:2018497:2018746 [0] NCCL INFO Channel 21/0 : 0[0] -> 2[2] via P2P/CUMEM/read
lrdn1235:2018496:2018743 [3] NCCL INFO Channel 01/0 : 3[3] -> 2[2] via P2P/CUMEM/read
lrdn1235:2018498:2018745 [1] NCCL INFO Channel 02/0 : 1[1] -> 0[0] via P2P/CUMEM/read
lrdn1235:2018499:2018744 [2] NCCL INFO Channel 03/0 : 2[2] -> 1[1] via P2P/CUMEM/read
lrdn1235:2018497:2018746 [0] NCCL INFO Channel 04/0 : 0[0] -> 3[3] via P2P/CUMEM/read
lrdn1235:2018496:2018743 [3] NCCL INFO Channel 05/0 : 3[3] -> 2[2] via P2P/CUMEM/read
lrdn1235:2018498:2018745 [1] NCCL INFO Channel 05/0 : 1[1] -> 0[0] via P2P/CUMEM/read
lrdn1235:2018499:2018744 [2] NCCL INFO Channel 05/0 : 2[2] -> 1[1] via P2P/CUMEM/read
lrdn1235:2018497:2018746 [0] NCCL INFO Channel 05/0 : 0[0] -> 3[3] via P2P/CUMEM/read
lrdn1235:2018496:2018743 [3] NCCL INFO Channel 07/0 : 3[3] -> 2[2] via P2P/CUMEM/read
lrdn1235:2018498:2018745 [1] NCCL INFO Channel 08/0 : 1[1] -> 0[0] via P2P/CUMEM/read
lrdn1235:2018499:2018744 [2] NCCL INFO Channel 09/0 : 2[2] -> 1[1] via P2P/CUMEM/read
lrdn1235:2018497:2018746 [0] NCCL INFO Channel 10/0 : 0[0] -> 3[3] via P2P/CUMEM/read
lrdn1235:2018496:2018743 [3] NCCL INFO Channel 11/0 : 3[3] -> 2[2] via P2P/CUMEM/read
lrdn1235:2018498:2018745 [1] NCCL INFO Channel 11/0 : 1[1] -> 0[0] via P2P/CUMEM/read
lrdn1235:2018499:2018744 [2] NCCL INFO Channel 11/0 : 2[2] -> 1[1] via P2P/CUMEM/read
lrdn1235:2018497:2018746 [0] NCCL INFO Channel 11/0 : 0[0] -> 3[3] via P2P/CUMEM/read
lrdn1235:2018496:2018743 [3] NCCL INFO Channel 13/0 : 3[3] -> 2[2] via P2P/CUMEM/read
lrdn1235:2018498:2018745 [1] NCCL INFO Channel 14/0 : 1[1] -> 0[0] via P2P/CUMEM/read
lrdn1235:2018499:2018744 [2] NCCL INFO Channel 15/0 : 2[2] -> 1[1] via P2P/CUMEM/read
lrdn1235:2018497:2018746 [0] NCCL INFO Channel 16/0 : 0[0] -> 3[3] via P2P/CUMEM/read
lrdn1235:2018496:2018743 [3] NCCL INFO Channel 17/0 : 3[3] -> 2[2] via P2P/CUMEM/read
lrdn1235:2018498:2018745 [1] NCCL INFO Channel 17/0 : 1[1] -> 0[0] via P2P/CUMEM/read
lrdn1235:2018499:2018744 [2] NCCL INFO Channel 17/0 : 2[2] -> 1[1] via P2P/CUMEM/read
lrdn1235:2018497:2018746 [0] NCCL INFO Channel 17/0 : 0[0] -> 3[3] via P2P/CUMEM/read
lrdn1235:2018496:2018743 [3] NCCL INFO Channel 19/0 : 3[3] -> 2[2] via P2P/CUMEM/read
lrdn1235:2018498:2018745 [1] NCCL INFO Channel 20/0 : 1[1] -> 0[0] via P2P/CUMEM/read
lrdn1235:2018499:2018744 [2] NCCL INFO Channel 21/0 : 2[2] -> 1[1] via P2P/CUMEM/read
lrdn1235:2018497:2018746 [0] NCCL INFO Channel 22/0 : 0[0] -> 3[3] via P2P/CUMEM/read
lrdn1235:2018496:2018743 [3] NCCL INFO Channel 23/0 : 3[3] -> 2[2] via P2P/CUMEM/read
lrdn1235:2018498:2018745 [1] NCCL INFO Channel 23/0 : 1[1] -> 0[0] via P2P/CUMEM/read
lrdn1235:2018499:2018744 [2] NCCL INFO Channel 23/0 : 2[2] -> 1[1] via P2P/CUMEM/read
lrdn1235:2018497:2018746 [0] NCCL INFO Channel 23/0 : 0[0] -> 3[3] via P2P/CUMEM/read
lrdn1235:2018496:2018743 [3] NCCL INFO Connected all rings, use ring PXN 0 GDR 1
lrdn1235:2018497:2018746 [0] NCCL INFO Connected all rings, use ring PXN 0 GDR 1
lrdn1235:2018499:2018744 [2] NCCL INFO Connected all rings, use ring PXN 0 GDR 1
lrdn1235:2018498:2018745 [1] NCCL INFO Connected all rings, use ring PXN 0 GDR 1
