lrdn0766:1547848:1547965 [0] NCCL INFO Channel 03/0 : 28[0] -> 29[0] [send] via NET/IB/6
lrdn0742:1849591:1849706 [0] NCCL INFO Channel 01/0 : 24[0] -> 25[0] [receive] via NET/IB/6
lrdn0428:385134:385249 [0] NCCL INFO Channel 01/0 : 0[0] -> 1[0] [send] via NET/IB/6
lrdn0428:385134:385249 [0] NCCL INFO Channel 02/0 : 0[0] -> 1[0] [send] via NET/IB/5
lrdn0732:3576225:3576340 [0] NCCL INFO Channel 03/0 : 23[0] -> 24[0] [receive] via NET/IB/6
lrdn0732:3576225:3576340 [0] NCCL INFO Channel 00/0 : 24[0] -> 25[0] [send] via NET/IB/5
lrdn0732:3576225:3576340 [0] NCCL INFO Channel 01/0 : 24[0] -> 25[0] [send] via NET/IB/6
lrdn0801:1614277:1614392 [0] NCCL INFO Channel 00/0 : 30[0] -> 31[0] [send] via NET/IB/5
lrdn0801:1614277:1614392 [0] NCCL INFO Channel 01/0 : 30[0] -> 31[0] [send] via NET/IB/6
lrdn1295:3070527:3070644 [0] NCCL INFO Channel 03/0 : 31[0] -> 0[0] [send] via NET/IB/6
lrdn0699:3509133:3509249 [0] NCCL INFO Channel 00/0 : 21[0] -> 22[0] [send] via NET/IB/5
lrdn0699:3509133:3509249 [0] NCCL INFO Channel 01/0 : 21[0] -> 22[0] [send] via NET/IB/6
lrdn0475:1701822:1701937 [0] NCCL INFO Channel 01/0 : 3[0] -> 4[0] [receive] via NET/IB/6
lrdn0606:1624358:1624471 [0] NCCL INFO Channel 02/0 : 10[0] -> 11[0] [receive] via NET/IB/5
lrdn0742:1849591:1849706 [0] NCCL INFO Channel 02/0 : 24[0] -> 25[0] [receive] via NET/IB/5
lrdn0428:385134:385249 [0] NCCL INFO Channel 03/0 : 0[0] -> 1[0] [send] via NET/IB/6
lrdn0732:3576225:3576340 [0] NCCL INFO Channel 02/0 : 24[0] -> 25[0] [send] via NET/IB/5
lrdn0801:1614277:1614392 [0] NCCL INFO Channel 02/0 : 30[0] -> 31[0] [send] via NET/IB/5
lrdn0801:1614277:1614392 [0] NCCL INFO Channel 03/0 : 30[0] -> 31[0] [send] via NET/IB/6
lrdn0445:1576952:1577065 [0] NCCL INFO Channel 00/0 : 0[0] -> 1[0] [receive] via NET/IB/5
lrdn0445:1576952:1577066 [0] NCCL INFO [Proxy Progress] Device 0 CPU core 9
lrdn0699:3509133:3509249 [0] NCCL INFO Channel 02/0 : 21[0] -> 22[0] [send] via NET/IB/5
lrdn0699:3509133:3509249 [0] NCCL INFO Channel 03/0 : 21[0] -> 22[0] [send] via NET/IB/6
lrdn0475:1701822:1701937 [0] NCCL INFO Channel 02/0 : 3[0] -> 4[0] [receive] via NET/IB/5
lrdn0475:1701822:1701937 [0] NCCL INFO Channel 03/0 : 3[0] -> 4[0] [receive] via NET/IB/6
lrdn0606:1624358:1624471 [0] NCCL INFO Channel 03/0 : 10[0] -> 11[0] [receive] via NET/IB/6
lrdn0606:1624358:1624471 [0] NCCL INFO Channel 00/0 : 11[0] -> 12[0] [send] via NET/IB/5
lrdn0606:1624358:1624471 [0] NCCL INFO Channel 01/0 : 11[0] -> 12[0] [send] via NET/IB/6
lrdn0759:1654783:1654898 [0] NCCL INFO Channel 01/0 : 26[0] -> 27[0] [receive] via NET/IB/6
lrdn0759:1654783:1654898 [0] NCCL INFO Channel 02/0 : 26[0] -> 27[0] [receive] via NET/IB/5
lrdn0742:1849591:1849706 [0] NCCL INFO Channel 03/0 : 24[0] -> 25[0] [receive] via NET/IB/6
lrdn0742:1849591:1849706 [0] NCCL INFO Channel 00/0 : 25[0] -> 26[0] [send] via NET/IB/5
lrdn0732:3576225:3576340 [0] NCCL INFO Channel 03/0 : 24[0] -> 25[0] [send] via NET/IB/6
lrdn0475:1701822:1701937 [0] NCCL INFO Channel 00/0 : 4[0] -> 5[0] [send] via NET/IB/5
lrdn0606:1624358:1624471 [0] NCCL INFO Channel 02/0 : 11[0] -> 12[0] [send] via NET/IB/5
lrdn0759:1654783:1654898 [0] NCCL INFO Channel 03/0 : 26[0] -> 27[0] [receive] via NET/IB/6
lrdn0759:1654783:1654898 [0] NCCL INFO Channel 00/0 : 27[0] -> 28[0] [send] via NET/IB/5
lrdn0742:1849591:1849706 [0] NCCL INFO Channel 01/0 : 25[0] -> 26[0] [send] via NET/IB/6
lrdn0742:1849591:1849706 [0] NCCL INFO Channel 02/0 : 25[0] -> 26[0] [send] via NET/IB/5
lrdn0475:1701822:1701937 [0] NCCL INFO Channel 01/0 : 4[0] -> 5[0] [send] via NET/IB/6
lrdn0606:1624358:1624471 [0] NCCL INFO Channel 03/0 : 11[0] -> 12[0] [send] via NET/IB/6
lrdn0759:1654783:1654898 [0] NCCL INFO Channel 01/0 : 27[0] -> 28[0] [send] via NET/IB/6
lrdn0742:1849591:1849706 [0] NCCL INFO Channel 03/0 : 25[0] -> 26[0] [send] via NET/IB/6
lrdn0475:1701822:1701937 [0] NCCL INFO Channel 02/0 : 4[0] -> 5[0] [send] via NET/IB/5
lrdn0759:1654783:1654898 [0] NCCL INFO Channel 02/0 : 27[0] -> 28[0] [send] via NET/IB/5
lrdn0475:1701822:1701937 [0] NCCL INFO Channel 03/0 : 4[0] -> 5[0] [send] via NET/IB/6
lrdn0445:1576952:1577065 [0] NCCL INFO Channel 01/0 : 0[0] -> 1[0] [receive] via NET/IB/6
lrdn0693:1620238:1620356 [0] NCCL INFO [Proxy Progress] Device 0 CPU core 5
lrdn0693:1620238:1620355 [0] NCCL INFO Channel 00/0 : 19[0] -> 20[0] [receive] via NET/IB/5
lrdn0693:1620238:1620355 [0] NCCL INFO Channel 01/0 : 19[0] -> 20[0] [receive] via NET/IB/6
lrdn0693:1620238:1620355 [0] NCCL INFO Channel 02/0 : 19[0] -> 20[0] [receive] via NET/IB/5
lrdn0693:1620238:1620355 [0] NCCL INFO Channel 03/0 : 19[0] -> 20[0] [receive] via NET/IB/6
lrdn0759:1654783:1654898 [0] NCCL INFO Channel 03/0 : 27[0] -> 28[0] [send] via NET/IB/6
lrdn0445:1576952:1577065 [0] NCCL INFO Channel 02/0 : 0[0] -> 1[0] [receive] via NET/IB/5
lrdn0721:1243658:1243774 [0] NCCL INFO [Proxy Progress] Device 0 CPU core 0
lrdn0721:1243658:1243773 [0] NCCL INFO Channel 00/0 : 22[0] -> 23[0] [receive] via NET/IB/5
lrdn0721:1243658:1243773 [0] NCCL INFO Channel 01/0 : 22[0] -> 23[0] [receive] via NET/IB/6
lrdn0721:1243658:1243773 [0] NCCL INFO Channel 02/0 : 22[0] -> 23[0] [receive] via NET/IB/5
lrdn0693:1620238:1620355 [0] NCCL INFO Channel 00/0 : 20[0] -> 21[0] [send] via NET/IB/5
lrdn0721:1243658:1243773 [0] NCCL INFO Channel 03/0 : 22[0] -> 23[0] [receive] via NET/IB/6
lrdn0445:1576952:1577065 [0] NCCL INFO Channel 03/0 : 0[0] -> 1[0] [receive] via NET/IB/6
lrdn0693:1620238:1620355 [0] NCCL INFO Channel 01/0 : 20[0] -> 21[0] [send] via NET/IB/6
lrdn0693:1620238:1620355 [0] NCCL INFO Channel 02/0 : 20[0] -> 21[0] [send] via NET/IB/5
lrdn0693:1620238:1620355 [0] NCCL INFO Channel 03/0 : 20[0] -> 21[0] [send] via NET/IB/6
lrdn0721:1243658:1243773 [0] NCCL INFO Channel 00/0 : 23[0] -> 24[0] [send] via NET/IB/5
lrdn0445:1576952:1577065 [0] NCCL INFO Channel 00/0 : 1[0] -> 2[0] [send] via NET/IB/5
lrdn0445:1576952:1577065 [0] NCCL INFO Channel 01/0 : 1[0] -> 2[0] [send] via NET/IB/6
lrdn0721:1243658:1243773 [0] NCCL INFO Channel 01/0 : 23[0] -> 24[0] [send] via NET/IB/6
lrdn0721:1243658:1243773 [0] NCCL INFO Channel 02/0 : 23[0] -> 24[0] [send] via NET/IB/5
lrdn0445:1576952:1577065 [0] NCCL INFO Channel 02/0 : 1[0] -> 2[0] [send] via NET/IB/5
lrdn0445:1576952:1577065 [0] NCCL INFO Channel 03/0 : 1[0] -> 2[0] [send] via NET/IB/6
lrdn0721:1243658:1243773 [0] NCCL INFO Channel 03/0 : 23[0] -> 24[0] [send] via NET/IB/6
lrdn0753:1934758:1934874 [0] NCCL INFO Channel 00/0 : 25[0] -> 26[0] [receive] via NET/IB/5
lrdn0753:1934758:1934875 [0] NCCL INFO [Proxy Progress] Device 0 CPU core 3
lrdn0753:1934758:1934874 [0] NCCL INFO Channel 01/0 : 25[0] -> 26[0] [receive] via NET/IB/6
lrdn0753:1934758:1934874 [0] NCCL INFO Channel 02/0 : 25[0] -> 26[0] [receive] via NET/IB/5
lrdn0753:1934758:1934874 [0] NCCL INFO Channel 03/0 : 25[0] -> 26[0] [receive] via NET/IB/6
lrdn0753:1934758:1934874 [0] NCCL INFO Channel 00/0 : 26[0] -> 27[0] [send] via NET/IB/5
lrdn0753:1934758:1934874 [0] NCCL INFO Channel 01/0 : 26[0] -> 27[0] [send] via NET/IB/6
lrdn0753:1934758:1934874 [0] NCCL INFO Channel 02/0 : 26[0] -> 27[0] [send] via NET/IB/5
lrdn0753:1934758:1934874 [0] NCCL INFO Channel 03/0 : 26[0] -> 27[0] [send] via NET/IB/6
lrdn0782:340959:341078 [0] NCCL INFO [Proxy Progress] Device 0 CPU core 5
lrdn0782:340959:341077 [0] NCCL INFO Channel 00/0 : 28[0] -> 29[0] [receive] via NET/IB/5
lrdn0782:340959:341077 [0] NCCL INFO Channel 01/0 : 28[0] -> 29[0] [receive] via NET/IB/6
lrdn0782:340959:341077 [0] NCCL INFO Channel 02/0 : 28[0] -> 29[0] [receive] via NET/IB/5
lrdn0782:340959:341077 [0] NCCL INFO Channel 03/0 : 28[0] -> 29[0] [receive] via NET/IB/6
lrdn0782:340959:341077 [0] NCCL INFO Channel 00/0 : 29[0] -> 30[0] [send] via NET/IB/5
lrdn0782:340959:341077 [0] NCCL INFO Channel 01/0 : 29[0] -> 30[0] [send] via NET/IB/6
lrdn0782:340959:341077 [0] NCCL INFO Channel 02/0 : 29[0] -> 30[0] [send] via NET/IB/5
lrdn0782:340959:341077 [0] NCCL INFO Channel 03/0 : 29[0] -> 30[0] [send] via NET/IB/6
lrdn0721:1243658:1243773 [0] NCCL INFO Connected all rings, use ring PXN 0 GDR 0
lrdn0712:1842149:1842263 [0] NCCL INFO Connected all rings, use ring PXN 0 GDR 0
lrdn0699:3509133:3509249 [0] NCCL INFO Connected all rings, use ring PXN 0 GDR 0
lrdn0732:3576225:3576340 [0] NCCL INFO Connected all rings, use ring PXN 0 GDR 0
lrdn0693:1620238:1620355 [0] NCCL INFO Connected all rings, use ring PXN 0 GDR 0
lrdn0672:2781644:2781761 [0] NCCL INFO Connected all rings, use ring PXN 0 GDR 0
lrdn0753:1934758:1934874 [0] NCCL INFO Connected all rings, use ring PXN 0 GDR 0
lrdn0742:1849591:1849706 [0] NCCL INFO Connected all rings, use ring PXN 0 GDR 0
lrdn0681:1636317:1636435 [0] NCCL INFO Connected all rings, use ring PXN 0 GDR 0
lrdn0646:1587689:1587803 [0] NCCL INFO Connected all rings, use ring PXN 0 GDR 0
lrdn0782:340959:341077 [0] NCCL INFO Connected all rings, use ring PXN 0 GDR 0
lrdn0759:1654783:1654898 [0] NCCL INFO Connected all rings, use ring PXN 0 GDR 0
lrdn0664:1553625:1553740 [0] NCCL INFO Connected all rings, use ring PXN 0 GDR 0
lrdn0428:385134:385249 [0] NCCL INFO Connected all rings, use ring PXN 0 GDR 0
lrdn0642:1581769:1581884 [0] NCCL INFO Connected all rings, use ring PXN 0 GDR 0
lrdn0634:820804:820919 [0] NCCL INFO Connected all rings, use ring PXN 0 GDR 0
lrdn0766:1547848:1547965 [0] NCCL INFO Connected all rings, use ring PXN 0 GDR 0
lrdn0801:1614277:1614392 [0] NCCL INFO Connected all rings, use ring PXN 0 GDR 0
lrdn0449:2388359:2388474 [0] NCCL INFO Connected all rings, use ring PXN 0 GDR 0
lrdn1295:3070527:3070644 [0] NCCL INFO Connected all rings, use ring PXN 0 GDR 0
lrdn0536:1596533:1596679 [0] NCCL INFO Connected all rings, use ring PXN 0 GDR 0
lrdn0445:1576952:1577065 [0] NCCL INFO Connected all rings, use ring PXN 0 GDR 0
lrdn0529:3284075:3284189 [0] NCCL INFO Connected all rings, use ring PXN 0 GDR 0
lrdn0475:1701822:1701937 [0] NCCL INFO Connected all rings, use ring PXN 0 GDR 0
lrdn0554:3416944:3417059 [0] NCCL INFO Connected all rings, use ring PXN 0 GDR 0
lrdn0479:584120:584234 [0] NCCL INFO Connected all rings, use ring PXN 0 GDR 0
lrdn0463:1423639:1423753 [0] NCCL INFO Connected all rings, use ring PXN 0 GDR 0
lrdn0523:1508859:1508976 [0] NCCL INFO Connected all rings, use ring PXN 0 GDR 0
lrdn0567:1731032:1731145 [0] NCCL INFO Connected all rings, use ring PXN 0 GDR 0
lrdn0606:1624358:1624471 [0] NCCL INFO Connected all rings, use ring PXN 0 GDR 0
lrdn0627:2273038:2273189 [0] NCCL INFO Connected all rings, use ring PXN 0 GDR 0
lrdn0618:1812949:1813068 [0] NCCL INFO Connected all rings, use ring PXN 0 GDR 0
[38;20m2025-08-02 04:01:21,798 | xffl.distributed.aggregation |     INFO | layer_by_layer - NCCL_ALGO=ring - NCCL_PROTO=SIMPLE - Multiple CUDA streams False, Contiguous memory False:
 Average communication time over 3 iterations: 2.30 (max/real adjusted throughput: 109.04/108.06 Gb/s - Max GPU RAM allocated: 16.06 GB)[0m
[38;20m2025-08-02 04:01:40,809 | xffl.distributed.aggregation |     INFO | layer_by_layer - NCCL_ALGO=ring - NCCL_PROTO=SIMPLE - Multiple CUDA streams False, Contiguous memory True:
 Average communication time over 3 iterations: 2.32 (max/real adjusted throughput: 98.51/107.48 Gb/s - Max GPU RAM allocated: 16.06 GB)[0m
lrdn0428:385134:385134 [0] NCCL INFO Comm config Blocking set to 1
lrdn0449:2388359:2388359 [0] NCCL INFO Comm config Blocking set to 1
lrdn0463:1423639:1423639 [0] NCCL INFO Comm config Blocking set to 1
lrdn1295:3070527:3070527 [0] NCCL INFO Comm config Blocking set to 1
lrdn0475:1701822:1701822 [0] NCCL INFO Comm config Blocking set to 1
lrdn0479:584120:584120 [0] NCCL INFO Comm config Blocking set to 1
lrdn0742:1849591:1849591 [0] NCCL INFO Comm config Blocking set to 1
lrdn0699:3509133:3509133 [0] NCCL INFO Comm config Blocking set to 1
lrdn0445:1576952:1576952 [0] NCCL INFO Comm config Blocking set to 1
lrdn0449:2388359:2388494 [0] NCCL INFO Using network IB
lrdn0529:3284075:3284075 [0] NCCL INFO Comm config Blocking set to 1
lrdn0536:1596533:1596533 [0] NCCL INFO Comm config Blocking set to 1
lrdn0606:1624358:1624358 [0] NCCL INFO Comm config Blocking set to 1
lrdn0463:1423639:1423757 [0] NCCL INFO Using network IB
lrdn0732:3576225:3576225 [0] NCCL INFO Comm config Blocking set to 1
lrdn0554:3416944:3416944 [0] NCCL INFO Comm config Blocking set to 1
lrdn1295:3070527:3070649 [0] NCCL INFO Using network IB
lrdn0523:1508859:1508859 [0] NCCL INFO Comm config Blocking set to 1
lrdn0567:1731032:1731032 [0] NCCL INFO Comm config Blocking set to 1
lrdn0759:1654783:1654783 [0] NCCL INFO Comm config Blocking set to 1
lrdn0634:820804:820804 [0] NCCL INFO Comm config Blocking set to 1
lrdn0721:1243658:1243658 [0] NCCL INFO Comm config Blocking set to 1
lrdn0753:1934758:1934758 [0] NCCL INFO Comm config Blocking set to 1
lrdn0801:1614277:1614277 [0] NCCL INFO Comm config Blocking set to 1
lrdn0529:3284075:3284193 [0] NCCL INFO Using network IB
lrdn0646:1587689:1587689 [0] NCCL INFO Comm config Blocking set to 1
lrdn0742:1849591:1849709 [0] NCCL INFO Using network IB
lrdn0536:1596533:1596684 [0] NCCL INFO Using network IB
lrdn0428:385134:385253 [0] NCCL INFO Using network IB
lrdn0732:3576225:3576343 [0] NCCL INFO Using network IB
lrdn0766:1547848:1547848 [0] NCCL INFO Comm config Blocking set to 1
lrdn0766:1547848:1547968 [0] NCCL INFO Using network IB
lrdn0445:1576952:1577069 [0] NCCL INFO Using network IB
lrdn0554:3416944:3417062 [0] NCCL INFO Using network IB
lrdn0712:1842149:1842149 [0] NCCL INFO Comm config Blocking set to 1
lrdn0712:1842149:1842282 [0] NCCL INFO Using network IB
lrdn0523:1508859:1508983 [0] NCCL INFO Using network IB
lrdn0479:584120:584237 [0] NCCL INFO Using network IB
lrdn0567:1731032:1731149 [0] NCCL INFO Using network IB
lrdn0759:1654783:1654901 [0] NCCL INFO Using network IB
lrdn0634:820804:820922 [0] NCCL INFO Using network IB
lrdn0681:1636317:1636317 [0] NCCL INFO Comm config Blocking set to 1
lrdn0681:1636317:1636441 [0] NCCL INFO Using network IB
lrdn0721:1243658:1243777 [0] NCCL INFO Using network IB
lrdn0753:1934758:1934877 [0] NCCL INFO Using network IB
lrdn0801:1614277:1614411 [0] NCCL INFO Using network IB
lrdn0529:3284075:3284193 [0] NCCL INFO ncclCommInitRankConfig comm 0x11a8d5a0 rank 7 nranks 32 cudaDev 0 nvmlDev 0 busId 1d000 commId 0x3c4a992184bab3bc - Init START
lrdn0646:1587689:1587806 [0] NCCL INFO Using network IB
lrdn0646:1587689:1587806 [0] NCCL INFO ncclCommInitRankConfig comm 0x115f6080 rank 16 nranks 32 cudaDev 0 nvmlDev 0 busId 1d000 commId 0x3c4a992184bab3bc - Init START
lrdn0742:1849591:1849709 [0] NCCL INFO ncclCommInitRankConfig comm 0x2ac3b010 rank 25 nranks 32 cudaDev 0 nvmlDev 0 busId 1d000 commId 0x3c4a992184bab3bc - Init START
lrdn0536:1596533:1596684 [0] NCCL INFO ncclCommInitRankConfig comm 0xde05b40 rank 8 nranks 32 cudaDev 0 nvmlDev 0 busId 1d000 commId 0x3c4a992184bab3bc - Init START
lrdn0693:1620238:1620238 [0] NCCL INFO Comm config Blocking set to 1
lrdn0428:385134:385253 [0] NCCL INFO ncclCommInitRankConfig comm 0xc659410 rank 0 nranks 32 cudaDev 0 nvmlDev 0 busId 1d000 commId 0x3c4a992184bab3bc - Init START
lrdn0732:3576225:3576343 [0] NCCL INFO ncclCommInitRankConfig comm 0x2e2e84c0 rank 24 nranks 32 cudaDev 0 nvmlDev 0 busId 1d000 commId 0x3c4a992184bab3bc - Init START
lrdn0766:1547848:1547968 [0] NCCL INFO ncclCommInitRankConfig comm 0x1a8e6840 rank 28 nranks 32 cudaDev 0 nvmlDev 0 busId 1d000 commId 0x3c4a992184bab3bc - Init START
lrdn0445:1576952:1577069 [0] NCCL INFO ncclCommInitRankConfig comm 0x2f1b0680 rank 1 nranks 32 cudaDev 0 nvmlDev 0 busId 1d000 commId 0x3c4a992184bab3bc - Init START
lrdn0554:3416944:3417062 [0] NCCL INFO ncclCommInitRankConfig comm 0x10d79e40 rank 9 nranks 32 cudaDev 0 nvmlDev 0 busId 1d000 commId 0x3c4a992184bab3bc - Init START
lrdn0712:1842149:1842282 [0] NCCL INFO ncclCommInitRankConfig comm 0x21b37f80 rank 22 nranks 32 cudaDev 0 nvmlDev 0 busId 1d000 commId 0x3c4a992184bab3bc - Init START
lrdn0523:1508859:1508983 [0] NCCL INFO ncclCommInitRankConfig comm 0x16aedf40 rank 6 nranks 32 cudaDev 0 nvmlDev 0 busId 1d000 commId 0x3c4a992184bab3bc - Init START
lrdn0664:1553625:1553625 [0] NCCL INFO Comm config Blocking set to 1
lrdn0664:1553625:1553746 [0] NCCL INFO Using network IB
lrdn0664:1553625:1553746 [0] NCCL INFO ncclCommInitRankConfig comm 0x1c688ad0 rank 17 nranks 32 cudaDev 0 nvmlDev 0 busId 1d000 commId 0x3c4a992184bab3bc - Init START
lrdn0479:584120:584237 [0] NCCL INFO ncclCommInitRankConfig comm 0xc1d2a00 rank 5 nranks 32 cudaDev 0 nvmlDev 0 busId 1d000 commId 0x3c4a992184bab3bc - Init START
lrdn0567:1731032:1731149 [0] NCCL INFO ncclCommInitRankConfig comm 0xd6bfae0 rank 10 nranks 32 cudaDev 0 nvmlDev 0 busId 1d000 commId 0x3c4a992184bab3bc - Init START
lrdn0634:820804:820922 [0] NCCL INFO ncclCommInitRankConfig comm 0x2b2a55c0 rank 14 nranks 32 cudaDev 0 nvmlDev 0 busId 1d000 commId 0x3c4a992184bab3bc - Init START
lrdn0759:1654783:1654901 [0] NCCL INFO ncclCommInitRankConfig comm 0xcfe5010 rank 27 nranks 32 cudaDev 0 nvmlDev 0 busId 1d000 commId 0x3c4a992184bab3bc - Init START
lrdn0681:1636317:1636441 [0] NCCL INFO ncclCommInitRankConfig comm 0x1f01e4a0 rank 19 nranks 32 cudaDev 0 nvmlDev 0 busId 1d000 commId 0x3c4a992184bab3bc - Init START
lrdn0721:1243658:1243777 [0] NCCL INFO ncclCommInitRankConfig comm 0xceab740 rank 23 nranks 32 cudaDev 0 nvmlDev 0 busId 1d000 commId 0x3c4a992184bab3bc - Init START
lrdn0753:1934758:1934877 [0] NCCL INFO ncclCommInitRankConfig comm 0xd6fa000 rank 26 nranks 32 cudaDev 0 nvmlDev 0 busId 1d000 commId 0x3c4a992184bab3bc - Init START
lrdn0801:1614277:1614411 [0] NCCL INFO ncclCommInitRankConfig comm 0xcc2c8d0 rank 30 nranks 32 cudaDev 0 nvmlDev 0 busId 1d000 commId 0x3c4a992184bab3bc - Init START
lrdn0449:2388359:2388494 [0] NCCL INFO ncclCommInitRankConfig comm 0x2d618c30 rank 2 nranks 32 cudaDev 0 nvmlDev 0 busId 1d000 commId 0x3c4a992184bab3bc - Init START
lrdn0642:1581769:1581769 [0] NCCL INFO Comm config Blocking set to 1
lrdn0642:1581769:1581887 [0] NCCL INFO Using network IB
lrdn0642:1581769:1581887 [0] NCCL INFO ncclCommInitRankConfig comm 0x21048d40 rank 15 nranks 32 cudaDev 0 nvmlDev 0 busId 1d000 commId 0x3c4a992184bab3bc - Init START
lrdn0693:1620238:1620359 [0] NCCL INFO Using network IB
lrdn0693:1620238:1620359 [0] NCCL INFO ncclCommInitRankConfig comm 0x17a5d840 rank 20 nranks 32 cudaDev 0 nvmlDev 0 busId 1d000 commId 0x3c4a992184bab3bc - Init START
lrdn0672:2781644:2781644 [0] NCCL INFO Comm config Blocking set to 1
lrdn0672:2781644:2781768 [0] NCCL INFO Using network IB
lrdn0672:2781644:2781768 [0] NCCL INFO ncclCommInitRankConfig comm 0x2080e970 rank 18 nranks 32 cudaDev 0 nvmlDev 0 busId 1d000 commId 0x3c4a992184bab3bc - Init START
lrdn0463:1423639:1423757 [0] NCCL INFO ncclCommInitRankConfig comm 0x10f1a960 rank 3 nranks 32 cudaDev 0 nvmlDev 0 busId 1d000 commId 0x3c4a992184bab3bc - Init START
lrdn0627:2273038:2273038 [0] NCCL INFO Comm config Blocking set to 1
lrdn0627:2273038:2273194 [0] NCCL INFO Using network IB
lrdn0627:2273038:2273194 [0] NCCL INFO ncclCommInitRankConfig comm 0x117dd6c0 rank 13 nranks 32 cudaDev 0 nvmlDev 0 busId 1d000 commId 0x3c4a992184bab3bc - Init START
lrdn0475:1701822:1701940 [0] NCCL INFO Using network IB
lrdn0475:1701822:1701940 [0] NCCL INFO ncclCommInitRankConfig comm 0x202e4880 rank 4 nranks 32 cudaDev 0 nvmlDev 0 busId 1d000 commId 0x3c4a992184bab3bc - Init START
lrdn0782:340959:340959 [0] NCCL INFO Comm config Blocking set to 1
lrdn0782:340959:341100 [0] NCCL INFO Using network IB
lrdn1295:3070527:3070649 [0] NCCL INFO ncclCommInitRankConfig comm 0x12018f00 rank 31 nranks 32 cudaDev 0 nvmlDev 0 busId 1d000 commId 0x3c4a992184bab3bc - Init START
lrdn0606:1624358:1624474 [0] NCCL INFO Using network IB
lrdn0618:1812949:1812949 [0] NCCL INFO Comm config Blocking set to 1
lrdn0618:1812949:1813073 [0] NCCL INFO Using network IB
lrdn0618:1812949:1813073 [0] NCCL INFO ncclCommInitRankConfig comm 0xd2c8fe0 rank 12 nranks 32 cudaDev 0 nvmlDev 0 busId 1d000 commId 0x3c4a992184bab3bc - Init START
lrdn0699:3509133:3509253 [0] NCCL INFO Using network IB
lrdn0699:3509133:3509253 [0] NCCL INFO ncclCommInitRankConfig comm 0x2b497080 rank 21 nranks 32 cudaDev 0 nvmlDev 0 busId 1d000 commId 0x3c4a992184bab3bc - Init START
lrdn0782:340959:341100 [0] NCCL INFO ncclCommInitRankConfig comm 0x2bd47960 rank 29 nranks 32 cudaDev 0 nvmlDev 0 busId 1d000 commId 0x3c4a992184bab3bc - Init START
lrdn0606:1624358:1624474 [0] NCCL INFO ncclCommInitRankConfig comm 0x17168fc0 rank 11 nranks 32 cudaDev 0 nvmlDev 0 busId 1d000 commId 0x3c4a992184bab3bc - Init START
lrdn0529:3284075:3284193 [0] NCCL INFO Bootstrap timings total 0.005520 (create 0.000016, send 0.000094, recv 0.001969, ring 0.003327, delay 0.000000)
lrdn0554:3416944:3417062 [0] NCCL INFO Bootstrap timings total 0.005595 (create 0.000022, send 0.000246, recv 0.001964, ring 0.003250, delay 0.000000)
lrdn0536:1596533:1596684 [0] NCCL INFO Bootstrap timings total 0.005618 (create 0.000017, send 0.000249, recv 0.001913, ring 0.003276, delay 0.000000)
lrdn0567:1731032:1731149 [0] NCCL INFO Bootstrap timings total 0.005545 (create 0.000025, send 0.000094, recv 0.001479, ring 0.003246, delay 0.000000)
lrdn0618:1812949:1813073 [0] NCCL INFO Bootstrap timings total 0.005366 (create 0.000018, send 0.000091, recv 0.003389, ring 0.001644, delay 0.000000)
lrdn0606:1624358:1624474 [0] NCCL INFO Bootstrap timings total 0.005740 (create 0.000018, send 0.000072, recv 0.003639, ring 0.001894, delay 0.000000)
lrdn0627:2273038:2273194 [0] NCCL INFO Bootstrap timings total 0.005644 (create 0.000017, send 0.000075, recv 0.001444, ring 0.001566, delay 0.000000)
lrdn0634:820804:820922 [0] NCCL INFO Bootstrap timings total 0.005722 (create 0.000017, send 0.000077, recv 0.002397, ring 0.003104, delay 0.000000)
lrdn0523:1508859:1508983 [0] NCCL INFO Bootstrap timings total 0.005740 (create 0.000014, send 0.000125, recv 0.001295, ring 0.004037, delay 0.000000)
lrdn0642:1581769:1581887 [0] NCCL INFO Bootstrap timings total 0.005828 (create 0.000021, send 0.000155, recv 0.003310, ring 0.002219, delay 0.000000)
lrdn0646:1587689:1587806 [0] NCCL INFO Bootstrap timings total 0.005756 (create 0.000019, send 0.000267, recv 0.003125, ring 0.002122, delay 0.000000)
lrdn0664:1553625:1553746 [0] NCCL INFO Bootstrap timings total 0.005951 (create 0.000023, send 0.000183, recv 0.002478, ring 0.002167, delay 0.000000)
lrdn0672:2781644:2781768 [0] NCCL INFO Bootstrap timings total 0.006017 (create 0.000016, send 0.000168, recv 0.002520, ring 0.003148, delay 0.000000)
lrdn0721:1243658:1243777 [0] NCCL INFO Bootstrap timings total 0.006100 (create 0.000024, send 0.000065, recv 0.003215, ring 0.002465, delay 0.000000)
lrdn0475:1701822:1701940 [0] NCCL INFO Bootstrap timings total 0.006216 (create 0.000016, send 0.000122, recv 0.000943, ring 0.004776, delay 0.000000)
lrdn0479:584120:584237 [0] NCCL INFO Bootstrap timings total 0.006022 (create 0.000020, send 0.000083, recv 0.001234, ring 0.004578, delay 0.000000)
lrdn0699:3509133:3509253 [0] NCCL INFO Bootstrap timings total 0.006216 (create 0.000021, send 0.000087, recv 0.001842, ring 0.004142, delay 0.000000)
lrdn0732:3576225:3576343 [0] NCCL INFO Bootstrap timings total 0.005988 (create 0.000020, send 0.000241, recv 0.003050, ring 0.002437, delay 0.000000)
lrdn0712:1842149:1842282 [0] NCCL INFO Bootstrap timings total 0.006025 (create 0.000018, send 0.000127, recv 0.001789, ring 0.003982, delay 0.000000)
lrdn0693:1620238:1620359 [0] NCCL INFO Bootstrap timings total 0.006058 (create 0.000017, send 0.000087, recv 0.001059, ring 0.004610, delay 0.000000)
lrdn0759:1654783:1654901 [0] NCCL INFO Bootstrap timings total 0.006108 (create 0.000019, send 0.000178, recv 0.002091, ring 0.003697, delay 0.000000)
lrdn0782:340959:341100 [0] NCCL INFO Bootstrap timings total 0.006329 (create 0.000018, send 0.000118, recv 0.002970, ring 0.003110, delay 0.000000)
lrdn0753:1934758:1934877 [0] NCCL INFO Bootstrap timings total 0.006120 (create 0.000020, send 0.000121, recv 0.001930, ring 0.003140, delay 0.000000)
lrdn0801:1614277:1614411 [0] NCCL INFO Bootstrap timings total 0.006087 (create 0.000020, send 0.000254, recv 0.002641, ring 0.003056, delay 0.000000)
lrdn1295:3070527:3070649 [0] NCCL INFO Bootstrap timings total 0.006340 (create 0.000017, send 0.000093, recv 0.000529, ring 0.003048, delay 0.000000)
lrdn0463:1423639:1423757 [0] NCCL INFO Bootstrap timings total 0.006386 (create 0.000021, send 0.000124, recv 0.000856, ring 0.005278, delay 0.000000)
lrdn0428:385134:385253 [0] NCCL INFO Bootstrap timings total 0.006567 (create 0.000012, send 0.000051, recv 0.001446, ring 0.004947, delay 0.000000)
lrdn0449:2388359:2388494 [0] NCCL INFO Bootstrap timings total 0.006484 (create 0.000017, send 0.000065, recv 0.000852, ring 0.004836, delay 0.000000)
lrdn0445:1576952:1577069 [0] NCCL INFO Bootstrap timings total 0.006401 (create 0.000020, send 0.000232, recv 0.001165, ring 0.004870, delay 0.000000)
lrdn0742:1849591:1849709 [0] NCCL INFO Bootstrap timings total 0.006161 (create 0.000025, send 0.000250, recv 0.002543, ring 0.002437, delay 0.000000)
lrdn0766:1547848:1547968 [0] NCCL INFO Bootstrap timings total 0.006211 (create 0.000020, send 0.000271, recv 0.002113, ring 0.003588, delay 0.000000)
lrdn0681:1636317:1636441 [0] NCCL INFO Bootstrap timings total 0.006262 (create 0.000020, send 0.000083, recv 0.001087, ring 0.003385, delay 0.000000)
lrdn0759:1654783:1654901 [0] NCCL INFO Setting affinity for GPU 0 to ffff
lrdn0753:1934758:1934877 [0] NCCL INFO Setting affinity for GPU 0 to ffff
lrdn0742:1849591:1849709 [0] NCCL INFO Setting affinity for GPU 0 to ffff
lrdn0523:1508859:1508983 [0] NCCL INFO Setting affinity for GPU 0 to ffff
lrdn0479:584120:584237 [0] NCCL INFO Setting affinity for GPU 0 to ffff
lrdn0449:2388359:2388494 [0] NCCL INFO Setting affinity for GPU 0 to ffff
lrdn0554:3416944:3417062 [0] NCCL INFO Setting affinity for GPU 0 to ffff
lrdn0693:1620238:1620359 [0] NCCL INFO Setting affinity for GPU 0 to ffff
lrdn0732:3576225:3576343 [0] NCCL INFO Setting affinity for GPU 0 to ffff
lrdn0475:1701822:1701940 [0] NCCL INFO Setting affinity for GPU 0 to ffff
lrdn0801:1614277:1614411 [0] NCCL INFO Setting affinity for GPU 0 to ffff
lrdn0428:385134:385253 [0] NCCL INFO Setting affinity for GPU 0 to ffff
lrdn0766:1547848:1547968 [0] NCCL INFO Setting affinity for GPU 0 to ffff
lrdn0721:1243658:1243777 [0] NCCL INFO Setting affinity for GPU 0 to ffff
lrdn0536:1596533:1596684 [0] NCCL INFO Setting affinity for GPU 0 to ffff
lrdn0567:1731032:1731149 [0] NCCL INFO Setting affinity for GPU 0 to ffff
lrdn0634:820804:820922 [0] NCCL INFO Setting affinity for GPU 0 to ffff
lrdn0782:340959:341100 [0] NCCL INFO Setting affinity for GPU 0 to ffff
lrdn0642:1581769:1581887 [0] NCCL INFO Setting affinity for GPU 0 to ffff
lrdn1295:3070527:3070649 [0] NCCL INFO Setting affinity for GPU 0 to ffff
lrdn0627:2273038:2273194 [0] NCCL INFO Setting affinity for GPU 0 to ffff
lrdn0681:1636317:1636441 [0] NCCL INFO Setting affinity for GPU 0 to ffff
lrdn0445:1576952:1577069 [0] NCCL INFO Setting affinity for GPU 0 to ffff
lrdn0529:3284075:3284193 [0] NCCL INFO Setting affinity for GPU 0 to ffff
lrdn0672:2781644:2781768 [0] NCCL INFO Setting affinity for GPU 0 to ffff
lrdn0646:1587689:1587806 [0] NCCL INFO Setting affinity for GPU 0 to ffff
lrdn0699:3509133:3509253 [0] NCCL INFO Setting affinity for GPU 0 to ffff
lrdn0618:1812949:1813073 [0] NCCL INFO Setting affinity for GPU 0 to ffff
lrdn0463:1423639:1423757 [0] NCCL INFO Setting affinity for GPU 0 to ffff
lrdn0606:1624358:1624474 [0] NCCL INFO Setting affinity for GPU 0 to ffff
lrdn0664:1553625:1553746 [0] NCCL INFO Setting affinity for GPU 0 to ffff
lrdn0712:1842149:1842282 [0] NCCL INFO Setting affinity for GPU 0 to ffff
lrdn0606:1624358:1624474 [0] NCCL INFO comm 0x17168fc0 rank 11 nRanks 32 nNodes 32 localRanks 1 localRank 0 MNNVL 0
lrdn0606:1624358:1624474 [0] NCCL INFO Trees [0] -1/-1/-1->11->10 [1] -1/-1/-1->11->10 [2] 13/9/-1->11->7 [3] 13/9/-1->11->7
lrdn0606:1624358:1624474 [0] NCCL INFO P2P Chunksize set to 131072
lrdn0523:1508859:1508983 [0] NCCL INFO comm 0x16aedf40 rank 6 nRanks 32 nNodes 32 localRanks 1 localRank 0 MNNVL 0
lrdn0523:1508859:1508983 [0] NCCL INFO Trees [0] 5/7/-1->6->4 [1] 5/7/-1->6->4 [2] -1/-1/-1->6->5 [3] -1/-1/-1->6->5
lrdn0523:1508859:1508983 [0] NCCL INFO P2P Chunksize set to 131072
lrdn0554:3416944:3417062 [0] NCCL INFO comm 0x10d79e40 rank 9 nRanks 32 nNodes 32 localRanks 1 localRank 0 MNNVL 0
lrdn0554:3416944:3417062 [0] NCCL INFO Trees [0] -1/-1/-1->9->10 [1] -1/-1/-1->9->10 [2] 10/8/-1->9->11 [3] 10/8/-1->9->11
lrdn0554:3416944:3417062 [0] NCCL INFO P2P Chunksize set to 131072
lrdn0567:1731032:1731149 [0] NCCL INFO comm 0xd6bfae0 rank 10 nRanks 32 nNodes 32 localRanks 1 localRank 0 MNNVL 0
lrdn0567:1731032:1731149 [0] NCCL INFO Trees [0] 9/11/-1->10->12 [1] 9/11/-1->10->12 [2] -1/-1/-1->10->9 [3] -1/-1/-1->10->9
lrdn0567:1731032:1731149 [0] NCCL INFO P2P Chunksize set to 131072
lrdn1295:3070527:3070649 [0] NCCL INFO comm 0x12018f00 rank 31 nRanks 32 nNodes 32 localRanks 1 localRank 0 MNNVL 0
lrdn0567:1731032:1731150 [0] NCCL INFO [Proxy Service] Device 0 CPU core 2
lrdn0523:1508859:1508984 [0] NCCL INFO [Proxy Service] Device 0 CPU core 1
lrdn1295:3070527:3070649 [0] NCCL INFO Trees [0] -1/-1/-1->31->30 [1] -1/-1/-1->31->30 [2] 15/-1/-1->31->-1 [3] 15/-1/-1->31->-1
lrdn1295:3070527:3070649 [0] NCCL INFO P2P Chunksize set to 131072
lrdn0606:1624358:1624475 [0] NCCL INFO [Proxy Service] Device 0 CPU core 3
lrdn0606:1624358:1624476 [0] NCCL INFO [Proxy Service UDS] Device 0 CPU core 4
lrdn0428:385134:385253 [0] NCCL INFO comm 0xc659410 rank 0 nRanks 32 nNodes 32 localRanks 1 localRank 0 MNNVL 0
lrdn0428:385134:385253 [0] NCCL INFO Channel 00/04 :  0  1  2  3  4  5  6  7  8  9 10 11 12 13 14 15 16 17 18 19 20 21 22 23 24 25 26 27 28 29 30 31
lrdn0428:385134:385253 [0] NCCL INFO Channel 01/04 :  0  1  2  3  4  5  6  7  8  9 10 11 12 13 14 15 16 17 18 19 20 21 22 23 24 25 26 27 28 29 30 31
lrdn0428:385134:385253 [0] NCCL INFO Channel 02/04 :  0  1  2  3  4  5  6  7  8  9 10 11 12 13 14 15 16 17 18 19 20 21 22 23 24 25 26 27 28 29 30 31
lrdn0428:385134:385253 [0] NCCL INFO Channel 03/04 :  0  1  2  3  4  5  6  7  8  9 10 11 12 13 14 15 16 17 18 19 20 21 22 23 24 25 26 27 28 29 30 31
lrdn0428:385134:385253 [0] NCCL INFO Trees [0] 16/-1/-1->0->-1 [1] 16/-1/-1->0->-1 [2] -1/-1/-1->0->1 [3] -1/-1/-1->0->1
lrdn0428:385134:385253 [0] NCCL INFO P2P Chunksize set to 131072
lrdn0428:385134:385253 [0] NCCL INFO Check P2P Type intraNodeP2pSupport 0 directMode 0
lrdn0567:1731032:1731151 [0] NCCL INFO [Proxy Service UDS] Device 0 CPU core 3
lrdn0523:1508859:1508985 [0] NCCL INFO [Proxy Service UDS] Device 0 CPU core 4
lrdn0463:1423639:1423757 [0] NCCL INFO comm 0x10f1a960 rank 3 nRanks 32 nNodes 32 localRanks 1 localRank 0 MNNVL 0
lrdn0463:1423639:1423757 [0] NCCL INFO Trees [0] -1/-1/-1->3->2 [1] -1/-1/-1->3->2 [2] 5/1/-1->3->7 [3] 5/1/-1->3->7
lrdn0463:1423639:1423757 [0] NCCL INFO P2P Chunksize set to 131072
lrdn0536:1596533:1596684 [0] NCCL INFO comm 0xde05b40 rank 8 nRanks 32 nNodes 32 localRanks 1 localRank 0 MNNVL 0
lrdn0536:1596533:1596684 [0] NCCL INFO Trees [0] 4/12/-1->8->16 [1] 4/12/-1->8->16 [2] -1/-1/-1->8->9 [3] -1/-1/-1->8->9
lrdn0536:1596533:1596684 [0] NCCL INFO P2P Chunksize set to 131072
lrdn0536:1596533:1596685 [0] NCCL INFO [Proxy Service] Device 0 CPU core 1
lrdn0449:2388359:2388494 [0] NCCL INFO comm 0x2d618c30 rank 2 nRanks 32 nNodes 32 localRanks 1 localRank 0 MNNVL 0
lrdn0449:2388359:2388494 [0] NCCL INFO Trees [0] 1/3/-1->2->4 [1] 1/3/-1->2->4 [2] -1/-1/-1->2->1 [3] -1/-1/-1->2->1
lrdn0449:2388359:2388494 [0] NCCL INFO P2P Chunksize set to 131072
lrdn0618:1812949:1813073 [0] NCCL INFO comm 0xd2c8fe0 rank 12 nRanks 32 nNodes 32 localRanks 1 localRank 0 MNNVL 0
lrdn0618:1812949:1813073 [0] NCCL INFO Trees [0] 10/14/-1->12->8 [1] 10/14/-1->12->8 [2] -1/-1/-1->12->13 [3] -1/-1/-1->12->13
lrdn0618:1812949:1813073 [0] NCCL INFO P2P Chunksize set to 131072
lrdn0554:3416944:3417063 [0] NCCL INFO [Proxy Service] Device 0 CPU core 2
lrdn0554:3416944:3417064 [0] NCCL INFO [Proxy Service UDS] Device 0 CPU core 4
lrdn0428:385134:385254 [0] NCCL INFO [Proxy Service] Device 0 CPU core 8
lrdn0445:1576952:1577069 [0] NCCL INFO comm 0x2f1b0680 rank 1 nRanks 32 nNodes 32 localRanks 1 localRank 0 MNNVL 0
lrdn0445:1576952:1577069 [0] NCCL INFO Trees [0] -1/-1/-1->1->2 [1] -1/-1/-1->1->2 [2] 2/0/-1->1->3 [3] 2/0/-1->1->3
lrdn0445:1576952:1577069 [0] NCCL INFO P2P Chunksize set to 131072
lrdn0536:1596533:1596686 [0] NCCL INFO [Proxy Service UDS] Device 0 CPU core 3
lrdn1295:3070527:3070650 [0] NCCL INFO [Proxy Service] Device 0 CPU core 4
lrdn0801:1614277:1614411 [0] NCCL INFO comm 0xcc2c8d0 rank 30 nRanks 32 nNodes 32 localRanks 1 localRank 0 MNNVL 0
lrdn0801:1614277:1614411 [0] NCCL INFO Trees [0] 29/31/-1->30->28 [1] 29/31/-1->30->28 [2] -1/-1/-1->30->29 [3] -1/-1/-1->30->29
lrdn0801:1614277:1614411 [0] NCCL INFO P2P Chunksize set to 131072
lrdn0449:2388359:2388495 [0] NCCL INFO [Proxy Service] Device 0 CPU core 4
lrdn0445:1576952:1577070 [0] NCCL INFO [Proxy Service] Device 0 CPU core 11
lrdn0445:1576952:1577071 [0] NCCL INFO [Proxy Service UDS] Device 0 CPU core 12
lrdn0618:1812949:1813074 [0] NCCL INFO [Proxy Service] Device 0 CPU core 2
lrdn0801:1614277:1614412 [0] NCCL INFO [Proxy Service] Device 0 CPU core 3
lrdn0766:1547848:1547968 [0] NCCL INFO comm 0x1a8e6840 rank 28 nRanks 32 nNodes 32 localRanks 1 localRank 0 MNNVL 0
lrdn0428:385134:385255 [0] NCCL INFO [Proxy Service UDS] Device 0 CPU core 11
lrdn0642:1581769:1581887 [0] NCCL INFO comm 0x21048d40 rank 15 nRanks 32 nNodes 32 localRanks 1 localRank 0 MNNVL 0
lrdn0766:1547848:1547968 [0] NCCL INFO Trees [0] 26/30/-1->28->24 [1] 26/30/-1->28->24 [2] -1/-1/-1->28->29 [3] -1/-1/-1->28->29
lrdn0766:1547848:1547968 [0] NCCL INFO P2P Chunksize set to 131072
lrdn1295:3070527:3070651 [0] NCCL INFO [Proxy Service UDS] Device 0 CPU core 5
lrdn0642:1581769:1581887 [0] NCCL INFO Trees [0] -1/-1/-1->15->14 [1] -1/-1/-1->15->14 [2] 23/7/-1->15->31 [3] 23/7/-1->15->31
lrdn0642:1581769:1581887 [0] NCCL INFO P2P Chunksize set to 131072
lrdn0759:1654783:1654901 [0] NCCL INFO comm 0xcfe5010 rank 27 nRanks 32 nNodes 32 localRanks 1 localRank 0 MNNVL 0
lrdn0449:2388359:2388496 [0] NCCL INFO [Proxy Service UDS] Device 0 CPU core 5
lrdn0627:2273038:2273194 [0] NCCL INFO comm 0x117dd6c0 rank 13 nRanks 32 nNodes 32 localRanks 1 localRank 0 MNNVL 0
lrdn0627:2273038:2273194 [0] NCCL INFO Trees [0] -1/-1/-1->13->14 [1] -1/-1/-1->13->14 [2] 14/12/-1->13->11 [3] 14/12/-1->13->11
lrdn0627:2273038:2273194 [0] NCCL INFO P2P Chunksize set to 131072
lrdn0627:2273038:2273195 [0] NCCL INFO [Proxy Service] Device 0 CPU core 1
lrdn0463:1423639:1423758 [0] NCCL INFO [Proxy Service] Device 0 CPU core 2
lrdn0463:1423639:1423759 [0] NCCL INFO [Proxy Service UDS] Device 0 CPU core 5
lrdn0479:584120:584237 [0] NCCL INFO comm 0xc1d2a00 rank 5 nRanks 32 nNodes 32 localRanks 1 localRank 0 MNNVL 0
lrdn0479:584120:584237 [0] NCCL INFO Trees [0] -1/-1/-1->5->6 [1] -1/-1/-1->5->6 [2] 6/4/-1->5->3 [3] 6/4/-1->5->3
lrdn0479:584120:584237 [0] NCCL INFO P2P Chunksize set to 131072
lrdn0479:584120:584238 [0] NCCL INFO [Proxy Service] Device 0 CPU core 2
lrdn0479:584120:584239 [0] NCCL INFO [Proxy Service UDS] Device 0 CPU core 4
lrdn0529:3284075:3284193 [0] NCCL INFO comm 0x11a8d5a0 rank 7 nRanks 32 nNodes 32 localRanks 1 localRank 0 MNNVL 0
lrdn0529:3284075:3284193 [0] NCCL INFO Trees [0] -1/-1/-1->7->6 [1] -1/-1/-1->7->6 [2] 11/3/-1->7->15 [3] 11/3/-1->7->15
lrdn0529:3284075:3284193 [0] NCCL INFO P2P Chunksize set to 131072
lrdn0529:3284075:3284194 [0] NCCL INFO [Proxy Service] Device 0 CPU core 1
lrdn0529:3284075:3284195 [0] NCCL INFO [Proxy Service UDS] Device 0 CPU core 2
lrdn0634:820804:820922 [0] NCCL INFO comm 0x2b2a55c0 rank 14 nRanks 32 nNodes 32 localRanks 1 localRank 0 MNNVL 0
lrdn0634:820804:820922 [0] NCCL INFO Trees [0] 13/15/-1->14->12 [1] 13/15/-1->14->12 [2] -1/-1/-1->14->13 [3] -1/-1/-1->14->13
lrdn0634:820804:820922 [0] NCCL INFO P2P Chunksize set to 131072
lrdn0634:820804:820924 [0] NCCL INFO [Proxy Service UDS] Device 0 CPU core 11
lrdn0627:2273038:2273196 [0] NCCL INFO [Proxy Service UDS] Device 0 CPU core 2
lrdn0766:1547848:1547969 [0] NCCL INFO [Proxy Service] Device 0 CPU core 2
lrdn0618:1812949:1813075 [0] NCCL INFO [Proxy Service UDS] Device 0 CPU core 3
lrdn0801:1614277:1614413 [0] NCCL INFO [Proxy Service UDS] Device 0 CPU core 7
lrdn0759:1654783:1654901 [0] NCCL INFO Trees [0] -1/-1/-1->27->26 [1] -1/-1/-1->27->26 [2] 29/25/-1->27->23 [3] 29/25/-1->27->23
lrdn0759:1654783:1654901 [0] NCCL INFO P2P Chunksize set to 131072
lrdn0642:1581769:1581888 [0] NCCL INFO [Proxy Service] Device 0 CPU core 1
lrdn0646:1587689:1587806 [0] NCCL INFO comm 0x115f6080 rank 16 nRanks 32 nNodes 32 localRanks 1 localRank 0 MNNVL 0
lrdn0681:1636317:1636441 [0] NCCL INFO comm 0x1f01e4a0 rank 19 nRanks 32 nNodes 32 localRanks 1 localRank 0 MNNVL 0
lrdn0681:1636317:1636441 [0] NCCL INFO Trees [0] -1/-1/-1->19->18 [1] -1/-1/-1->19->18 [2] 21/17/-1->19->23 [3] 21/17/-1->19->23
lrdn0681:1636317:1636441 [0] NCCL INFO P2P Chunksize set to 131072
lrdn0634:820804:820923 [0] NCCL INFO [Proxy Service] Device 0 CPU core 10
lrdn0782:340959:341100 [0] NCCL INFO comm 0x2bd47960 rank 29 nRanks 32 nNodes 32 localRanks 1 localRank 0 MNNVL 0
lrdn0782:340959:341100 [0] NCCL INFO Trees [0] -1/-1/-1->29->30 [1] -1/-1/-1->29->30 [2] 30/28/-1->29->27 [3] 30/28/-1->29->27
lrdn0782:340959:341100 [0] NCCL INFO P2P Chunksize set to 131072
lrdn0782:340959:341101 [0] NCCL INFO [Proxy Service] Device 0 CPU core 1
lrdn0782:340959:341102 [0] NCCL INFO [Proxy Service UDS] Device 0 CPU core 4
lrdn0475:1701822:1701940 [0] NCCL INFO comm 0x202e4880 rank 4 nRanks 32 nNodes 32 localRanks 1 localRank 0 MNNVL 0
lrdn0475:1701822:1701940 [0] NCCL INFO Trees [0] 2/6/-1->4->8 [1] 2/6/-1->4->8 [2] -1/-1/-1->4->5 [3] -1/-1/-1->4->5
lrdn0475:1701822:1701940 [0] NCCL INFO P2P Chunksize set to 131072
lrdn0475:1701822:1701941 [0] NCCL INFO [Proxy Service] Device 0 CPU core 1
lrdn0475:1701822:1701942 [0] NCCL INFO [Proxy Service UDS] Device 0 CPU core 2
lrdn0646:1587689:1587806 [0] NCCL INFO Trees [0] 8/24/-1->16->0 [1] 8/24/-1->16->0 [2] -1/-1/-1->16->17 [3] -1/-1/-1->16->17
lrdn0646:1587689:1587806 [0] NCCL INFO P2P Chunksize set to 131072
lrdn0646:1587689:1587808 [0] NCCL INFO [Proxy Service UDS] Device 0 CPU core 5
lrdn0721:1243658:1243777 [0] NCCL INFO comm 0xceab740 rank 23 nRanks 32 nNodes 32 localRanks 1 localRank 0 MNNVL 0
lrdn0699:3509133:3509253 [0] NCCL INFO comm 0x2b497080 rank 21 nRanks 32 nNodes 32 localRanks 1 localRank 0 MNNVL 0
lrdn0699:3509133:3509253 [0] NCCL INFO Trees [0] -1/-1/-1->21->22 [1] -1/-1/-1->21->22 [2] 22/20/-1->21->19 [3] 22/20/-1->21->19
lrdn0699:3509133:3509253 [0] NCCL INFO P2P Chunksize set to 131072
lrdn0742:1849591:1849709 [0] NCCL INFO comm 0x2ac3b010 rank 25 nRanks 32 nNodes 32 localRanks 1 localRank 0 MNNVL 0
lrdn0759:1654783:1654902 [0] NCCL INFO [Proxy Service] Device 0 CPU core 1
lrdn0766:1547848:1547970 [0] NCCL INFO [Proxy Service UDS] Device 0 CPU core 5
lrdn0642:1581769:1581889 [0] NCCL INFO [Proxy Service UDS] Device 0 CPU core 2
lrdn0753:1934758:1934877 [0] NCCL INFO comm 0xd6fa000 rank 26 nRanks 32 nNodes 32 localRanks 1 localRank 0 MNNVL 0
lrdn0753:1934758:1934877 [0] NCCL INFO Trees [0] 25/27/-1->26->28 [1] 25/27/-1->26->28 [2] -1/-1/-1->26->25 [3] -1/-1/-1->26->25
lrdn0753:1934758:1934877 [0] NCCL INFO P2P Chunksize set to 131072
lrdn0753:1934758:1934878 [0] NCCL INFO [Proxy Service] Device 0 CPU core 1
lrdn0721:1243658:1243777 [0] NCCL INFO Trees [0] -1/-1/-1->23->22 [1] -1/-1/-1->23->22 [2] 27/19/-1->23->15 [3] 27/19/-1->23->15
lrdn0721:1243658:1243777 [0] NCCL INFO P2P Chunksize set to 131072
lrdn0742:1849591:1849709 [0] NCCL INFO Trees [0] -1/-1/-1->25->26 [1] -1/-1/-1->25->26 [2] 26/24/-1->25->27 [3] 26/24/-1->25->27
lrdn0742:1849591:1849709 [0] NCCL INFO P2P Chunksize set to 131072
lrdn0699:3509133:3509254 [0] NCCL INFO [Proxy Service] Device 0 CPU core 15
lrdn0759:1654783:1654903 [0] NCCL INFO [Proxy Service UDS] Device 0 CPU core 2
lrdn0693:1620238:1620359 [0] NCCL INFO comm 0x17a5d840 rank 20 nRanks 32 nNodes 32 localRanks 1 localRank 0 MNNVL 0
lrdn0693:1620238:1620359 [0] NCCL INFO Trees [0] 18/22/-1->20->24 [1] 18/22/-1->20->24 [2] -1/-1/-1->20->21 [3] -1/-1/-1->20->21
lrdn0693:1620238:1620359 [0] NCCL INFO P2P Chunksize set to 131072
lrdn0664:1553625:1553746 [0] NCCL INFO comm 0x1c688ad0 rank 17 nRanks 32 nNodes 32 localRanks 1 localRank 0 MNNVL 0
lrdn0664:1553625:1553746 [0] NCCL INFO Trees [0] -1/-1/-1->17->18 [1] -1/-1/-1->17->18 [2] 18/16/-1->17->19 [3] 18/16/-1->17->19
lrdn0664:1553625:1553746 [0] NCCL INFO P2P Chunksize set to 131072
lrdn0664:1553625:1553748 [0] NCCL INFO [Proxy Service UDS] Device 0 CPU core 15
lrdn0699:3509133:3509255 [0] NCCL INFO [Proxy Service UDS] Device 0 CPU core 0
lrdn0646:1587689:1587807 [0] NCCL INFO [Proxy Service] Device 0 CPU core 3
lrdn0672:2781644:2781768 [0] NCCL INFO comm 0x2080e970 rank 18 nRanks 32 nNodes 32 localRanks 1 localRank 0 MNNVL 0
lrdn0672:2781644:2781768 [0] NCCL INFO Trees [0] 17/19/-1->18->20 [1] 17/19/-1->18->20 [2] -1/-1/-1->18->17 [3] -1/-1/-1->18->17
lrdn0672:2781644:2781768 [0] NCCL INFO P2P Chunksize set to 131072
lrdn0672:2781644:2781769 [0] NCCL INFO [Proxy Service] Device 0 CPU core 1
lrdn0672:2781644:2781770 [0] NCCL INFO [Proxy Service UDS] Device 0 CPU core 2
lrdn0732:3576225:3576343 [0] NCCL INFO comm 0x2e2e84c0 rank 24 nRanks 32 nNodes 32 localRanks 1 localRank 0 MNNVL 0
lrdn0732:3576225:3576343 [0] NCCL INFO Trees [0] 20/28/-1->24->16 [1] 20/28/-1->24->16 [2] -1/-1/-1->24->25 [3] -1/-1/-1->24->25
lrdn0732:3576225:3576343 [0] NCCL INFO P2P Chunksize set to 131072
lrdn0721:1243658:1243778 [0] NCCL INFO [Proxy Service] Device 0 CPU core 2
lrdn0693:1620238:1620360 [0] NCCL INFO [Proxy Service] Device 0 CPU core 1
lrdn0681:1636317:1636442 [0] NCCL INFO [Proxy Service] Device 0 CPU core 2
lrdn0681:1636317:1636443 [0] NCCL INFO [Proxy Service UDS] Device 0 CPU core 3
lrdn0664:1553625:1553747 [0] NCCL INFO [Proxy Service] Device 0 CPU core 12
lrdn0753:1934758:1934879 [0] NCCL INFO [Proxy Service UDS] Device 0 CPU core 2
lrdn0732:3576225:3576344 [0] NCCL INFO [Proxy Service] Device 0 CPU core 4
lrdn0721:1243658:1243779 [0] NCCL INFO [Proxy Service UDS] Device 0 CPU core 4
lrdn0693:1620238:1620361 [0] NCCL INFO [Proxy Service UDS] Device 0 CPU core 3
lrdn0742:1849591:1849710 [0] NCCL INFO [Proxy Service] Device 0 CPU core 4
lrdn0742:1849591:1849711 [0] NCCL INFO [Proxy Service UDS] Device 0 CPU core 5
lrdn0732:3576225:3576345 [0] NCCL INFO [Proxy Service UDS] Device 0 CPU core 6
lrdn0712:1842149:1842282 [0] NCCL INFO comm 0x21b37f80 rank 22 nRanks 32 nNodes 32 localRanks 1 localRank 0 MNNVL 0
lrdn0712:1842149:1842282 [0] NCCL INFO Trees [0] 21/23/-1->22->20 [1] 21/23/-1->22->20 [2] -1/-1/-1->22->21 [3] -1/-1/-1->22->21
lrdn0712:1842149:1842282 [0] NCCL INFO P2P Chunksize set to 131072
lrdn0712:1842149:1842283 [0] NCCL INFO [Proxy Service] Device 0 CPU core 1
lrdn0712:1842149:1842284 [0] NCCL INFO [Proxy Service UDS] Device 0 CPU core 3
lrdn0618:1812949:1813073 [0] NCCL INFO NCCL_PROTO set by environment to SIMPLE
lrdn0618:1812949:1813073 [0] NCCL INFO NCCL_ALGO set by environment to ring
lrdn0618:1812949:1813073 [0] NCCL INFO threadThresholds 8/8/64 | 256/8/64 | 512 | 512
lrdn0606:1624358:1624474 [0] NCCL INFO NCCL_PROTO set by environment to SIMPLE
lrdn0606:1624358:1624474 [0] NCCL INFO NCCL_ALGO set by environment to ring
lrdn0606:1624358:1624474 [0] NCCL INFO threadThresholds 8/8/64 | 256/8/64 | 512 | 512
lrdn0606:1624358:1624474 [0] NCCL INFO 4 coll channels, 4 collnet channels, 0 nvls channels, 4 p2p channels, 1 p2p channels per peer
lrdn0618:1812949:1813073 [0] NCCL INFO 4 coll channels, 4 collnet channels, 0 nvls channels, 4 p2p channels, 1 p2p channels per peer
lrdn0634:820804:820922 [0] NCCL INFO NCCL_PROTO set by environment to SIMPLE
lrdn0634:820804:820922 [0] NCCL INFO NCCL_ALGO set by environment to ring
lrdn0634:820804:820922 [0] NCCL INFO threadThresholds 8/8/64 | 256/8/64 | 512 | 512
lrdn0634:820804:820922 [0] NCCL INFO 4 coll channels, 4 collnet channels, 0 nvls channels, 4 p2p channels, 1 p2p channels per peer
lrdn0606:1624358:1624474 [0] NCCL INFO ncclCommInitRankConfig comm 0x17168fc0 rank 11 nranks 32 cudaDev 0 nvmlDev 0 busId 1d000 commId 0x3c4a992184bab3bc - Init COMPLETE
lrdn0606:1624358:1624474 [0] NCCL INFO Init timings - ncclCommInitRankConfig: rank 11 nranks 32 total 0.05 (kernels 0.00, alloc 0.00, bootstrap 0.01, allgathers 0.00, topo 0.02, graphs 0.02, connections 0.00, rest 0.00)
lrdn0618:1812949:1813073 [0] NCCL INFO ncclCommInitRankConfig comm 0xd2c8fe0 rank 12 nranks 32 cudaDev 0 nvmlDev 0 busId 1d000 commId 0x3c4a992184bab3bc - Init COMPLETE
lrdn0618:1812949:1813073 [0] NCCL INFO Init timings - ncclCommInitRankConfig: rank 12 nranks 32 total 0.05 (kernels 0.00, alloc 0.00, bootstrap 0.01, allgathers 0.01, topo 0.02, graphs 0.02, connections 0.00, rest 0.00)
lrdn0627:2273038:2273194 [0] NCCL INFO NCCL_PROTO set by environment to SIMPLE
lrdn0627:2273038:2273194 [0] NCCL INFO NCCL_ALGO set by environment to ring
lrdn0627:2273038:2273194 [0] NCCL INFO threadThresholds 8/8/64 | 256/8/64 | 512 | 512
lrdn0627:2273038:2273194 [0] NCCL INFO 4 coll channels, 4 collnet channels, 0 nvls channels, 4 p2p channels, 1 p2p channels per peer
lrdn0634:820804:820922 [0] NCCL INFO ncclCommInitRankConfig comm 0x2b2a55c0 rank 14 nranks 32 cudaDev 0 nvmlDev 0 busId 1d000 commId 0x3c4a992184bab3bc - Init COMPLETE
lrdn0634:820804:820922 [0] NCCL INFO Init timings - ncclCommInitRankConfig: rank 14 nranks 32 total 0.05 (kernels 0.00, alloc 0.00, bootstrap 0.01, allgathers 0.01, topo 0.02, graphs 0.02, connections 0.00, rest 0.00)
lrdn0627:2273038:2273194 [0] NCCL INFO ncclCommInitRankConfig comm 0x117dd6c0 rank 13 nranks 32 cudaDev 0 nvmlDev 0 busId 1d000 commId 0x3c4a992184bab3bc - Init COMPLETE
lrdn0627:2273038:2273194 [0] NCCL INFO Init timings - ncclCommInitRankConfig: rank 13 nranks 32 total 0.05 (kernels 0.00, alloc 0.00, bootstrap 0.01, allgathers 0.01, topo 0.02, graphs 0.02, connections 0.00, rest 0.00)
lrdn0642:1581769:1581887 [0] NCCL INFO NCCL_PROTO set by environment to SIMPLE
lrdn0642:1581769:1581887 [0] NCCL INFO NCCL_ALGO set by environment to ring
lrdn0642:1581769:1581887 [0] NCCL INFO threadThresholds 8/8/64 | 256/8/64 | 512 | 512
lrdn0642:1581769:1581887 [0] NCCL INFO 4 coll channels, 4 collnet channels, 0 nvls channels, 4 p2p channels, 1 p2p channels per peer
lrdn0681:1636317:1636441 [0] NCCL INFO NCCL_PROTO set by environment to SIMPLE
lrdn0681:1636317:1636441 [0] NCCL INFO NCCL_ALGO set by environment to ring
lrdn0681:1636317:1636441 [0] NCCL INFO threadThresholds 8/8/64 | 256/8/64 | 512 | 512
lrdn0681:1636317:1636441 [0] NCCL INFO 4 coll channels, 4 collnet channels, 0 nvls channels, 4 p2p channels, 1 p2p channels per peer
lrdn0664:1553625:1553746 [0] NCCL INFO NCCL_PROTO set by environment to SIMPLE
lrdn0664:1553625:1553746 [0] NCCL INFO NCCL_ALGO set by environment to ring
lrdn0664:1553625:1553746 [0] NCCL INFO threadThresholds 8/8/64 | 256/8/64 | 512 | 512
lrdn0664:1553625:1553746 [0] NCCL INFO 4 coll channels, 4 collnet channels, 0 nvls channels, 4 p2p channels, 1 p2p channels per peer
lrdn0646:1587689:1587806 [0] NCCL INFO NCCL_PROTO set by environment to SIMPLE
lrdn0646:1587689:1587806 [0] NCCL INFO NCCL_ALGO set by environment to ring
lrdn0646:1587689:1587806 [0] NCCL INFO threadThresholds 8/8/64 | 256/8/64 | 512 | 512
lrdn0646:1587689:1587806 [0] NCCL INFO 4 coll channels, 4 collnet channels, 0 nvls channels, 4 p2p channels, 1 p2p channels per peer
lrdn0554:3416944:3417062 [0] NCCL INFO NCCL_PROTO set by environment to SIMPLE
lrdn0554:3416944:3417062 [0] NCCL INFO NCCL_ALGO set by environment to ring
lrdn0554:3416944:3417062 [0] NCCL INFO threadThresholds 8/8/64 | 256/8/64 | 512 | 512
lrdn0554:3416944:3417062 [0] NCCL INFO 4 coll channels, 4 collnet channels, 0 nvls channels, 4 p2p channels, 1 p2p channels per peer
lrdn0642:1581769:1581887 [0] NCCL INFO ncclCommInitRankConfig comm 0x21048d40 rank 15 nranks 32 cudaDev 0 nvmlDev 0 busId 1d000 commId 0x3c4a992184bab3bc - Init COMPLETE
lrdn0642:1581769:1581887 [0] NCCL INFO Init timings - ncclCommInitRankConfig: rank 15 nranks 32 total 0.06 (kernels 0.00, alloc 0.00, bootstrap 0.01, allgathers 0.01, topo 0.02, graphs 0.02, connections 0.00, rest 0.00)
lrdn0672:2781644:2781768 [0] NCCL INFO NCCL_PROTO set by environment to SIMPLE
lrdn0672:2781644:2781768 [0] NCCL INFO NCCL_ALGO set by environment to ring
lrdn0672:2781644:2781768 [0] NCCL INFO threadThresholds 8/8/64 | 256/8/64 | 512 | 512
lrdn0672:2781644:2781768 [0] NCCL INFO 4 coll channels, 4 collnet channels, 0 nvls channels, 4 p2p channels, 1 p2p channels per peer
lrdn0536:1596533:1596684 [0] NCCL INFO NCCL_PROTO set by environment to SIMPLE
lrdn0536:1596533:1596684 [0] NCCL INFO NCCL_ALGO set by environment to ring
lrdn0536:1596533:1596684 [0] NCCL INFO threadThresholds 8/8/64 | 256/8/64 | 512 | 512
lrdn0536:1596533:1596684 [0] NCCL INFO 4 coll channels, 4 collnet channels, 0 nvls channels, 4 p2p channels, 1 p2p channels per peer
lrdn0681:1636317:1636441 [0] NCCL INFO ncclCommInitRankConfig comm 0x1f01e4a0 rank 19 nranks 32 cudaDev 0 nvmlDev 0 busId 1d000 commId 0x3c4a992184bab3bc - Init COMPLETE
lrdn0681:1636317:1636441 [0] NCCL INFO Init timings - ncclCommInitRankConfig: rank 19 nranks 32 total 0.06 (kernels 0.00, alloc 0.00, bootstrap 0.01, allgathers 0.01, topo 0.02, graphs 0.02, connections 0.00, rest 0.00)
lrdn0664:1553625:1553746 [0] NCCL INFO ncclCommInitRankConfig comm 0x1c688ad0 rank 17 nranks 32 cudaDev 0 nvmlDev 0 busId 1d000 commId 0x3c4a992184bab3bc - Init COMPLETE
lrdn0664:1553625:1553746 [0] NCCL INFO Init timings - ncclCommInitRankConfig: rank 17 nranks 32 total 0.06 (kernels 0.00, alloc 0.00, bootstrap 0.01, allgathers 0.01, topo 0.02, graphs 0.02, connections 0.00, rest 0.00)
