lrdn1093:1492163:1492278 [0] NCCL INFO Trees [0] -1/-1/-1->9->10 [1] -1/-1/-1->9->10 [2] 10/8/-1->9->11 [3] 10/8/-1->9->11
lrdn1093:1492163:1492278 [0] NCCL INFO P2P Chunksize set to 131072
lrdn1028:895822:895941 [0] NCCL INFO comm 0x2b46c960 rank 8 nRanks 16 nNodes 16 localRanks 1 localRank 0 MNNVL 0
lrdn1124:1626469:1626588 [0] NCCL INFO comm 0x118f90f0 rank 10 nRanks 16 nNodes 16 localRanks 1 localRank 0 MNNVL 0
lrdn1124:1626469:1626588 [0] NCCL INFO Trees [0] 9/11/-1->10->12 [1] 9/11/-1->10->12 [2] -1/-1/-1->10->9 [3] -1/-1/-1->10->9
lrdn1124:1626469:1626588 [0] NCCL INFO P2P Chunksize set to 131072
lrdn1028:895822:895941 [0] NCCL INFO Trees [0] 4/12/-1->8->0 [1] 4/12/-1->8->0 [2] -1/-1/-1->8->9 [3] -1/-1/-1->8->9
lrdn1028:895822:895941 [0] NCCL INFO P2P Chunksize set to 131072
lrdn1139:2620503:2620624 [0] NCCL INFO comm 0x2db0a550 rank 12 nRanks 16 nNodes 16 localRanks 1 localRank 0 MNNVL 0
lrdn1139:2620503:2620624 [0] NCCL INFO Trees [0] 10/14/-1->12->8 [1] 10/14/-1->12->8 [2] -1/-1/-1->12->13 [3] -1/-1/-1->12->13
lrdn1139:2620503:2620624 [0] NCCL INFO P2P Chunksize set to 131072
lrdn1206:1547777:1547892 [0] NCCL INFO comm 0xe4dce50 rank 13 nRanks 16 nNodes 16 localRanks 1 localRank 0 MNNVL 0
lrdn1093:1492163:1492279 [0] NCCL INFO [Proxy Service] Device 0 CPU core 9
lrdn1206:1547777:1547892 [0] NCCL INFO Trees [0] -1/-1/-1->13->14 [1] -1/-1/-1->13->14 [2] 14/12/-1->13->11 [3] 14/12/-1->13->11
lrdn1206:1547777:1547892 [0] NCCL INFO P2P Chunksize set to 131072
lrdn0853:1717580:1717699 [0] NCCL INFO comm 0x1203a530 rank 7 nRanks 16 nNodes 16 localRanks 1 localRank 0 MNNVL 0
lrdn0853:1717580:1717699 [0] NCCL INFO Trees [0] -1/-1/-1->7->6 [1] -1/-1/-1->7->6 [2] 11/3/-1->7->15 [3] 11/3/-1->7->15
lrdn0853:1717580:1717699 [0] NCCL INFO P2P Chunksize set to 131072
lrdn0824:1054616:1054731 [0] NCCL INFO comm 0x2a62e550 rank 5 nRanks 16 nNodes 16 localRanks 1 localRank 0 MNNVL 0
lrdn0824:1054616:1054731 [0] NCCL INFO Trees [0] -1/-1/-1->5->6 [1] -1/-1/-1->5->6 [2] 6/4/-1->5->3 [3] 6/4/-1->5->3
lrdn0824:1054616:1054731 [0] NCCL INFO P2P Chunksize set to 131072
lrdn0780:1321542:1321656 [0] NCCL INFO comm 0x2bbced80 rank 3 nRanks 16 nNodes 16 localRanks 1 localRank 0 MNNVL 0
lrdn0780:1321542:1321656 [0] NCCL INFO Trees [0] -1/-1/-1->3->2 [1] -1/-1/-1->3->2 [2] 5/1/-1->3->7 [3] 5/1/-1->3->7
lrdn0780:1321542:1321656 [0] NCCL INFO P2P Chunksize set to 131072
lrdn0757:1521334:1521449 [0] NCCL INFO comm 0xd3350a0 rank 2 nRanks 16 nNodes 16 localRanks 1 localRank 0 MNNVL 0
lrdn0757:1521334:1521449 [0] NCCL INFO Trees [0] 1/3/-1->2->4 [1] 1/3/-1->2->4 [2] -1/-1/-1->2->1 [3] -1/-1/-1->2->1
lrdn0757:1521334:1521449 [0] NCCL INFO P2P Chunksize set to 131072
lrdn0805:1354481:1354599 [0] NCCL INFO comm 0x2e109ae0 rank 4 nRanks 16 nNodes 16 localRanks 1 localRank 0 MNNVL 0
lrdn0805:1354481:1354599 [0] NCCL INFO Trees [0] 2/6/-1->4->8 [1] 2/6/-1->4->8 [2] -1/-1/-1->4->5 [3] -1/-1/-1->4->5
lrdn0805:1354481:1354599 [0] NCCL INFO P2P Chunksize set to 131072
lrdn1028:895822:895943 [0] NCCL INFO [Proxy Service UDS] Device 0 CPU core 8
lrdn1124:1626469:1626589 [0] NCCL INFO [Proxy Service] Device 0 CPU core 1
lrdn1139:2620503:2620625 [0] NCCL INFO [Proxy Service] Device 0 CPU core 10
lrdn1226:1654681:1654795 [0] NCCL INFO comm 0x11468980 rank 15 nRanks 16 nNodes 16 localRanks 1 localRank 0 MNNVL 0
lrdn1206:1547777:1547894 [0] NCCL INFO [Proxy Service UDS] Device 0 CPU core 10
lrdn0745:1658235:1658352 [0] NCCL INFO comm 0xcab3ee0 rank 1 nRanks 16 nNodes 16 localRanks 1 localRank 0 MNNVL 0
lrdn0745:1658235:1658352 [0] NCCL INFO Trees [0] -1/-1/-1->1->2 [1] -1/-1/-1->1->2 [2] 2/0/-1->1->3 [3] 2/0/-1->1->3
lrdn0745:1658235:1658352 [0] NCCL INFO P2P Chunksize set to 131072
lrdn0708:3048046:3048168 [0] NCCL INFO comm 0x2c143750 rank 0 nRanks 16 nNodes 16 localRanks 1 localRank 0 MNNVL 0
lrdn0708:3048046:3048168 [0] NCCL INFO Channel 00/04 :  0  1  2  3  4  5  6  7  8  9 10 11 12 13 14 15
lrdn0708:3048046:3048168 [0] NCCL INFO Channel 01/04 :  0  1  2  3  4  5  6  7  8  9 10 11 12 13 14 15
lrdn0708:3048046:3048168 [0] NCCL INFO Channel 02/04 :  0  1  2  3  4  5  6  7  8  9 10 11 12 13 14 15
lrdn1138:684929:685045 [0] NCCL INFO comm 0x21e9c5b0 rank 11 nRanks 16 nNodes 16 localRanks 1 localRank 0 MNNVL 0
lrdn1138:684929:685045 [0] NCCL INFO Trees [0] -1/-1/-1->11->10 [1] -1/-1/-1->11->10 [2] 13/9/-1->11->7 [3] 13/9/-1->11->7
lrdn1138:684929:685045 [0] NCCL INFO P2P Chunksize set to 131072
lrdn1138:684929:685046 [0] NCCL INFO [Proxy Service] Device 0 CPU core 1
lrdn1138:684929:685047 [0] NCCL INFO [Proxy Service UDS] Device 0 CPU core 9
lrdn0780:1321542:1321657 [0] NCCL INFO [Proxy Service] Device 0 CPU core 10
lrdn1226:1654681:1654795 [0] NCCL INFO Trees [0] -1/-1/-1->15->14 [1] -1/-1/-1->15->14 [2] 7/-1/-1->15->-1 [3] 7/-1/-1->15->-1
lrdn1226:1654681:1654795 [0] NCCL INFO P2P Chunksize set to 131072
lrdn1028:895822:895942 [0] NCCL INFO [Proxy Service] Device 0 CPU core 5
lrdn0805:1354481:1354600 [0] NCCL INFO [Proxy Service] Device 0 CPU core 6
lrdn1218:1776591:1776712 [0] NCCL INFO comm 0xe23a600 rank 14 nRanks 16 nNodes 16 localRanks 1 localRank 0 MNNVL 0
lrdn1218:1776591:1776712 [0] NCCL INFO Trees [0] 13/15/-1->14->12 [1] 13/15/-1->14->12 [2] -1/-1/-1->14->13 [3] -1/-1/-1->14->13
lrdn1218:1776591:1776712 [0] NCCL INFO P2P Chunksize set to 131072
lrdn0853:1717580:1717701 [0] NCCL INFO [Proxy Service UDS] Device 0 CPU core 9
lrdn0824:1054616:1054732 [0] NCCL INFO [Proxy Service] Device 0 CPU core 10
lrdn0824:1054616:1054733 [0] NCCL INFO [Proxy Service UDS] Device 0 CPU core 11
lrdn0757:1521334:1521451 [0] NCCL INFO [Proxy Service UDS] Device 0 CPU core 10
lrdn0708:3048046:3048168 [0] NCCL INFO Channel 03/04 :  0  1  2  3  4  5  6  7  8  9 10 11 12 13 14 15
lrdn0708:3048046:3048168 [0] NCCL INFO Trees [0] 8/-1/-1->0->-1 [1] 8/-1/-1->0->-1 [2] -1/-1/-1->0->1 [3] -1/-1/-1->0->1
lrdn0708:3048046:3048168 [0] NCCL INFO P2P Chunksize set to 131072
lrdn0708:3048046:3048168 [0] NCCL INFO Check P2P Type intraNodeP2pSupport 0 directMode 0
lrdn0708:3048046:3048169 [0] NCCL INFO [Proxy Service] Device 0 CPU core 10
lrdn0745:1658235:1658353 [0] NCCL INFO [Proxy Service] Device 0 CPU core 3
lrdn1093:1492163:1492280 [0] NCCL INFO [Proxy Service UDS] Device 0 CPU core 10
lrdn1139:2620503:2620626 [0] NCCL INFO [Proxy Service UDS] Device 0 CPU core 11
lrdn1226:1654681:1654796 [0] NCCL INFO [Proxy Service] Device 0 CPU core 1
lrdn0805:1354481:1354601 [0] NCCL INFO [Proxy Service UDS] Device 0 CPU core 9
lrdn1206:1547777:1547893 [0] NCCL INFO [Proxy Service] Device 0 CPU core 9
lrdn0836:1477025:1477142 [0] NCCL INFO comm 0x11e17600 rank 6 nRanks 16 nNodes 16 localRanks 1 localRank 0 MNNVL 0
lrdn0836:1477025:1477142 [0] NCCL INFO Trees [0] 5/7/-1->6->4 [1] 5/7/-1->6->4 [2] -1/-1/-1->6->5 [3] -1/-1/-1->6->5
lrdn0836:1477025:1477142 [0] NCCL INFO P2P Chunksize set to 131072
lrdn0836:1477025:1477143 [0] NCCL INFO [Proxy Service] Device 0 CPU core 12
lrdn0708:3048046:3048170 [0] NCCL INFO [Proxy Service UDS] Device 0 CPU core 3
lrdn0745:1658235:1658354 [0] NCCL INFO [Proxy Service UDS] Device 0 CPU core 14
lrdn0780:1321542:1321658 [0] NCCL INFO [Proxy Service UDS] Device 0 CPU core 11
lrdn1218:1776591:1776713 [0] NCCL INFO [Proxy Service] Device 0 CPU core 8
lrdn0853:1717580:1717700 [0] NCCL INFO [Proxy Service] Device 0 CPU core 7
lrdn1124:1626469:1626590 [0] NCCL INFO [Proxy Service UDS] Device 0 CPU core 2
lrdn1226:1654681:1654797 [0] NCCL INFO [Proxy Service UDS] Device 0 CPU core 6
lrdn0836:1477025:1477144 [0] NCCL INFO [Proxy Service UDS] Device 0 CPU core 13
lrdn0757:1521334:1521450 [0] NCCL INFO [Proxy Service] Device 0 CPU core 8
lrdn1218:1776591:1776714 [0] NCCL INFO [Proxy Service UDS] Device 0 CPU core 10
lrdn1139:2620503:2620624 [0] NCCL INFO NCCL_PROTO set by environment to SIMPLE
lrdn1139:2620503:2620624 [0] NCCL INFO NCCL_ALGO set by environment to ring
lrdn1139:2620503:2620624 [0] NCCL INFO threadThresholds 8/8/64 | 128/8/64 | 512 | 512
lrdn1139:2620503:2620624 [0] NCCL INFO 4 coll channels, 4 collnet channels, 0 nvls channels, 4 p2p channels, 1 p2p channels per peer
lrdn1138:684929:685045 [0] NCCL INFO NCCL_PROTO set by environment to SIMPLE
lrdn1138:684929:685045 [0] NCCL INFO NCCL_ALGO set by environment to ring
lrdn1138:684929:685045 [0] NCCL INFO threadThresholds 8/8/64 | 128/8/64 | 512 | 512
lrdn1138:684929:685045 [0] NCCL INFO 4 coll channels, 4 collnet channels, 0 nvls channels, 4 p2p channels, 1 p2p channels per peer
lrdn1226:1654681:1654795 [0] NCCL INFO NCCL_PROTO set by environment to SIMPLE
lrdn1226:1654681:1654795 [0] NCCL INFO NCCL_ALGO set by environment to ring
lrdn1139:2620503:2620624 [0] NCCL INFO ncclCommInitRankConfig comm 0x2db0a550 rank 12 nranks 16 cudaDev 0 nvmlDev 0 busId 1d000 commId 0x66c772a5f8c70fb9 - Init COMPLETE
lrdn1226:1654681:1654795 [0] NCCL INFO threadThresholds 8/8/64 | 128/8/64 | 512 | 512
lrdn1226:1654681:1654795 [0] NCCL INFO 4 coll channels, 4 collnet channels, 0 nvls channels, 4 p2p channels, 1 p2p channels per peer
lrdn0757:1521334:1521449 [0] NCCL INFO NCCL_PROTO set by environment to SIMPLE
lrdn0757:1521334:1521449 [0] NCCL INFO NCCL_ALGO set by environment to ring
lrdn1139:2620503:2620624 [0] NCCL INFO Init timings - ncclCommInitRankConfig: rank 12 nranks 16 total 0.05 (kernels 0.00, alloc 0.00, bootstrap 0.00, allgathers 0.00, topo 0.02, graphs 0.02, connections 0.00, rest 0.00)
lrdn1124:1626469:1626588 [0] NCCL INFO NCCL_PROTO set by environment to SIMPLE
lrdn1124:1626469:1626588 [0] NCCL INFO NCCL_ALGO set by environment to ring
lrdn0757:1521334:1521449 [0] NCCL INFO threadThresholds 8/8/64 | 128/8/64 | 512 | 512
lrdn0757:1521334:1521449 [0] NCCL INFO 4 coll channels, 4 collnet channels, 0 nvls channels, 4 p2p channels, 1 p2p channels per peer
lrdn1206:1547777:1547892 [0] NCCL INFO NCCL_PROTO set by environment to SIMPLE
lrdn1206:1547777:1547892 [0] NCCL INFO NCCL_ALGO set by environment to ring
lrdn1124:1626469:1626588 [0] NCCL INFO threadThresholds 8/8/64 | 128/8/64 | 512 | 512
lrdn1124:1626469:1626588 [0] NCCL INFO 4 coll channels, 4 collnet channels, 0 nvls channels, 4 p2p channels, 1 p2p channels per peer
lrdn1206:1547777:1547892 [0] NCCL INFO threadThresholds 8/8/64 | 128/8/64 | 512 | 512
lrdn1206:1547777:1547892 [0] NCCL INFO 4 coll channels, 4 collnet channels, 0 nvls channels, 4 p2p channels, 1 p2p channels per peer
lrdn0708:3048046:3048168 [0] NCCL INFO NCCL_PROTO set by environment to SIMPLE
lrdn0708:3048046:3048168 [0] NCCL INFO NCCL_ALGO set by environment to ring
lrdn0708:3048046:3048168 [0] NCCL INFO Enabled NCCL Func/Proto/Algo Matrix:
     Function |       LL     LL128    Simple   |          Tree           Ring  CollNetDirect   CollNetChain           NVLS       NVLSTree            PAT  
    Broadcast |        0         0         1   |             0              1              0              0              0              0              0  
       Reduce |        0         0         1   |             0              1              0              0              0              0              0  
    AllGather |        0         0         1   |             0              1              0              0              0              0              0  
ReduceScatter |        0         0         1   |             0              1              0              0              0              0              0  
    AllReduce |        0         0         1   |             0              1              0              0              0              0              0  

lrdn0708:3048046:3048168 [0] NCCL INFO threadThresholds 8/8/64 | 128/8/64 | 512 | 512
lrdn0708:3048046:3048168 [0] NCCL INFO 4 coll channels, 4 collnet channels, 0 nvls channels, 4 p2p channels, 1 p2p channels per peer
lrdn1138:684929:685045 [0] NCCL INFO ncclCommInitRankConfig comm 0x21e9c5b0 rank 11 nranks 16 cudaDev 0 nvmlDev 0 busId 1d000 commId 0x66c772a5f8c70fb9 - Init COMPLETE
lrdn1138:684929:685045 [0] NCCL INFO Init timings - ncclCommInitRankConfig: rank 11 nranks 16 total 0.05 (kernels 0.00, alloc 0.00, bootstrap 0.00, allgathers 0.00, topo 0.02, graphs 0.02, connections 0.00, rest 0.00)
lrdn1218:1776591:1776712 [0] NCCL INFO NCCL_PROTO set by environment to SIMPLE
lrdn1218:1776591:1776712 [0] NCCL INFO NCCL_ALGO set by environment to ring
lrdn1218:1776591:1776712 [0] NCCL INFO threadThresholds 8/8/64 | 128/8/64 | 512 | 512
lrdn1218:1776591:1776712 [0] NCCL INFO 4 coll channels, 4 collnet channels, 0 nvls channels, 4 p2p channels, 1 p2p channels per peer
lrdn1226:1654681:1654795 [0] NCCL INFO ncclCommInitRankConfig comm 0x11468980 rank 15 nranks 16 cudaDev 0 nvmlDev 0 busId 1d000 commId 0x66c772a5f8c70fb9 - Init COMPLETE
lrdn1226:1654681:1654795 [0] NCCL INFO Init timings - ncclCommInitRankConfig: rank 15 nranks 16 total 0.05 (kernels 0.00, alloc 0.00, bootstrap 0.00, allgathers 0.00, topo 0.02, graphs 0.02, connections 0.00, rest 0.00)
lrdn0757:1521334:1521449 [0] NCCL INFO ncclCommInitRankConfig comm 0xd3350a0 rank 2 nranks 16 cudaDev 0 nvmlDev 0 busId 1d000 commId 0x66c772a5f8c70fb9 - Init COMPLETE
lrdn0757:1521334:1521449 [0] NCCL INFO Init timings - ncclCommInitRankConfig: rank 2 nranks 16 total 0.05 (kernels 0.00, alloc 0.00, bootstrap 0.00, allgathers 0.00, topo 0.02, graphs 0.02, connections 0.00, rest 0.00)
lrdn0836:1477025:1477142 [0] NCCL INFO NCCL_PROTO set by environment to SIMPLE
lrdn0836:1477025:1477142 [0] NCCL INFO NCCL_ALGO set by environment to ring
lrdn0836:1477025:1477142 [0] NCCL INFO threadThresholds 8/8/64 | 128/8/64 | 512 | 512
lrdn0836:1477025:1477142 [0] NCCL INFO 4 coll channels, 4 collnet channels, 0 nvls channels, 4 p2p channels, 1 p2p channels per peer
lrdn1124:1626469:1626588 [0] NCCL INFO ncclCommInitRankConfig comm 0x118f90f0 rank 10 nranks 16 cudaDev 0 nvmlDev 0 busId 1d000 commId 0x66c772a5f8c70fb9 - Init COMPLETE
lrdn1124:1626469:1626588 [0] NCCL INFO Init timings - ncclCommInitRankConfig: rank 10 nranks 16 total 0.05 (kernels 0.00, alloc 0.00, bootstrap 0.00, allgathers 0.00, topo 0.02, graphs 0.02, connections 0.00, rest 0.00)
lrdn0708:3048046:3048168 [0] NCCL INFO CC Off, workFifoBytes 1048576
lrdn0824:1054616:1054731 [0] NCCL INFO NCCL_PROTO set by environment to SIMPLE
lrdn0824:1054616:1054731 [0] NCCL INFO NCCL_ALGO set by environment to ring
lrdn0824:1054616:1054731 [0] NCCL INFO threadThresholds 8/8/64 | 128/8/64 | 512 | 512
lrdn0824:1054616:1054731 [0] NCCL INFO 4 coll channels, 4 collnet channels, 0 nvls channels, 4 p2p channels, 1 p2p channels per peer
lrdn1206:1547777:1547892 [0] NCCL INFO ncclCommInitRankConfig comm 0xe4dce50 rank 13 nranks 16 cudaDev 0 nvmlDev 0 busId 1d000 commId 0x66c772a5f8c70fb9 - Init COMPLETE
lrdn1206:1547777:1547892 [0] NCCL INFO Init timings - ncclCommInitRankConfig: rank 13 nranks 16 total 0.05 (kernels 0.00, alloc 0.00, bootstrap 0.00, allgathers 0.00, topo 0.02, graphs 0.02, connections 0.00, rest 0.00)
lrdn0805:1354481:1354599 [0] NCCL INFO NCCL_PROTO set by environment to SIMPLE
lrdn0805:1354481:1354599 [0] NCCL INFO NCCL_ALGO set by environment to ring
lrdn0805:1354481:1354599 [0] NCCL INFO threadThresholds 8/8/64 | 128/8/64 | 512 | 512
lrdn0805:1354481:1354599 [0] NCCL INFO 4 coll channels, 4 collnet channels, 0 nvls channels, 4 p2p channels, 1 p2p channels per peer
lrdn1093:1492163:1492278 [0] NCCL INFO NCCL_PROTO set by environment to SIMPLE
lrdn1093:1492163:1492278 [0] NCCL INFO NCCL_ALGO set by environment to ring
lrdn1093:1492163:1492278 [0] NCCL INFO threadThresholds 8/8/64 | 128/8/64 | 512 | 512
lrdn1093:1492163:1492278 [0] NCCL INFO 4 coll channels, 4 collnet channels, 0 nvls channels, 4 p2p channels, 1 p2p channels per peer
lrdn0708:3048046:3048168 [0] NCCL INFO ncclCommInitRankConfig comm 0x2c143750 rank 0 nranks 16 cudaDev 0 nvmlDev 0 busId 1d000 commId 0x66c772a5f8c70fb9 - Init COMPLETE
lrdn0708:3048046:3048168 [0] NCCL INFO Init timings - ncclCommInitRankConfig: rank 0 nranks 16 total 0.05 (kernels 0.00, alloc 0.00, bootstrap 0.00, allgathers 0.00, topo 0.02, graphs 0.02, connections 0.00, rest 0.00)
lrdn1218:1776591:1776712 [0] NCCL INFO ncclCommInitRankConfig comm 0xe23a600 rank 14 nranks 16 cudaDev 0 nvmlDev 0 busId 1d000 commId 0x66c772a5f8c70fb9 - Init COMPLETE
lrdn1218:1776591:1776712 [0] NCCL INFO Init timings - ncclCommInitRankConfig: rank 14 nranks 16 total 0.05 (kernels 0.00, alloc 0.00, bootstrap 0.00, allgathers 0.00, topo 0.02, graphs 0.02, connections 0.00, rest 0.00)
lrdn0836:1477025:1477142 [0] NCCL INFO ncclCommInitRankConfig comm 0x11e17600 rank 6 nranks 16 cudaDev 0 nvmlDev 0 busId 1d000 commId 0x66c772a5f8c70fb9 - Init COMPLETE
lrdn0836:1477025:1477142 [0] NCCL INFO Init timings - ncclCommInitRankConfig: rank 6 nranks 16 total 0.05 (kernels 0.00, alloc 0.00, bootstrap 0.00, allgathers 0.00, topo 0.02, graphs 0.02, connections 0.00, rest 0.00)
lrdn0824:1054616:1054731 [0] NCCL INFO ncclCommInitRankConfig comm 0x2a62e550 rank 5 nranks 16 cudaDev 0 nvmlDev 0 busId 1d000 commId 0x66c772a5f8c70fb9 - Init COMPLETE
lrdn0824:1054616:1054731 [0] NCCL INFO Init timings - ncclCommInitRankConfig: rank 5 nranks 16 total 0.05 (kernels 0.00, alloc 0.00, bootstrap 0.00, allgathers 0.00, topo 0.02, graphs 0.02, connections 0.00, rest 0.00)
lrdn0780:1321542:1321656 [0] NCCL INFO NCCL_PROTO set by environment to SIMPLE
lrdn0780:1321542:1321656 [0] NCCL INFO NCCL_ALGO set by environment to ring
lrdn0780:1321542:1321656 [0] NCCL INFO threadThresholds 8/8/64 | 128/8/64 | 512 | 512
lrdn0780:1321542:1321656 [0] NCCL INFO 4 coll channels, 4 collnet channels, 0 nvls channels, 4 p2p channels, 1 p2p channels per peer
lrdn1093:1492163:1492278 [0] NCCL INFO ncclCommInitRankConfig comm 0x12f439c0 rank 9 nranks 16 cudaDev 0 nvmlDev 0 busId 1d000 commId 0x66c772a5f8c70fb9 - Init COMPLETE
lrdn1093:1492163:1492278 [0] NCCL INFO Init timings - ncclCommInitRankConfig: rank 9 nranks 16 total 0.05 (kernels 0.00, alloc 0.00, bootstrap 0.00, allgathers 0.00, topo 0.02, graphs 0.02, connections 0.00, rest 0.00)
lrdn0805:1354481:1354599 [0] NCCL INFO ncclCommInitRankConfig comm 0x2e109ae0 rank 4 nranks 16 cudaDev 0 nvmlDev 0 busId 1d000 commId 0x66c772a5f8c70fb9 - Init COMPLETE
lrdn0853:1717580:1717699 [0] NCCL INFO NCCL_PROTO set by environment to SIMPLE
lrdn0853:1717580:1717699 [0] NCCL INFO NCCL_ALGO set by environment to ring
lrdn0853:1717580:1717699 [0] NCCL INFO threadThresholds 8/8/64 | 128/8/64 | 512 | 512
lrdn0853:1717580:1717699 [0] NCCL INFO 4 coll channels, 4 collnet channels, 0 nvls channels, 4 p2p channels, 1 p2p channels per peer
lrdn0805:1354481:1354599 [0] NCCL INFO Init timings - ncclCommInitRankConfig: rank 4 nranks 16 total 0.05 (kernels 0.00, alloc 0.00, bootstrap 0.00, allgathers 0.00, topo 0.02, graphs 0.02, connections 0.00, rest 0.00)
lrdn1028:895822:895941 [0] NCCL INFO NCCL_PROTO set by environment to SIMPLE
lrdn1028:895822:895941 [0] NCCL INFO NCCL_ALGO set by environment to ring
lrdn1028:895822:895941 [0] NCCL INFO threadThresholds 8/8/64 | 128/8/64 | 512 | 512
lrdn1028:895822:895941 [0] NCCL INFO 4 coll channels, 4 collnet channels, 0 nvls channels, 4 p2p channels, 1 p2p channels per peer
lrdn0853:1717580:1717699 [0] NCCL INFO ncclCommInitRankConfig comm 0x1203a530 rank 7 nranks 16 cudaDev 0 nvmlDev 0 busId 1d000 commId 0x66c772a5f8c70fb9 - Init COMPLETE
lrdn0853:1717580:1717699 [0] NCCL INFO Init timings - ncclCommInitRankConfig: rank 7 nranks 16 total 0.05 (kernels 0.00, alloc 0.00, bootstrap 0.00, allgathers 0.00, topo 0.02, graphs 0.02, connections 0.00, rest 0.00)
lrdn0780:1321542:1321656 [0] NCCL INFO ncclCommInitRankConfig comm 0x2bbced80 rank 3 nranks 16 cudaDev 0 nvmlDev 0 busId 1d000 commId 0x66c772a5f8c70fb9 - Init COMPLETE
lrdn0780:1321542:1321656 [0] NCCL INFO Init timings - ncclCommInitRankConfig: rank 3 nranks 16 total 0.05 (kernels 0.00, alloc 0.00, bootstrap 0.00, allgathers 0.00, topo 0.02, graphs 0.02, connections 0.00, rest 0.00)
lrdn1028:895822:895941 [0] NCCL INFO ncclCommInitRankConfig comm 0x2b46c960 rank 8 nranks 16 cudaDev 0 nvmlDev 0 busId 1d000 commId 0x66c772a5f8c70fb9 - Init COMPLETE
lrdn1028:895822:895941 [0] NCCL INFO Init timings - ncclCommInitRankConfig: rank 8 nranks 16 total 0.05 (kernels 0.00, alloc 0.00, bootstrap 0.00, allgathers 0.00, topo 0.02, graphs 0.02, connections 0.00, rest 0.00)
lrdn0745:1658235:1658352 [0] NCCL INFO NCCL_PROTO set by environment to SIMPLE
lrdn0745:1658235:1658352 [0] NCCL INFO NCCL_ALGO set by environment to ring
lrdn0745:1658235:1658352 [0] NCCL INFO threadThresholds 8/8/64 | 128/8/64 | 512 | 512
lrdn0745:1658235:1658352 [0] NCCL INFO 4 coll channels, 4 collnet channels, 0 nvls channels, 4 p2p channels, 1 p2p channels per peer
lrdn0745:1658235:1658352 [0] NCCL INFO ncclCommInitRankConfig comm 0xcab3ee0 rank 1 nranks 16 cudaDev 0 nvmlDev 0 busId 1d000 commId 0x66c772a5f8c70fb9 - Init COMPLETE
lrdn0745:1658235:1658352 [0] NCCL INFO Init timings - ncclCommInitRankConfig: rank 1 nranks 16 total 0.05 (kernels 0.00, alloc 0.00, bootstrap 0.00, allgathers 0.00, topo 0.02, graphs 0.02, connections 0.01, rest 0.00)
lrdn0757:1521334:1521452 [0] NCCL INFO Channel 00/0 : 1[0] -> 2[0] [receive] via NET/IB/5
lrdn0757:1521334:1521452 [0] NCCL INFO Channel 01/0 : 1[0] -> 2[0] [receive] via NET/IB/6
lrdn0757:1521334:1521453 [0] NCCL INFO [Proxy Progress] Device 0 CPU core 11
lrdn0757:1521334:1521452 [0] NCCL INFO Channel 02/0 : 1[0] -> 2[0] [receive] via NET/IB/5
lrdn0757:1521334:1521452 [0] NCCL INFO Channel 03/0 : 1[0] -> 2[0] [receive] via NET/IB/6
lrdn0757:1521334:1521452 [0] NCCL INFO Channel 00/0 : 2[0] -> 3[0] [send] via NET/IB/5
lrdn0757:1521334:1521452 [0] NCCL INFO Channel 01/0 : 2[0] -> 3[0] [send] via NET/IB/6
lrdn0757:1521334:1521452 [0] NCCL INFO Channel 02/0 : 2[0] -> 3[0] [send] via NET/IB/5
lrdn0757:1521334:1521452 [0] NCCL INFO Channel 03/0 : 2[0] -> 3[0] [send] via NET/IB/6
lrdn1226:1654681:1654798 [0] NCCL INFO Channel 00/0 : 14[0] -> 15[0] [receive] via NET/IB/5
lrdn1226:1654681:1654799 [0] NCCL INFO [Proxy Progress] Device 0 CPU core 12
lrdn1124:1626469:1626591 [0] NCCL INFO Channel 00/0 : 9[0] -> 10[0] [receive] via NET/IB/5
lrdn1139:2620503:2620628 [0] NCCL INFO [Proxy Progress] Device 0 CPU core 13
lrdn1139:2620503:2620627 [0] NCCL INFO Channel 00/0 : 11[0] -> 12[0] [receive] via NET/IB/5
lrdn1124:1626469:1626592 [0] NCCL INFO [Proxy Progress] Device 0 CPU core 10
lrdn1124:1626469:1626591 [0] NCCL INFO Channel 01/0 : 9[0] -> 10[0] [receive] via NET/IB/6
lrdn1226:1654681:1654798 [0] NCCL INFO Channel 01/0 : 14[0] -> 15[0] [receive] via NET/IB/6
lrdn1124:1626469:1626591 [0] NCCL INFO Channel 02/0 : 9[0] -> 10[0] [receive] via NET/IB/5
lrdn1226:1654681:1654798 [0] NCCL INFO Channel 02/0 : 14[0] -> 15[0] [receive] via NET/IB/5
lrdn1124:1626469:1626591 [0] NCCL INFO Channel 03/0 : 9[0] -> 10[0] [receive] via NET/IB/6
lrdn1124:1626469:1626591 [0] NCCL INFO Channel 00/0 : 10[0] -> 11[0] [send] via NET/IB/5
lrdn1226:1654681:1654798 [0] NCCL INFO Channel 03/0 : 14[0] -> 15[0] [receive] via NET/IB/6
lrdn1138:684929:685048 [0] NCCL INFO Channel 00/0 : 10[0] -> 11[0] [receive] via NET/IB/5
lrdn1138:684929:685049 [0] NCCL INFO [Proxy Progress] Device 0 CPU core 10
lrdn1138:684929:685048 [0] NCCL INFO Channel 01/0 : 10[0] -> 11[0] [receive] via NET/IB/6
lrdn1138:684929:685048 [0] NCCL INFO Channel 02/0 : 10[0] -> 11[0] [receive] via NET/IB/5
lrdn1124:1626469:1626591 [0] NCCL INFO Channel 01/0 : 10[0] -> 11[0] [send] via NET/IB/6
lrdn1226:1654681:1654798 [0] NCCL INFO Channel 00/0 : 15[0] -> 0[0] [send] via NET/IB/5
lrdn1226:1654681:1654798 [0] NCCL INFO Channel 01/0 : 15[0] -> 0[0] [send] via NET/IB/6
lrdn1124:1626469:1626591 [0] NCCL INFO Channel 02/0 : 10[0] -> 11[0] [send] via NET/IB/5
lrdn1124:1626469:1626591 [0] NCCL INFO Channel 03/0 : 10[0] -> 11[0] [send] via NET/IB/6
lrdn1139:2620503:2620627 [0] NCCL INFO Channel 01/0 : 11[0] -> 12[0] [receive] via NET/IB/6
lrdn1226:1654681:1654798 [0] NCCL INFO Channel 02/0 : 15[0] -> 0[0] [send] via NET/IB/5
lrdn1138:684929:685048 [0] NCCL INFO Channel 03/0 : 10[0] -> 11[0] [receive] via NET/IB/6
lrdn1138:684929:685048 [0] NCCL INFO Channel 00/0 : 11[0] -> 12[0] [send] via NET/IB/5
lrdn1138:684929:685048 [0] NCCL INFO Channel 01/0 : 11[0] -> 12[0] [send] via NET/IB/6
lrdn1139:2620503:2620627 [0] NCCL INFO Channel 02/0 : 11[0] -> 12[0] [receive] via NET/IB/5
lrdn1226:1654681:1654798 [0] NCCL INFO Channel 03/0 : 15[0] -> 0[0] [send] via NET/IB/6
lrdn1139:2620503:2620627 [0] NCCL INFO Channel 03/0 : 11[0] -> 12[0] [receive] via NET/IB/6
lrdn1138:684929:685048 [0] NCCL INFO Channel 02/0 : 11[0] -> 12[0] [send] via NET/IB/5
lrdn1138:684929:685048 [0] NCCL INFO Channel 03/0 : 11[0] -> 12[0] [send] via NET/IB/6
lrdn1139:2620503:2620627 [0] NCCL INFO Channel 00/0 : 12[0] -> 13[0] [send] via NET/IB/5
lrdn1139:2620503:2620627 [0] NCCL INFO Channel 01/0 : 12[0] -> 13[0] [send] via NET/IB/6
lrdn1139:2620503:2620627 [0] NCCL INFO Channel 02/0 : 12[0] -> 13[0] [send] via NET/IB/5
lrdn1139:2620503:2620627 [0] NCCL INFO Channel 03/0 : 12[0] -> 13[0] [send] via NET/IB/6
lrdn0805:1354481:1354603 [0] NCCL INFO [Proxy Progress] Device 0 CPU core 10
lrdn0805:1354481:1354602 [0] NCCL INFO Channel 00/0 : 3[0] -> 4[0] [receive] via NET/IB/5
lrdn0708:3048046:3048172 [0] NCCL INFO [Proxy Progress] Device 0 CPU core 7
lrdn0708:3048046:3048171 [0] NCCL INFO Channel 00/0 : 15[0] -> 0[0] [receive] via NET/IB/5
lrdn0805:1354481:1354602 [0] NCCL INFO Channel 01/0 : 3[0] -> 4[0] [receive] via NET/IB/6
lrdn0805:1354481:1354602 [0] NCCL INFO Channel 02/0 : 3[0] -> 4[0] [receive] via NET/IB/5
lrdn0824:1054616:1054735 [0] NCCL INFO [Proxy Progress] Device 0 CPU core 12
lrdn0824:1054616:1054734 [0] NCCL INFO Channel 00/0 : 4[0] -> 5[0] [receive] via NET/IB/5
lrdn0708:3048046:3048171 [0] NCCL INFO Channel 01/0 : 15[0] -> 0[0] [receive] via NET/IB/6
lrdn0824:1054616:1054734 [0] NCCL INFO Channel 01/0 : 4[0] -> 5[0] [receive] via NET/IB/6
lrdn0708:3048046:3048171 [0] NCCL INFO Channel 02/0 : 15[0] -> 0[0] [receive] via NET/IB/5
lrdn0805:1354481:1354602 [0] NCCL INFO Channel 03/0 : 3[0] -> 4[0] [receive] via NET/IB/6
lrdn0805:1354481:1354602 [0] NCCL INFO Channel 00/0 : 4[0] -> 5[0] [send] via NET/IB/5
lrdn0824:1054616:1054734 [0] NCCL INFO Channel 02/0 : 4[0] -> 5[0] [receive] via NET/IB/5
lrdn0708:3048046:3048171 [0] NCCL INFO Channel 03/0 : 15[0] -> 0[0] [receive] via NET/IB/6
lrdn0805:1354481:1354602 [0] NCCL INFO Channel 01/0 : 4[0] -> 5[0] [send] via NET/IB/6
lrdn0708:3048046:3048171 [0] NCCL INFO Channel 00/0 : 0[0] -> 1[0] [send] via NET/IB/5
lrdn0824:1054616:1054734 [0] NCCL INFO Channel 03/0 : 4[0] -> 5[0] [receive] via NET/IB/6
lrdn0805:1354481:1354602 [0] NCCL INFO Channel 02/0 : 4[0] -> 5[0] [send] via NET/IB/5
lrdn0708:3048046:3048171 [0] NCCL INFO Channel 01/0 : 0[0] -> 1[0] [send] via NET/IB/6
lrdn0824:1054616:1054734 [0] NCCL INFO Channel 00/0 : 5[0] -> 6[0] [send] via NET/IB/5
lrdn0805:1354481:1354602 [0] NCCL INFO Channel 03/0 : 4[0] -> 5[0] [send] via NET/IB/6
lrdn0708:3048046:3048171 [0] NCCL INFO Channel 02/0 : 0[0] -> 1[0] [send] via NET/IB/5
lrdn0824:1054616:1054734 [0] NCCL INFO Channel 01/0 : 5[0] -> 6[0] [send] via NET/IB/6
lrdn0708:3048046:3048171 [0] NCCL INFO Channel 03/0 : 0[0] -> 1[0] [send] via NET/IB/6
lrdn0836:1477025:1477145 [0] NCCL INFO Channel 00/0 : 5[0] -> 6[0] [receive] via NET/IB/5
lrdn0824:1054616:1054734 [0] NCCL INFO Channel 02/0 : 5[0] -> 6[0] [send] via NET/IB/5
lrdn0780:1321542:1321660 [0] NCCL INFO [Proxy Progress] Device 0 CPU core 12
lrdn0824:1054616:1054734 [0] NCCL INFO Channel 03/0 : 5[0] -> 6[0] [send] via NET/IB/6
lrdn1206:1547777:1547896 [0] NCCL INFO [Proxy Progress] Device 0 CPU core 11
lrdn1206:1547777:1547895 [0] NCCL INFO Channel 00/0 : 12[0] -> 13[0] [receive] via NET/IB/5
lrdn1206:1547777:1547895 [0] NCCL INFO Channel 01/0 : 12[0] -> 13[0] [receive] via NET/IB/6
lrdn1206:1547777:1547895 [0] NCCL INFO Channel 02/0 : 12[0] -> 13[0] [receive] via NET/IB/5
lrdn1206:1547777:1547895 [0] NCCL INFO Channel 03/0 : 12[0] -> 13[0] [receive] via NET/IB/6
lrdn1206:1547777:1547895 [0] NCCL INFO Channel 00/0 : 13[0] -> 14[0] [send] via NET/IB/5
lrdn0836:1477025:1477145 [0] NCCL INFO Channel 01/0 : 5[0] -> 6[0] [receive] via NET/IB/6
lrdn0836:1477025:1477146 [0] NCCL INFO [Proxy Progress] Device 0 CPU core 14
lrdn0836:1477025:1477145 [0] NCCL INFO Channel 02/0 : 5[0] -> 6[0] [receive] via NET/IB/5
lrdn0836:1477025:1477145 [0] NCCL INFO Channel 03/0 : 5[0] -> 6[0] [receive] via NET/IB/6
lrdn0836:1477025:1477145 [0] NCCL INFO Channel 00/0 : 6[0] -> 7[0] [send] via NET/IB/5
lrdn0780:1321542:1321659 [0] NCCL INFO Channel 00/0 : 2[0] -> 3[0] [receive] via NET/IB/5
lrdn0780:1321542:1321659 [0] NCCL INFO Channel 01/0 : 2[0] -> 3[0] [receive] via NET/IB/6
lrdn0780:1321542:1321659 [0] NCCL INFO Channel 02/0 : 2[0] -> 3[0] [receive] via NET/IB/5
lrdn1206:1547777:1547895 [0] NCCL INFO Channel 01/0 : 13[0] -> 14[0] [send] via NET/IB/6
lrdn1206:1547777:1547895 [0] NCCL INFO Channel 02/0 : 13[0] -> 14[0] [send] via NET/IB/5
lrdn0780:1321542:1321659 [0] NCCL INFO Channel 03/0 : 2[0] -> 3[0] [receive] via NET/IB/6
lrdn0780:1321542:1321659 [0] NCCL INFO Channel 00/0 : 3[0] -> 4[0] [send] via NET/IB/5
lrdn1206:1547777:1547895 [0] NCCL INFO Channel 03/0 : 13[0] -> 14[0] [send] via NET/IB/6
lrdn0780:1321542:1321659 [0] NCCL INFO Channel 01/0 : 3[0] -> 4[0] [send] via NET/IB/6
lrdn0836:1477025:1477145 [0] NCCL INFO Channel 01/0 : 6[0] -> 7[0] [send] via NET/IB/6
lrdn0836:1477025:1477145 [0] NCCL INFO Channel 02/0 : 6[0] -> 7[0] [send] via NET/IB/5
lrdn0836:1477025:1477145 [0] NCCL INFO Channel 03/0 : 6[0] -> 7[0] [send] via NET/IB/6
lrdn0780:1321542:1321659 [0] NCCL INFO Channel 02/0 : 3[0] -> 4[0] [send] via NET/IB/5
lrdn0780:1321542:1321659 [0] NCCL INFO Channel 03/0 : 3[0] -> 4[0] [send] via NET/IB/6
lrdn1218:1776591:1776715 [0] NCCL INFO Channel 00/0 : 13[0] -> 14[0] [receive] via NET/IB/5
lrdn1218:1776591:1776716 [0] NCCL INFO [Proxy Progress] Device 0 CPU core 12
lrdn1218:1776591:1776715 [0] NCCL INFO Channel 01/0 : 13[0] -> 14[0] [receive] via NET/IB/6
lrdn1218:1776591:1776715 [0] NCCL INFO Channel 02/0 : 13[0] -> 14[0] [receive] via NET/IB/5
lrdn1218:1776591:1776715 [0] NCCL INFO Channel 03/0 : 13[0] -> 14[0] [receive] via NET/IB/6
lrdn0853:1717580:1717702 [0] NCCL INFO Channel 00/0 : 6[0] -> 7[0] [receive] via NET/IB/5
lrdn0853:1717580:1717702 [0] NCCL INFO Channel 01/0 : 6[0] -> 7[0] [receive] via NET/IB/6
lrdn1218:1776591:1776715 [0] NCCL INFO Channel 00/0 : 14[0] -> 15[0] [send] via NET/IB/5
lrdn0853:1717580:1717703 [0] NCCL INFO [Proxy Progress] Device 0 CPU core 10
lrdn0853:1717580:1717702 [0] NCCL INFO Channel 02/0 : 6[0] -> 7[0] [receive] via NET/IB/5
lrdn1218:1776591:1776715 [0] NCCL INFO Channel 01/0 : 14[0] -> 15[0] [send] via NET/IB/6
lrdn0853:1717580:1717702 [0] NCCL INFO Channel 03/0 : 6[0] -> 7[0] [receive] via NET/IB/6
lrdn1218:1776591:1776715 [0] NCCL INFO Channel 02/0 : 14[0] -> 15[0] [send] via NET/IB/5
lrdn0853:1717580:1717702 [0] NCCL INFO Channel 00/0 : 7[0] -> 8[0] [send] via NET/IB/5
lrdn0853:1717580:1717702 [0] NCCL INFO Channel 01/0 : 7[0] -> 8[0] [send] via NET/IB/6
lrdn1218:1776591:1776715 [0] NCCL INFO Channel 03/0 : 14[0] -> 15[0] [send] via NET/IB/6
lrdn0853:1717580:1717702 [0] NCCL INFO Channel 02/0 : 7[0] -> 8[0] [send] via NET/IB/5
lrdn1028:895822:895944 [0] NCCL INFO Channel 00/0 : 7[0] -> 8[0] [receive] via NET/IB/5
lrdn1093:1492163:1492281 [0] NCCL INFO Channel 00/0 : 8[0] -> 9[0] [receive] via NET/IB/5
lrdn1093:1492163:1492281 [0] NCCL INFO Channel 01/0 : 8[0] -> 9[0] [receive] via NET/IB/6
lrdn1093:1492163:1492282 [0] NCCL INFO [Proxy Progress] Device 0 CPU core 11
lrdn1093:1492163:1492281 [0] NCCL INFO Channel 02/0 : 8[0] -> 9[0] [receive] via NET/IB/5
lrdn0853:1717580:1717702 [0] NCCL INFO Channel 03/0 : 7[0] -> 8[0] [send] via NET/IB/6
lrdn1028:895822:895944 [0] NCCL INFO Channel 01/0 : 7[0] -> 8[0] [receive] via NET/IB/6
lrdn1093:1492163:1492281 [0] NCCL INFO Channel 03/0 : 8[0] -> 9[0] [receive] via NET/IB/6
lrdn1093:1492163:1492281 [0] NCCL INFO Channel 00/0 : 9[0] -> 10[0] [send] via NET/IB/5
lrdn1093:1492163:1492281 [0] NCCL INFO Channel 01/0 : 9[0] -> 10[0] [send] via NET/IB/6
lrdn1028:895822:895945 [0] NCCL INFO [Proxy Progress] Device 0 CPU core 9
lrdn1028:895822:895944 [0] NCCL INFO Channel 02/0 : 7[0] -> 8[0] [receive] via NET/IB/5
lrdn1028:895822:895944 [0] NCCL INFO Channel 03/0 : 7[0] -> 8[0] [receive] via NET/IB/6
lrdn1093:1492163:1492281 [0] NCCL INFO Channel 02/0 : 9[0] -> 10[0] [send] via NET/IB/5
lrdn1093:1492163:1492281 [0] NCCL INFO Channel 03/0 : 9[0] -> 10[0] [send] via NET/IB/6
lrdn1028:895822:895944 [0] NCCL INFO Channel 00/0 : 8[0] -> 9[0] [send] via NET/IB/5
lrdn1028:895822:895944 [0] NCCL INFO Channel 01/0 : 8[0] -> 9[0] [send] via NET/IB/6
lrdn1028:895822:895944 [0] NCCL INFO Channel 02/0 : 8[0] -> 9[0] [send] via NET/IB/5
lrdn1028:895822:895944 [0] NCCL INFO Channel 03/0 : 8[0] -> 9[0] [send] via NET/IB/6
lrdn0745:1658235:1658356 [0] NCCL INFO [Proxy Progress] Device 0 CPU core 0
lrdn0745:1658235:1658355 [0] NCCL INFO Channel 00/0 : 0[0] -> 1[0] [receive] via NET/IB/5
lrdn0745:1658235:1658355 [0] NCCL INFO Channel 01/0 : 0[0] -> 1[0] [receive] via NET/IB/6
lrdn0745:1658235:1658355 [0] NCCL INFO Channel 02/0 : 0[0] -> 1[0] [receive] via NET/IB/5
lrdn0745:1658235:1658355 [0] NCCL INFO Channel 03/0 : 0[0] -> 1[0] [receive] via NET/IB/6
lrdn0745:1658235:1658355 [0] NCCL INFO Channel 00/0 : 1[0] -> 2[0] [send] via NET/IB/5
lrdn0745:1658235:1658355 [0] NCCL INFO Channel 01/0 : 1[0] -> 2[0] [send] via NET/IB/6
lrdn0745:1658235:1658355 [0] NCCL INFO Channel 02/0 : 1[0] -> 2[0] [send] via NET/IB/5
lrdn0745:1658235:1658355 [0] NCCL INFO Channel 03/0 : 1[0] -> 2[0] [send] via NET/IB/6
lrdn1218:1776591:1776715 [0] NCCL INFO Connected all rings, use ring PXN 0 GDR 0
lrdn1226:1654681:1654798 [0] NCCL INFO Connected all rings, use ring PXN 0 GDR 0
lrdn0745:1658235:1658355 [0] NCCL INFO Connected all rings, use ring PXN 0 GDR 0
lrdn0757:1521334:1521452 [0] NCCL INFO Connected all rings, use ring PXN 0 GDR 0
lrdn0708:3048046:3048171 [0] NCCL INFO Connected all rings, use ring PXN 0 GDR 0
lrdn0853:1717580:1717702 [0] NCCL INFO Connected all rings, use ring PXN 0 GDR 0
lrdn0780:1321542:1321659 [0] NCCL INFO Connected all rings, use ring PXN 0 GDR 0
lrdn1028:895822:895944 [0] NCCL INFO Connected all rings, use ring PXN 0 GDR 0
lrdn0805:1354481:1354602 [0] NCCL INFO Connected all rings, use ring PXN 0 GDR 0
lrdn0836:1477025:1477145 [0] NCCL INFO Connected all rings, use ring PXN 0 GDR 0
lrdn0824:1054616:1054734 [0] NCCL INFO Connected all rings, use ring PXN 0 GDR 0
lrdn1093:1492163:1492281 [0] NCCL INFO Connected all rings, use ring PXN 0 GDR 0
lrdn1124:1626469:1626591 [0] NCCL INFO Connected all rings, use ring PXN 0 GDR 0
lrdn1138:684929:685048 [0] NCCL INFO Connected all rings, use ring PXN 0 GDR 0
lrdn1206:1547777:1547895 [0] NCCL INFO Connected all rings, use ring PXN 0 GDR 0
lrdn1139:2620503:2620627 [0] NCCL INFO Connected all rings, use ring PXN 0 GDR 0
[38;20m2025-08-02 00:13:40,517 | xffl.distributed.aggregation |     INFO | layer_by_layer - NCCL_ALGO=ring - NCCL_PROTO=SIMPLE - Multiple CUDA streams True, Contiguous memory False:
 Average communication time over 3 iterations: 2.08 (max/real adjusted throughput: 114.73/115.95 Gb/s - Max GPU RAM allocated: 16.06 GB)[0m
[38;20m2025-08-02 00:13:57,485 | xffl.distributed.aggregation |     INFO | layer_by_layer - NCCL_ALGO=ring - NCCL_PROTO=SIMPLE - Multiple CUDA streams True, Contiguous memory True:
 Average communication time over 3 iterations: 2.12 (max/real adjusted throughput: 114.42/113.43 Gb/s - Max GPU RAM allocated: 16.06 GB)[0m


[38;20m2025-08-02 00:14:15,849 | xffl.distributed.aggregation |     INFO | layer_by_layer - NCCL_ALGO=ring - NCCL_PROTO=LL - Multiple CUDA streams False, Contiguous memory False:
 Average communication time over 3 iterations: 2.27 (max/real adjusted throughput: 103.32/106.22 Gb/s - Max GPU RAM allocated: 16.06 GB)[0m
[38;20m2025-08-02 00:14:33,873 | xffl.distributed.aggregation |     INFO | layer_by_layer - NCCL_ALGO=ring - NCCL_PROTO=LL - Multiple CUDA streams False, Contiguous memory True:
 Average communication time over 3 iterations: 2.24 (max/real adjusted throughput: 106.37/107.39 Gb/s - Max GPU RAM allocated: 16.06 GB)[0m
[38;20m2025-08-02 00:14:50,513 | xffl.distributed.aggregation |     INFO | layer_by_layer - NCCL_ALGO=ring - NCCL_PROTO=LL - Multiple CUDA streams True, Contiguous memory False:
 Average communication time over 3 iterations: 2.08 (max/real adjusted throughput: 115.97/116.08 Gb/s - Max GPU RAM allocated: 16.06 GB)[0m
[38;20m2025-08-02 00:15:07,437 | xffl.distributed.aggregation |     INFO | layer_by_layer - NCCL_ALGO=ring - NCCL_PROTO=LL - Multiple CUDA streams True, Contiguous memory True:
 Average communication time over 3 iterations: 2.11 (max/real adjusted throughput: 113.85/113.92 Gb/s - Max GPU RAM allocated: 16.06 GB)[0m


[38;20m2025-08-02 00:15:25,349 | xffl.distributed.aggregation |     INFO | layer_by_layer - NCCL_ALGO=ring - NCCL_PROTO=LL128 - Multiple CUDA streams False, Contiguous memory False:
 Average communication time over 3 iterations: 2.22 (max/real adjusted throughput: 108.46/108.32 Gb/s - Max GPU RAM allocated: 16.06 GB)[0m
[38;20m2025-08-02 00:15:43,327 | xffl.distributed.aggregation |     INFO | layer_by_layer - NCCL_ALGO=ring - NCCL_PROTO=LL128 - Multiple CUDA streams False, Contiguous memory True:
 Average communication time over 3 iterations: 2.24 (max/real adjusted throughput: 107.87/107.58 Gb/s - Max GPU RAM allocated: 16.06 GB)[0m
[38;20m2025-08-02 00:16:00,029 | xffl.distributed.aggregation |     INFO | layer_by_layer - NCCL_ALGO=ring - NCCL_PROTO=LL128 - Multiple CUDA streams True, Contiguous memory False:
 Average communication time over 3 iterations: 2.10 (max/real adjusted throughput: 116.23/114.79 Gb/s - Max GPU RAM allocated: 16.06 GB)[0m
[38;20m2025-08-02 00:16:17,132 | xffl.distributed.aggregation |     INFO | layer_by_layer - NCCL_ALGO=ring - NCCL_PROTO=LL128 - Multiple CUDA streams True, Contiguous memory True:
 Average communication time over 3 iterations: 2.12 (max/real adjusted throughput: 112.31/113.55 Gb/s - Max GPU RAM allocated: 16.06 GB)[0m


[38;20m2025-08-02 00:16:34,999 | xffl.distributed.aggregation |     INFO | layer_by_layer - NCCL_ALGO=tree - NCCL_PROTO=SIMPLE - Multiple CUDA streams False, Contiguous memory False:
 Average communication time over 3 iterations: 2.24 (max/real adjusted throughput: 108.58/107.60 Gb/s - Max GPU RAM allocated: 16.06 GB)[0m
[38;20m2025-08-02 00:16:53,024 | xffl.distributed.aggregation |     INFO | layer_by_layer - NCCL_ALGO=tree - NCCL_PROTO=SIMPLE - Multiple CUDA streams False, Contiguous memory True:
 Average communication time over 3 iterations: 2.21 (max/real adjusted throughput: 106.09/108.95 Gb/s - Max GPU RAM allocated: 16.06 GB)[0m
[38;20m2025-08-02 00:17:09,898 | xffl.distributed.aggregation |     INFO | layer_by_layer - NCCL_ALGO=tree - NCCL_PROTO=SIMPLE - Multiple CUDA streams True, Contiguous memory False:
 Average communication time over 3 iterations: 2.11 (max/real adjusted throughput: 114.44/113.92 Gb/s - Max GPU RAM allocated: 16.06 GB)[0m
[38;20m2025-08-02 00:17:26,713 | xffl.distributed.aggregation |     INFO | layer_by_layer - NCCL_ALGO=tree - NCCL_PROTO=SIMPLE - Multiple CUDA streams True, Contiguous memory True:
 Average communication time over 3 iterations: 2.08 (max/real adjusted throughput: 114.06/115.85 Gb/s - Max GPU RAM allocated: 16.06 GB)[0m


[38;20m2025-08-02 00:17:44,296 | xffl.distributed.aggregation |     INFO | layer_by_layer - NCCL_ALGO=tree - NCCL_PROTO=LL - Multiple CUDA streams False, Contiguous memory False:
 Average communication time over 3 iterations: 2.28 (max/real adjusted throughput: 115.46/105.52 Gb/s - Max GPU RAM allocated: 16.06 GB)[0m
[38;20m2025-08-02 00:18:02,064 | xffl.distributed.aggregation |     INFO | layer_by_layer - NCCL_ALGO=tree - NCCL_PROTO=LL - Multiple CUDA streams False, Contiguous memory True:
 Average communication time over 3 iterations: 2.21 (max/real adjusted throughput: 109.28/108.97 Gb/s - Max GPU RAM allocated: 16.06 GB)[0m
[38;20m2025-08-02 00:18:18,949 | xffl.distributed.aggregation |     INFO | layer_by_layer - NCCL_ALGO=tree - NCCL_PROTO=LL - Multiple CUDA streams True, Contiguous memory False:
 Average communication time over 3 iterations: 2.14 (max/real adjusted throughput: 115.32/112.59 Gb/s - Max GPU RAM allocated: 16.06 GB)[0m
[38;20m2025-08-02 00:18:35,760 | xffl.distributed.aggregation |     INFO | layer_by_layer - NCCL_ALGO=tree - NCCL_PROTO=LL - Multiple CUDA streams True, Contiguous memory True:
 Average communication time over 3 iterations: 2.12 (max/real adjusted throughput: 114.88/113.89 Gb/s - Max GPU RAM allocated: 16.06 GB)[0m


[38;20m2025-08-02 00:18:53,780 | xffl.distributed.aggregation |     INFO | layer_by_layer - NCCL_ALGO=tree - NCCL_PROTO=LL128 - Multiple CUDA streams False, Contiguous memory False:
 Average communication time over 3 iterations: 2.24 (max/real adjusted throughput: 104.76/107.67 Gb/s - Max GPU RAM allocated: 16.06 GB)[0m
[38;20m2025-08-02 00:19:11,704 | xffl.distributed.aggregation |     INFO | layer_by_layer - NCCL_ALGO=tree - NCCL_PROTO=LL128 - Multiple CUDA streams False, Contiguous memory True:
 Average communication time over 3 iterations: 2.27 (max/real adjusted throughput: 107.83/106.21 Gb/s - Max GPU RAM allocated: 16.06 GB)[0m
[38;20m2025-08-02 00:19:28,626 | xffl.distributed.aggregation |     INFO | layer_by_layer - NCCL_ALGO=tree - NCCL_PROTO=LL128 - Multiple CUDA streams True, Contiguous memory False:
 Average communication time over 3 iterations: 2.12 (max/real adjusted throughput: 113.01/113.86 Gb/s - Max GPU RAM allocated: 16.06 GB)[0m
[38;20m2025-08-02 00:19:45,689 | xffl.distributed.aggregation |     INFO | layer_by_layer - NCCL_ALGO=tree - NCCL_PROTO=LL128 - Multiple CUDA streams True, Contiguous memory True:
 Average communication time over 3 iterations: 2.16 (max/real adjusted throughput: 113.43/111.59 Gb/s - Max GPU RAM allocated: 16.06 GB)[0m


[38;20m2025-08-02 00:20:03,689 | xffl.distributed.aggregation |     INFO | layer_by_layer - NCCL_ALGO=collnet - NCCL_PROTO=SIMPLE - Multiple CUDA streams False, Contiguous memory False:
 Average communication time over 3 iterations: 2.23 (max/real adjusted throughput: 106.57/108.18 Gb/s - Max GPU RAM allocated: 16.06 GB)[0m
[38;20m2025-08-02 00:20:21,678 | xffl.distributed.aggregation |     INFO | layer_by_layer - NCCL_ALGO=collnet - NCCL_PROTO=SIMPLE - Multiple CUDA streams False, Contiguous memory True:
 Average communication time over 3 iterations: 2.27 (max/real adjusted throughput: 108.48/106.07 Gb/s - Max GPU RAM allocated: 16.06 GB)[0m
[38;20m2025-08-02 00:20:38,485 | xffl.distributed.aggregation |     INFO | layer_by_layer - NCCL_ALGO=collnet - NCCL_PROTO=SIMPLE - Multiple CUDA streams True, Contiguous memory False:
 Average communication time over 3 iterations: 2.09 (max/real adjusted throughput: 114.04/115.51 Gb/s - Max GPU RAM allocated: 16.06 GB)[0m
[38;20m2025-08-02 00:20:55,101 | xffl.distributed.aggregation |     INFO | layer_by_layer - NCCL_ALGO=collnet - NCCL_PROTO=SIMPLE - Multiple CUDA streams True, Contiguous memory True:
 Average communication time over 3 iterations: 2.08 (max/real adjusted throughput: 116.05/116.04 Gb/s - Max GPU RAM allocated: 16.06 GB)[0m


[38;20m2025-08-02 00:21:12,943 | xffl.distributed.aggregation |     INFO | layer_by_layer - NCCL_ALGO=collnet - NCCL_PROTO=LL - Multiple CUDA streams False, Contiguous memory False:
 Average communication time over 3 iterations: 2.24 (max/real adjusted throughput: 107.91/107.37 Gb/s - Max GPU RAM allocated: 16.06 GB)[0m
[38;20m2025-08-02 00:21:30,899 | xffl.distributed.aggregation |     INFO | layer_by_layer - NCCL_ALGO=collnet - NCCL_PROTO=LL - Multiple CUDA streams False, Contiguous memory True:
 Average communication time over 3 iterations: 2.22 (max/real adjusted throughput: 105.83/108.42 Gb/s - Max GPU RAM allocated: 16.06 GB)[0m
[38;20m2025-08-02 00:21:47,820 | xffl.distributed.aggregation |     INFO | layer_by_layer - NCCL_ALGO=collnet - NCCL_PROTO=LL - Multiple CUDA streams True, Contiguous memory False:
 Average communication time over 3 iterations: 2.13 (max/real adjusted throughput: 113.52/112.98 Gb/s - Max GPU RAM allocated: 16.06 GB)[0m
[38;20m2025-08-02 00:22:04,706 | xffl.distributed.aggregation |     INFO | layer_by_layer - NCCL_ALGO=collnet - NCCL_PROTO=LL - Multiple CUDA streams True, Contiguous memory True:
 Average communication time over 3 iterations: 2.09 (max/real adjusted throughput: 113.20/115.09 Gb/s - Max GPU RAM allocated: 16.06 GB)[0m


[38;20m2025-08-02 00:22:22,757 | xffl.distributed.aggregation |     INFO | layer_by_layer - NCCL_ALGO=collnet - NCCL_PROTO=LL128 - Multiple CUDA streams False, Contiguous memory False:
 Average communication time over 3 iterations: 2.30 (max/real adjusted throughput: 106.45/104.97 Gb/s - Max GPU RAM allocated: 16.06 GB)[0m
[38;20m2025-08-02 00:22:40,759 | xffl.distributed.aggregation |     INFO | layer_by_layer - NCCL_ALGO=collnet - NCCL_PROTO=LL128 - Multiple CUDA streams False, Contiguous memory True:
 Average communication time over 3 iterations: 2.22 (max/real adjusted throughput: 106.52/108.51 Gb/s - Max GPU RAM allocated: 16.06 GB)[0m
[38;20m2025-08-02 00:22:57,436 | xffl.distributed.aggregation |     INFO | layer_by_layer - NCCL_ALGO=collnet - NCCL_PROTO=LL128 - Multiple CUDA streams True, Contiguous memory False:
 Average communication time over 3 iterations: 2.09 (max/real adjusted throughput: 115.84/115.42 Gb/s - Max GPU RAM allocated: 16.06 GB)[0m
[38;20m2025-08-02 00:23:14,401 | xffl.distributed.aggregation |     INFO | layer_by_layer - NCCL_ALGO=collnet - NCCL_PROTO=LL128 - Multiple CUDA streams True, Contiguous memory True:
 Average communication time over 3 iterations: 2.13 (max/real adjusted throughput: 113.26/113.08 Gb/s - Max GPU RAM allocated: 16.06 GB)[0m


[38;20m2025-08-02 00:23:32,568 | xffl.distributed.aggregation |     INFO | layer_by_layer - NCCL_ALGO=collnetchain - NCCL_PROTO=SIMPLE - Multiple CUDA streams False, Contiguous memory False:
 Average communication time over 3 iterations: 2.32 (max/real adjusted throughput: 106.03/103.99 Gb/s - Max GPU RAM allocated: 16.06 GB)[0m
[38;20m2025-08-02 00:23:50,628 | xffl.distributed.aggregation |     INFO | layer_by_layer - NCCL_ALGO=collnetchain - NCCL_PROTO=SIMPLE - Multiple CUDA streams False, Contiguous memory True:
 Average communication time over 3 iterations: 2.25 (max/real adjusted throughput: 106.03/107.19 Gb/s - Max GPU RAM allocated: 16.06 GB)[0m
[38;20m2025-08-02 00:24:07,787 | xffl.distributed.aggregation |     INFO | layer_by_layer - NCCL_ALGO=collnetchain - NCCL_PROTO=SIMPLE - Multiple CUDA streams True, Contiguous memory False:
 Average communication time over 3 iterations: 2.13 (max/real adjusted throughput: 112.00/112.89 Gb/s - Max GPU RAM allocated: 16.06 GB)[0m
[38;20m2025-08-02 00:24:24,695 | xffl.distributed.aggregation |     INFO | layer_by_layer - NCCL_ALGO=collnetchain - NCCL_PROTO=SIMPLE - Multiple CUDA streams True, Contiguous memory True:
 Average communication time over 3 iterations: 2.08 (max/real adjusted throughput: 112.32/115.57 Gb/s - Max GPU RAM allocated: 16.06 GB)[0m


[38;20m2025-08-02 00:24:42,809 | xffl.distributed.aggregation |     INFO | layer_by_layer - NCCL_ALGO=collnetchain - NCCL_PROTO=LL - Multiple CUDA streams False, Contiguous memory False:
 Average communication time over 3 iterations: 2.23 (max/real adjusted throughput: 104.64/107.96 Gb/s - Max GPU RAM allocated: 16.06 GB)[0m
[38;20m2025-08-02 00:25:00,794 | xffl.distributed.aggregation |     INFO | layer_by_layer - NCCL_ALGO=collnetchain - NCCL_PROTO=LL - Multiple CUDA streams False, Contiguous memory True:
 Average communication time over 3 iterations: 2.28 (max/real adjusted throughput: 107.44/105.72 Gb/s - Max GPU RAM allocated: 16.06 GB)[0m
[38;20m2025-08-02 00:25:17,764 | xffl.distributed.aggregation |     INFO | layer_by_layer - NCCL_ALGO=collnetchain - NCCL_PROTO=LL - Multiple CUDA streams True, Contiguous memory False:
 Average communication time over 3 iterations: 2.10 (max/real adjusted throughput: 113.23/114.83 Gb/s - Max GPU RAM allocated: 16.06 GB)[0m
[38;20m2025-08-02 00:25:34,497 | xffl.distributed.aggregation |     INFO | layer_by_layer - NCCL_ALGO=collnetchain - NCCL_PROTO=LL - Multiple CUDA streams True, Contiguous memory True:
 Average communication time over 3 iterations: 2.09 (max/real adjusted throughput: 114.93/115.35 Gb/s - Max GPU RAM allocated: 16.06 GB)[0m


[38;20m2025-08-02 00:25:52,604 | xffl.distributed.aggregation |     INFO | layer_by_layer - NCCL_ALGO=collnetchain - NCCL_PROTO=LL128 - Multiple CUDA streams False, Contiguous memory False:
 Average communication time over 3 iterations: 2.24 (max/real adjusted throughput: 104.90/107.73 Gb/s - Max GPU RAM allocated: 16.06 GB)[0m
[38;20m2025-08-02 00:26:10,744 | xffl.distributed.aggregation |     INFO | layer_by_layer - NCCL_ALGO=collnetchain - NCCL_PROTO=LL128 - Multiple CUDA streams False, Contiguous memory True:
 Average communication time over 3 iterations: 2.29 (max/real adjusted throughput: 106.31/105.10 Gb/s - Max GPU RAM allocated: 16.06 GB)[0m
[38;20m2025-08-02 00:26:27,745 | xffl.distributed.aggregation |     INFO | layer_by_layer - NCCL_ALGO=collnetchain - NCCL_PROTO=LL128 - Multiple CUDA streams True, Contiguous memory False:
 Average communication time over 3 iterations: 2.12 (max/real adjusted throughput: 112.77/113.78 Gb/s - Max GPU RAM allocated: 16.06 GB)[0m
[38;20m2025-08-02 00:26:44,750 | xffl.distributed.aggregation |     INFO | layer_by_layer - NCCL_ALGO=collnetchain - NCCL_PROTO=LL128 - Multiple CUDA streams True, Contiguous memory True:
 Average communication time over 3 iterations: 2.13 (max/real adjusted throughput: 112.39/113.19 Gb/s - Max GPU RAM allocated: 16.06 GB)[0m


