lrdn0449:2388359:2388472 [0] NCCL INFO [Proxy Service] Device 0 CPU core 1
lrdn0642:1581769:1581882 [0] NCCL INFO [Proxy Service] Device 0 CPU core 1
lrdn0672:2781644:2781758 [0] NCCL INFO Trees [0] 17/19/-1->18->20 [1] 17/19/-1->18->20 [2] -1/-1/-1->18->17 [3] -1/-1/-1->18->17
lrdn0672:2781644:2781758 [0] NCCL INFO P2P Chunksize set to 131072
lrdn0606:1624358:1624469 [0] NCCL INFO [Proxy Service] Device 0 CPU core 3
lrdn1295:3070527:3070642 [0] NCCL INFO [Proxy Service] Device 0 CPU core 1
lrdn1295:3070527:3070643 [0] NCCL INFO [Proxy Service UDS] Device 0 CPU core 2
lrdn0642:1581769:1581883 [0] NCCL INFO [Proxy Service UDS] Device 0 CPU core 2
lrdn0672:2781644:2781759 [0] NCCL INFO [Proxy Service] Device 0 CPU core 1
lrdn0606:1624358:1624470 [0] NCCL INFO [Proxy Service UDS] Device 0 CPU core 4
lrdn0699:3509133:3509246 [0] NCCL INFO comm 0x21e29210 rank 21 nRanks 32 nNodes 32 localRanks 1 localRank 0 MNNVL 0
lrdn0699:3509133:3509246 [0] NCCL INFO Trees [0] -1/-1/-1->21->22 [1] -1/-1/-1->21->22 [2] 22/20/-1->21->19 [3] 22/20/-1->21->19
lrdn0699:3509133:3509246 [0] NCCL INFO P2P Chunksize set to 131072
lrdn0801:1614277:1614390 [0] NCCL INFO [Proxy Service] Device 0 CPU core 1
lrdn0801:1614277:1614391 [0] NCCL INFO [Proxy Service UDS] Device 0 CPU core 3
lrdn0646:1587689:1587800 [0] NCCL INFO comm 0x20fa84c0 rank 16 nRanks 32 nNodes 32 localRanks 1 localRank 0 MNNVL 0
lrdn0646:1587689:1587800 [0] NCCL INFO Trees [0] 8/24/-1->16->0 [1] 8/24/-1->16->0 [2] -1/-1/-1->16->17 [3] -1/-1/-1->16->17
lrdn0646:1587689:1587800 [0] NCCL INFO P2P Chunksize set to 131072
lrdn0646:1587689:1587802 [0] NCCL INFO [Proxy Service UDS] Device 0 CPU core 3
lrdn0782:340959:341074 [0] NCCL INFO comm 0x2bb3da00 rank 29 nRanks 32 nNodes 32 localRanks 1 localRank 0 MNNVL 0
lrdn0782:340959:341074 [0] NCCL INFO Trees [0] -1/-1/-1->29->30 [1] -1/-1/-1->29->30 [2] 30/28/-1->29->27 [3] 30/28/-1->29->27
lrdn0782:340959:341074 [0] NCCL INFO P2P Chunksize set to 131072
lrdn0681:1636317:1636432 [0] NCCL INFO comm 0x1ee16550 rank 19 nRanks 32 nNodes 32 localRanks 1 localRank 0 MNNVL 0
lrdn0681:1636317:1636432 [0] NCCL INFO Trees [0] -1/-1/-1->19->18 [1] -1/-1/-1->19->18 [2] 21/17/-1->19->23 [3] 21/17/-1->19->23
lrdn0681:1636317:1636432 [0] NCCL INFO P2P Chunksize set to 131072
lrdn0681:1636317:1636433 [0] NCCL INFO [Proxy Service] Device 0 CPU core 9
lrdn0681:1636317:1636434 [0] NCCL INFO [Proxy Service UDS] Device 0 CPU core 10
lrdn0664:1553625:1553737 [0] NCCL INFO comm 0x11ec4540 rank 17 nRanks 32 nNodes 32 localRanks 1 localRank 0 MNNVL 0
lrdn0664:1553625:1553737 [0] NCCL INFO Trees [0] -1/-1/-1->17->18 [1] -1/-1/-1->17->18 [2] 18/16/-1->17->19 [3] 18/16/-1->17->19
lrdn0664:1553625:1553737 [0] NCCL INFO P2P Chunksize set to 131072
lrdn0664:1553625:1553738 [0] NCCL INFO [Proxy Service] Device 0 CPU core 12
lrdn0664:1553625:1553739 [0] NCCL INFO [Proxy Service UDS] Device 0 CPU core 14
lrdn0782:340959:341075 [0] NCCL INFO [Proxy Service] Device 0 CPU core 1
lrdn0646:1587689:1587801 [0] NCCL INFO [Proxy Service] Device 0 CPU core 2
lrdn0672:2781644:2781760 [0] NCCL INFO [Proxy Service UDS] Device 0 CPU core 2
lrdn0693:1620238:1620352 [0] NCCL INFO comm 0x17852440 rank 20 nRanks 32 nNodes 32 localRanks 1 localRank 0 MNNVL 0
lrdn0693:1620238:1620352 [0] NCCL INFO Trees [0] 18/22/-1->20->24 [1] 18/22/-1->20->24 [2] -1/-1/-1->20->21 [3] -1/-1/-1->20->21
lrdn0693:1620238:1620352 [0] NCCL INFO P2P Chunksize set to 131072
lrdn0693:1620238:1620354 [0] NCCL INFO [Proxy Service UDS] Device 0 CPU core 3
lrdn0782:340959:341076 [0] NCCL INFO [Proxy Service UDS] Device 0 CPU core 4
lrdn0699:3509133:3509247 [0] NCCL INFO [Proxy Service] Device 0 CPU core 1
lrdn0699:3509133:3509248 [0] NCCL INFO [Proxy Service UDS] Device 0 CPU core 2
lrdn0693:1620238:1620353 [0] NCCL INFO [Proxy Service] Device 0 CPU core 2
lrdn0712:1842149:1842260 [0] NCCL INFO comm 0x2192f030 rank 22 nRanks 32 nNodes 32 localRanks 1 localRank 0 MNNVL 0
lrdn0712:1842149:1842260 [0] NCCL INFO Trees [0] 21/23/-1->22->20 [1] 21/23/-1->22->20 [2] -1/-1/-1->22->21 [3] -1/-1/-1->22->21
lrdn0712:1842149:1842260 [0] NCCL INFO P2P Chunksize set to 131072
lrdn0712:1842149:1842261 [0] NCCL INFO [Proxy Service] Device 0 CPU core 4
lrdn0721:1243658:1243770 [0] NCCL INFO comm 0x16978190 rank 23 nRanks 32 nNodes 32 localRanks 1 localRank 0 MNNVL 0
lrdn0721:1243658:1243770 [0] NCCL INFO Trees [0] -1/-1/-1->23->22 [1] -1/-1/-1->23->22 [2] 27/19/-1->23->15 [3] 27/19/-1->23->15
lrdn0721:1243658:1243770 [0] NCCL INFO P2P Chunksize set to 131072
lrdn0742:1849591:1849703 [0] NCCL INFO comm 0x2aa33370 rank 25 nRanks 32 nNodes 32 localRanks 1 localRank 0 MNNVL 0
lrdn0742:1849591:1849703 [0] NCCL INFO Trees [0] -1/-1/-1->25->26 [1] -1/-1/-1->25->26 [2] 26/24/-1->25->27 [3] 26/24/-1->25->27
lrdn0742:1849591:1849703 [0] NCCL INFO P2P Chunksize set to 131072
lrdn0753:1934758:1934871 [0] NCCL INFO comm 0xd4f1e30 rank 26 nRanks 32 nNodes 32 localRanks 1 localRank 0 MNNVL 0
lrdn0712:1842149:1842262 [0] NCCL INFO [Proxy Service UDS] Device 0 CPU core 5
lrdn0721:1243658:1243772 [0] NCCL INFO [Proxy Service UDS] Device 0 CPU core 13
lrdn0721:1243658:1243771 [0] NCCL INFO [Proxy Service] Device 0 CPU core 11
lrdn0759:1654783:1654895 [0] NCCL INFO comm 0xcdd3ed0 rank 27 nRanks 32 nNodes 32 localRanks 1 localRank 0 MNNVL 0
lrdn0759:1654783:1654895 [0] NCCL INFO Trees [0] -1/-1/-1->27->26 [1] -1/-1/-1->27->26 [2] 29/25/-1->27->23 [3] 29/25/-1->27->23
lrdn0759:1654783:1654895 [0] NCCL INFO P2P Chunksize set to 131072
lrdn0753:1934758:1934871 [0] NCCL INFO Trees [0] 25/27/-1->26->28 [1] 25/27/-1->26->28 [2] -1/-1/-1->26->25 [3] -1/-1/-1->26->25
lrdn0753:1934758:1934871 [0] NCCL INFO P2P Chunksize set to 131072
lrdn0732:3576225:3576337 [0] NCCL INFO comm 0x2e0de330 rank 24 nRanks 32 nNodes 32 localRanks 1 localRank 0 MNNVL 0
lrdn0732:3576225:3576337 [0] NCCL INFO Trees [0] 20/28/-1->24->16 [1] 20/28/-1->24->16 [2] -1/-1/-1->24->25 [3] -1/-1/-1->24->25
lrdn0732:3576225:3576337 [0] NCCL INFO P2P Chunksize set to 131072
lrdn0732:3576225:3576338 [0] NCCL INFO [Proxy Service] Device 0 CPU core 2
lrdn0759:1654783:1654896 [0] NCCL INFO [Proxy Service] Device 0 CPU core 2
lrdn0759:1654783:1654897 [0] NCCL INFO [Proxy Service UDS] Device 0 CPU core 3
lrdn0753:1934758:1934872 [0] NCCL INFO [Proxy Service] Device 0 CPU core 1
lrdn0766:1547848:1547961 [0] NCCL INFO comm 0x1a6db4c0 rank 28 nRanks 32 nNodes 32 localRanks 1 localRank 0 MNNVL 0
lrdn0766:1547848:1547961 [0] NCCL INFO Trees [0] 26/30/-1->28->24 [1] 26/30/-1->28->24 [2] -1/-1/-1->28->29 [3] -1/-1/-1->28->29
lrdn0766:1547848:1547961 [0] NCCL INFO P2P Chunksize set to 131072
lrdn0766:1547848:1547964 [0] NCCL INFO [Proxy Service UDS] Device 0 CPU core 10
lrdn0732:3576225:3576339 [0] NCCL INFO [Proxy Service UDS] Device 0 CPU core 4
lrdn0766:1547848:1547963 [0] NCCL INFO [Proxy Service] Device 0 CPU core 9
lrdn0753:1934758:1934873 [0] NCCL INFO [Proxy Service UDS] Device 0 CPU core 2
lrdn0742:1849591:1849704 [0] NCCL INFO [Proxy Service] Device 0 CPU core 2
lrdn0742:1849591:1849705 [0] NCCL INFO [Proxy Service UDS] Device 0 CPU core 4
lrdn0529:3284075:3284186 [0] NCCL INFO NCCL_PROTO set by environment to SIMPLE
lrdn0529:3284075:3284186 [0] NCCL INFO NCCL_ALGO set by environment to ring
lrdn0529:3284075:3284186 [0] NCCL INFO threadThresholds 8/8/64 | 256/8/64 | 512 | 512
lrdn0529:3284075:3284186 [0] NCCL INFO 4 coll channels, 4 collnet channels, 0 nvls channels, 4 p2p channels, 1 p2p channels per peer
lrdn0479:584120:584231 [0] NCCL INFO NCCL_PROTO set by environment to SIMPLE
lrdn0479:584120:584231 [0] NCCL INFO NCCL_ALGO set by environment to ring
lrdn0479:584120:584231 [0] NCCL INFO threadThresholds 8/8/64 | 256/8/64 | 512 | 512
lrdn0479:584120:584231 [0] NCCL INFO 4 coll channels, 4 collnet channels, 0 nvls channels, 4 p2p channels, 1 p2p channels per peer
lrdn0523:1508859:1508973 [0] NCCL INFO NCCL_PROTO set by environment to SIMPLE
lrdn0523:1508859:1508973 [0] NCCL INFO NCCL_ALGO set by environment to ring
lrdn0523:1508859:1508973 [0] NCCL INFO threadThresholds 8/8/64 | 256/8/64 | 512 | 512
lrdn0523:1508859:1508973 [0] NCCL INFO 4 coll channels, 4 collnet channels, 0 nvls channels, 4 p2p channels, 1 p2p channels per peer
lrdn0463:1423639:1423750 [0] NCCL INFO NCCL_PROTO set by environment to SIMPLE
lrdn0463:1423639:1423750 [0] NCCL INFO NCCL_ALGO set by environment to ring
lrdn0463:1423639:1423750 [0] NCCL INFO threadThresholds 8/8/64 | 256/8/64 | 512 | 512
lrdn0463:1423639:1423750 [0] NCCL INFO 4 coll channels, 4 collnet channels, 0 nvls channels, 4 p2p channels, 1 p2p channels per peer
lrdn0627:2273038:2273186 [0] NCCL INFO NCCL_PROTO set by environment to SIMPLE
lrdn0627:2273038:2273186 [0] NCCL INFO NCCL_ALGO set by environment to ring
lrdn0627:2273038:2273186 [0] NCCL INFO threadThresholds 8/8/64 | 256/8/64 | 512 | 512
lrdn0627:2273038:2273186 [0] NCCL INFO 4 coll channels, 4 collnet channels, 0 nvls channels, 4 p2p channels, 1 p2p channels per peer
lrdn0445:1576952:1577062 [0] NCCL INFO NCCL_PROTO set by environment to SIMPLE
lrdn0445:1576952:1577062 [0] NCCL INFO NCCL_ALGO set by environment to ring
lrdn0445:1576952:1577062 [0] NCCL INFO threadThresholds 8/8/64 | 256/8/64 | 512 | 512
lrdn0445:1576952:1577062 [0] NCCL INFO 4 coll channels, 4 collnet channels, 0 nvls channels, 4 p2p channels, 1 p2p channels per peer
lrdn0536:1596533:1596676 [0] NCCL INFO NCCL_PROTO set by environment to SIMPLE
lrdn0536:1596533:1596676 [0] NCCL INFO NCCL_ALGO set by environment to ring
lrdn0536:1596533:1596676 [0] NCCL INFO threadThresholds 8/8/64 | 256/8/64 | 512 | 512
lrdn0536:1596533:1596676 [0] NCCL INFO 4 coll channels, 4 collnet channels, 0 nvls channels, 4 p2p channels, 1 p2p channels per peer
lrdn0428:385134:385246 [0] NCCL INFO NCCL_PROTO set by environment to SIMPLE
lrdn0428:385134:385246 [0] NCCL INFO NCCL_ALGO set by environment to ring
lrdn0428:385134:385246 [0] NCCL INFO Enabled NCCL Func/Proto/Algo Matrix:
     Function |       LL     LL128    Simple   |          Tree           Ring  CollNetDirect   CollNetChain           NVLS       NVLSTree            PAT  
    Broadcast |        0         0         1   |             0              1              0              0              0              0              0  
       Reduce |        0         0         1   |             0              1              0              0              0              0              0  
    AllGather |        0         0         1   |             0              1              0              0              0              0              0  
ReduceScatter |        0         0         1   |             0              1              0              0              0              0              0  
    AllReduce |        0         0         1   |             0              1              0              0              0              0              0  

lrdn0759:1654783:1654895 [0] NCCL INFO NCCL_PROTO set by environment to SIMPLE
lrdn0759:1654783:1654895 [0] NCCL INFO NCCL_ALGO set by environment to ring
lrdn0759:1654783:1654895 [0] NCCL INFO threadThresholds 8/8/64 | 256/8/64 | 512 | 512
lrdn0759:1654783:1654895 [0] NCCL INFO 4 coll channels, 4 collnet channels, 0 nvls channels, 4 p2p channels, 1 p2p channels per peer
lrdn0475:1701822:1701934 [0] NCCL INFO NCCL_PROTO set by environment to SIMPLE
lrdn0475:1701822:1701934 [0] NCCL INFO NCCL_ALGO set by environment to ring
lrdn0475:1701822:1701934 [0] NCCL INFO threadThresholds 8/8/64 | 256/8/64 | 512 | 512
lrdn0475:1701822:1701934 [0] NCCL INFO 4 coll channels, 4 collnet channels, 0 nvls channels, 4 p2p channels, 1 p2p channels per peer
lrdn0618:1812949:1813065 [0] NCCL INFO NCCL_PROTO set by environment to SIMPLE
lrdn0618:1812949:1813065 [0] NCCL INFO NCCL_ALGO set by environment to ring
lrdn0618:1812949:1813065 [0] NCCL INFO threadThresholds 8/8/64 | 256/8/64 | 512 | 512
lrdn0618:1812949:1813065 [0] NCCL INFO 4 coll channels, 4 collnet channels, 0 nvls channels, 4 p2p channels, 1 p2p channels per peer
lrdn0606:1624358:1624468 [0] NCCL INFO NCCL_PROTO set by environment to SIMPLE
lrdn0554:3416944:3417056 [0] NCCL INFO NCCL_PROTO set by environment to SIMPLE
lrdn0554:3416944:3417056 [0] NCCL INFO NCCL_ALGO set by environment to ring
lrdn0554:3416944:3417056 [0] NCCL INFO threadThresholds 8/8/64 | 256/8/64 | 512 | 512
lrdn0554:3416944:3417056 [0] NCCL INFO 4 coll channels, 4 collnet channels, 0 nvls channels, 4 p2p channels, 1 p2p channels per peer
lrdn0428:385134:385246 [0] NCCL INFO threadThresholds 8/8/64 | 256/8/64 | 512 | 512
lrdn0428:385134:385246 [0] NCCL INFO 4 coll channels, 4 collnet channels, 0 nvls channels, 4 p2p channels, 1 p2p channels per peer
lrdn0634:820804:820916 [0] NCCL INFO NCCL_PROTO set by environment to SIMPLE
lrdn0634:820804:820916 [0] NCCL INFO NCCL_ALGO set by environment to ring
lrdn0634:820804:820916 [0] NCCL INFO threadThresholds 8/8/64 | 256/8/64 | 512 | 512
lrdn0634:820804:820916 [0] NCCL INFO 4 coll channels, 4 collnet channels, 0 nvls channels, 4 p2p channels, 1 p2p channels per peer
lrdn0606:1624358:1624468 [0] NCCL INFO NCCL_ALGO set by environment to ring
lrdn0606:1624358:1624468 [0] NCCL INFO threadThresholds 8/8/64 | 256/8/64 | 512 | 512
lrdn0606:1624358:1624468 [0] NCCL INFO 4 coll channels, 4 collnet channels, 0 nvls channels, 4 p2p channels, 1 p2p channels per peer
lrdn0681:1636317:1636432 [0] NCCL INFO NCCL_PROTO set by environment to SIMPLE
lrdn0681:1636317:1636432 [0] NCCL INFO NCCL_ALGO set by environment to ring
lrdn0681:1636317:1636432 [0] NCCL INFO threadThresholds 8/8/64 | 256/8/64 | 512 | 512
lrdn0681:1636317:1636432 [0] NCCL INFO 4 coll channels, 4 collnet channels, 0 nvls channels, 4 p2p channels, 1 p2p channels per peer
lrdn0646:1587689:1587800 [0] NCCL INFO NCCL_PROTO set by environment to SIMPLE
lrdn0646:1587689:1587800 [0] NCCL INFO NCCL_ALGO set by environment to ring
lrdn0449:2388359:2388471 [0] NCCL INFO NCCL_PROTO set by environment to SIMPLE
lrdn0449:2388359:2388471 [0] NCCL INFO NCCL_ALGO set by environment to ring
lrdn0449:2388359:2388471 [0] NCCL INFO threadThresholds 8/8/64 | 256/8/64 | 512 | 512
lrdn0449:2388359:2388471 [0] NCCL INFO 4 coll channels, 4 collnet channels, 0 nvls channels, 4 p2p channels, 1 p2p channels per peer
lrdn0672:2781644:2781758 [0] NCCL INFO NCCL_PROTO set by environment to SIMPLE
lrdn0646:1587689:1587800 [0] NCCL INFO threadThresholds 8/8/64 | 256/8/64 | 512 | 512
lrdn0646:1587689:1587800 [0] NCCL INFO 4 coll channels, 4 collnet channels, 0 nvls channels, 4 p2p channels, 1 p2p channels per peer
lrdn0672:2781644:2781758 [0] NCCL INFO NCCL_ALGO set by environment to ring
lrdn0672:2781644:2781758 [0] NCCL INFO threadThresholds 8/8/64 | 256/8/64 | 512 | 512
lrdn0672:2781644:2781758 [0] NCCL INFO 4 coll channels, 4 collnet channels, 0 nvls channels, 4 p2p channels, 1 p2p channels per peer
lrdn0664:1553625:1553737 [0] NCCL INFO NCCL_PROTO set by environment to SIMPLE
lrdn0664:1553625:1553737 [0] NCCL INFO NCCL_ALGO set by environment to ring
lrdn0642:1581769:1581881 [0] NCCL INFO NCCL_PROTO set by environment to SIMPLE
lrdn0642:1581769:1581881 [0] NCCL INFO NCCL_ALGO set by environment to ring
lrdn0428:385134:385246 [0] NCCL INFO CC Off, workFifoBytes 1048576
lrdn0664:1553625:1553737 [0] NCCL INFO threadThresholds 8/8/64 | 256/8/64 | 512 | 512
lrdn0664:1553625:1553737 [0] NCCL INFO 4 coll channels, 4 collnet channels, 0 nvls channels, 4 p2p channels, 1 p2p channels per peer
lrdn0642:1581769:1581881 [0] NCCL INFO threadThresholds 8/8/64 | 256/8/64 | 512 | 512
lrdn0642:1581769:1581881 [0] NCCL INFO 4 coll channels, 4 collnet channels, 0 nvls channels, 4 p2p channels, 1 p2p channels per peer
lrdn0567:1731032:1731142 [0] NCCL INFO NCCL_PROTO set by environment to SIMPLE
lrdn0567:1731032:1731142 [0] NCCL INFO NCCL_ALGO set by environment to ring
lrdn0567:1731032:1731142 [0] NCCL INFO threadThresholds 8/8/64 | 256/8/64 | 512 | 512
lrdn0567:1731032:1731142 [0] NCCL INFO 4 coll channels, 4 collnet channels, 0 nvls channels, 4 p2p channels, 1 p2p channels per peer
lrdn0721:1243658:1243770 [0] NCCL INFO NCCL_PROTO set by environment to SIMPLE
lrdn0721:1243658:1243770 [0] NCCL INFO NCCL_ALGO set by environment to ring
lrdn0721:1243658:1243770 [0] NCCL INFO threadThresholds 8/8/64 | 256/8/64 | 512 | 512
lrdn0721:1243658:1243770 [0] NCCL INFO 4 coll channels, 4 collnet channels, 0 nvls channels, 4 p2p channels, 1 p2p channels per peer
lrdn0766:1547848:1547961 [0] NCCL INFO NCCL_PROTO set by environment to SIMPLE
lrdn0766:1547848:1547961 [0] NCCL INFO NCCL_ALGO set by environment to ring
lrdn0766:1547848:1547961 [0] NCCL INFO threadThresholds 8/8/64 | 256/8/64 | 512 | 512
lrdn0766:1547848:1547961 [0] NCCL INFO 4 coll channels, 4 collnet channels, 0 nvls channels, 4 p2p channels, 1 p2p channels per peer
lrdn1295:3070527:3070641 [0] NCCL INFO NCCL_PROTO set by environment to SIMPLE
lrdn1295:3070527:3070641 [0] NCCL INFO NCCL_ALGO set by environment to ring
lrdn1295:3070527:3070641 [0] NCCL INFO threadThresholds 8/8/64 | 256/8/64 | 512 | 512
lrdn1295:3070527:3070641 [0] NCCL INFO 4 coll channels, 4 collnet channels, 0 nvls channels, 4 p2p channels, 1 p2p channels per peer
lrdn0801:1614277:1614389 [0] NCCL INFO NCCL_PROTO set by environment to SIMPLE
lrdn0801:1614277:1614389 [0] NCCL INFO NCCL_ALGO set by environment to ring
lrdn0801:1614277:1614389 [0] NCCL INFO threadThresholds 8/8/64 | 256/8/64 | 512 | 512
lrdn0801:1614277:1614389 [0] NCCL INFO 4 coll channels, 4 collnet channels, 0 nvls channels, 4 p2p channels, 1 p2p channels per peer
lrdn0712:1842149:1842260 [0] NCCL INFO NCCL_PROTO set by environment to SIMPLE
lrdn0712:1842149:1842260 [0] NCCL INFO NCCL_ALGO set by environment to ring
lrdn0712:1842149:1842260 [0] NCCL INFO threadThresholds 8/8/64 | 256/8/64 | 512 | 512
lrdn0712:1842149:1842260 [0] NCCL INFO 4 coll channels, 4 collnet channels, 0 nvls channels, 4 p2p channels, 1 p2p channels per peer
lrdn0732:3576225:3576337 [0] NCCL INFO NCCL_PROTO set by environment to SIMPLE
lrdn0732:3576225:3576337 [0] NCCL INFO NCCL_ALGO set by environment to ring
lrdn0732:3576225:3576337 [0] NCCL INFO threadThresholds 8/8/64 | 256/8/64 | 512 | 512
lrdn0732:3576225:3576337 [0] NCCL INFO 4 coll channels, 4 collnet channels, 0 nvls channels, 4 p2p channels, 1 p2p channels per peer
lrdn0742:1849591:1849703 [0] NCCL INFO NCCL_PROTO set by environment to SIMPLE
lrdn0742:1849591:1849703 [0] NCCL INFO NCCL_ALGO set by environment to ring
lrdn0742:1849591:1849703 [0] NCCL INFO threadThresholds 8/8/64 | 256/8/64 | 512 | 512
lrdn0742:1849591:1849703 [0] NCCL INFO 4 coll channels, 4 collnet channels, 0 nvls channels, 4 p2p channels, 1 p2p channels per peer
lrdn0699:3509133:3509246 [0] NCCL INFO NCCL_PROTO set by environment to SIMPLE
lrdn0699:3509133:3509246 [0] NCCL INFO NCCL_ALGO set by environment to ring
lrdn0529:3284075:3284186 [0] NCCL INFO ncclCommInitRankConfig comm 0x11883eb0 rank 7 nranks 32 cudaDev 0 nvmlDev 0 busId 1d000 commId 0x9547856aeab6930c - Init COMPLETE
lrdn0529:3284075:3284186 [0] NCCL INFO Init timings - ncclCommInitRankConfig: rank 7 nranks 32 total 0.05 (kernels 0.00, alloc 0.00, bootstrap 0.01, allgathers 0.01, topo 0.02, graphs 0.02, connections 0.00, rest 0.00)
lrdn0699:3509133:3509246 [0] NCCL INFO threadThresholds 8/8/64 | 256/8/64 | 512 | 512
lrdn0699:3509133:3509246 [0] NCCL INFO 4 coll channels, 4 collnet channels, 0 nvls channels, 4 p2p channels, 1 p2p channels per peer
lrdn0693:1620238:1620352 [0] NCCL INFO NCCL_PROTO set by environment to SIMPLE
lrdn0693:1620238:1620352 [0] NCCL INFO NCCL_ALGO set by environment to ring
lrdn0693:1620238:1620352 [0] NCCL INFO threadThresholds 8/8/64 | 256/8/64 | 512 | 512
lrdn0693:1620238:1620352 [0] NCCL INFO 4 coll channels, 4 collnet channels, 0 nvls channels, 4 p2p channels, 1 p2p channels per peer
lrdn0523:1508859:1508973 [0] NCCL INFO ncclCommInitRankConfig comm 0xeb25c00 rank 6 nranks 32 cudaDev 0 nvmlDev 0 busId 1d000 commId 0x9547856aeab6930c - Init COMPLETE
lrdn0782:340959:341074 [0] NCCL INFO NCCL_PROTO set by environment to SIMPLE
lrdn0782:340959:341074 [0] NCCL INFO NCCL_ALGO set by environment to ring
lrdn0627:2273038:2273186 [0] NCCL INFO ncclCommInitRankConfig comm 0x21972ef0 rank 13 nranks 32 cudaDev 0 nvmlDev 0 busId 1d000 commId 0x9547856aeab6930c - Init COMPLETE
lrdn0479:584120:584231 [0] NCCL INFO ncclCommInitRankConfig comm 0x2a097380 rank 5 nranks 32 cudaDev 0 nvmlDev 0 busId 1d000 commId 0x9547856aeab6930c - Init COMPLETE
lrdn0479:584120:584231 [0] NCCL INFO Init timings - ncclCommInitRankConfig: rank 5 nranks 32 total 0.05 (kernels 0.00, alloc 0.00, bootstrap 0.01, allgathers 0.01, topo 0.02, graphs 0.02, connections 0.00, rest 0.00)
lrdn0523:1508859:1508973 [0] NCCL INFO Init timings - ncclCommInitRankConfig: rank 6 nranks 32 total 0.05 (kernels 0.00, alloc 0.00, bootstrap 0.01, allgathers 0.01, topo 0.02, graphs 0.02, connections 0.00, rest 0.00)
lrdn0627:2273038:2273186 [0] NCCL INFO Init timings - ncclCommInitRankConfig: rank 13 nranks 32 total 0.05 (kernels 0.00, alloc 0.00, bootstrap 0.01, allgathers 0.01, topo 0.02, graphs 0.02, connections 0.00, rest 0.00)
lrdn0782:340959:341074 [0] NCCL INFO threadThresholds 8/8/64 | 256/8/64 | 512 | 512
lrdn0782:340959:341074 [0] NCCL INFO 4 coll channels, 4 collnet channels, 0 nvls channels, 4 p2p channels, 1 p2p channels per peer
lrdn0463:1423639:1423750 [0] NCCL INFO ncclCommInitRankConfig comm 0x220ce140 rank 3 nranks 32 cudaDev 0 nvmlDev 0 busId 1d000 commId 0x9547856aeab6930c - Init COMPLETE
lrdn0463:1423639:1423750 [0] NCCL INFO Init timings - ncclCommInitRankConfig: rank 3 nranks 32 total 0.05 (kernels 0.00, alloc 0.00, bootstrap 0.01, allgathers 0.01, topo 0.01, graphs 0.02, connections 0.00, rest 0.00)
lrdn0536:1596533:1596676 [0] NCCL INFO ncclCommInitRankConfig comm 0xdbfc3a0 rank 8 nranks 32 cudaDev 0 nvmlDev 0 busId 1d000 commId 0x9547856aeab6930c - Init COMPLETE
lrdn0536:1596533:1596676 [0] NCCL INFO Init timings - ncclCommInitRankConfig: rank 8 nranks 32 total 0.05 (kernels 0.00, alloc 0.00, bootstrap 0.01, allgathers 0.01, topo 0.02, graphs 0.02, connections 0.00, rest 0.00)
lrdn0753:1934758:1934871 [0] NCCL INFO NCCL_PROTO set by environment to SIMPLE
lrdn0753:1934758:1934871 [0] NCCL INFO NCCL_ALGO set by environment to ring
lrdn0753:1934758:1934871 [0] NCCL INFO threadThresholds 8/8/64 | 256/8/64 | 512 | 512
lrdn0753:1934758:1934871 [0] NCCL INFO 4 coll channels, 4 collnet channels, 0 nvls channels, 4 p2p channels, 1 p2p channels per peer
lrdn0445:1576952:1577062 [0] NCCL INFO ncclCommInitRankConfig comm 0x2efa7580 rank 1 nranks 32 cudaDev 0 nvmlDev 0 busId 1d000 commId 0x9547856aeab6930c - Init COMPLETE
lrdn0445:1576952:1577062 [0] NCCL INFO Init timings - ncclCommInitRankConfig: rank 1 nranks 32 total 0.05 (kernels 0.00, alloc 0.00, bootstrap 0.01, allgathers 0.01, topo 0.01, graphs 0.02, connections 0.00, rest 0.00)
lrdn0449:2388359:2388471 [0] NCCL INFO ncclCommInitRankConfig comm 0x2d40b780 rank 2 nranks 32 cudaDev 0 nvmlDev 0 busId 1d000 commId 0x9547856aeab6930c - Init COMPLETE
lrdn0449:2388359:2388471 [0] NCCL INFO Init timings - ncclCommInitRankConfig: rank 2 nranks 32 total 0.05 (kernels 0.00, alloc 0.00, bootstrap 0.01, allgathers 0.01, topo 0.02, graphs 0.02, connections 0.00, rest 0.00)
lrdn0634:820804:820916 [0] NCCL INFO ncclCommInitRankConfig comm 0x2b09af80 rank 14 nranks 32 cudaDev 0 nvmlDev 0 busId 1d000 commId 0x9547856aeab6930c - Init COMPLETE
lrdn0634:820804:820916 [0] NCCL INFO Init timings - ncclCommInitRankConfig: rank 14 nranks 32 total 0.05 (kernels 0.00, alloc 0.00, bootstrap 0.01, allgathers 0.01, topo 0.02, graphs 0.02, connections 0.00, rest 0.00)
lrdn0646:1587689:1587800 [0] NCCL INFO ncclCommInitRankConfig comm 0x20fa84c0 rank 16 nranks 32 cudaDev 0 nvmlDev 0 busId 1d000 commId 0x9547856aeab6930c - Init COMPLETE
lrdn0475:1701822:1701934 [0] NCCL INFO ncclCommInitRankConfig comm 0x2a1a4ec0 rank 4 nranks 32 cudaDev 0 nvmlDev 0 busId 1d000 commId 0x9547856aeab6930c - Init COMPLETE
lrdn0672:2781644:2781758 [0] NCCL INFO ncclCommInitRankConfig comm 0x206049c0 rank 18 nranks 32 cudaDev 0 nvmlDev 0 busId 1d000 commId 0x9547856aeab6930c - Init COMPLETE
lrdn0672:2781644:2781758 [0] NCCL INFO Init timings - ncclCommInitRankConfig: rank 18 nranks 32 total 0.05 (kernels 0.00, alloc 0.00, bootstrap 0.01, allgathers 0.01, topo 0.02, graphs 0.02, connections 0.00, rest 0.00)
lrdn0646:1587689:1587800 [0] NCCL INFO Init timings - ncclCommInitRankConfig: rank 16 nranks 32 total 0.05 (kernels 0.00, alloc 0.00, bootstrap 0.01, allgathers 0.01, topo 0.02, graphs 0.02, connections 0.00, rest 0.00)
lrdn0759:1654783:1654895 [0] NCCL INFO ncclCommInitRankConfig comm 0xcdd3ed0 rank 27 nranks 32 cudaDev 0 nvmlDev 0 busId 1d000 commId 0x9547856aeab6930c - Init COMPLETE
lrdn0759:1654783:1654895 [0] NCCL INFO Init timings - ncclCommInitRankConfig: rank 27 nranks 32 total 0.05 (kernels 0.00, alloc 0.00, bootstrap 0.01, allgathers 0.01, topo 0.02, graphs 0.02, connections 0.00, rest 0.00)
lrdn0428:385134:385246 [0] NCCL INFO ncclCommInitRankConfig comm 0x2a4cb870 rank 0 nranks 32 cudaDev 0 nvmlDev 0 busId 1d000 commId 0x9547856aeab6930c - Init COMPLETE
lrdn0428:385134:385246 [0] NCCL INFO Init timings - ncclCommInitRankConfig: rank 0 nranks 32 total 0.05 (kernels 0.00, alloc 0.00, bootstrap 0.01, allgathers 0.01, topo 0.02, graphs 0.02, connections 0.00, rest 0.00)
lrdn0618:1812949:1813065 [0] NCCL INFO ncclCommInitRankConfig comm 0xd0c0f10 rank 12 nranks 32 cudaDev 0 nvmlDev 0 busId 1d000 commId 0x9547856aeab6930c - Init COMPLETE
lrdn0618:1812949:1813065 [0] NCCL INFO Init timings - ncclCommInitRankConfig: rank 12 nranks 32 total 0.05 (kernels 0.00, alloc 0.00, bootstrap 0.01, allgathers 0.00, topo 0.02, graphs 0.02, connections 0.00, rest 0.00)
lrdn0475:1701822:1701934 [0] NCCL INFO Init timings - ncclCommInitRankConfig: rank 4 nranks 32 total 0.05 (kernels 0.00, alloc 0.00, bootstrap 0.01, allgathers 0.01, topo 0.01, graphs 0.02, connections 0.00, rest 0.00)
lrdn0681:1636317:1636432 [0] NCCL INFO ncclCommInitRankConfig comm 0x1ee16550 rank 19 nranks 32 cudaDev 0 nvmlDev 0 busId 1d000 commId 0x9547856aeab6930c - Init COMPLETE
lrdn0681:1636317:1636432 [0] NCCL INFO Init timings - ncclCommInitRankConfig: rank 19 nranks 32 total 0.05 (kernels 0.00, alloc 0.00, bootstrap 0.01, allgathers 0.01, topo 0.02, graphs 0.02, connections 0.00, rest 0.00)
lrdn0554:3416944:3417056 [0] NCCL INFO ncclCommInitRankConfig comm 0x10b70ed0 rank 9 nranks 32 cudaDev 0 nvmlDev 0 busId 1d000 commId 0x9547856aeab6930c - Init COMPLETE
lrdn0554:3416944:3417056 [0] NCCL INFO Init timings - ncclCommInitRankConfig: rank 9 nranks 32 total 0.05 (kernels 0.00, alloc 0.00, bootstrap 0.01, allgathers 0.01, topo 0.02, graphs 0.02, connections 0.00, rest 0.00)
lrdn0606:1624358:1624468 [0] NCCL INFO ncclCommInitRankConfig comm 0x16f60aa0 rank 11 nranks 32 cudaDev 0 nvmlDev 0 busId 1d000 commId 0x9547856aeab6930c - Init COMPLETE
lrdn0606:1624358:1624468 [0] NCCL INFO Init timings - ncclCommInitRankConfig: rank 11 nranks 32 total 0.05 (kernels 0.00, alloc 0.00, bootstrap 0.01, allgathers 0.01, topo 0.02, graphs 0.02, connections 0.00, rest 0.00)
lrdn0664:1553625:1553737 [0] NCCL INFO ncclCommInitRankConfig comm 0x11ec4540 rank 17 nranks 32 cudaDev 0 nvmlDev 0 busId 1d000 commId 0x9547856aeab6930c - Init COMPLETE
lrdn0642:1581769:1581881 [0] NCCL INFO ncclCommInitRankConfig comm 0x238a5100 rank 15 nranks 32 cudaDev 0 nvmlDev 0 busId 1d000 commId 0x9547856aeab6930c - Init COMPLETE
lrdn0642:1581769:1581881 [0] NCCL INFO Init timings - ncclCommInitRankConfig: rank 15 nranks 32 total 0.05 (kernels 0.00, alloc 0.00, bootstrap 0.01, allgathers 0.01, topo 0.02, graphs 0.02, connections 0.00, rest 0.00)
lrdn0664:1553625:1553737 [0] NCCL INFO Init timings - ncclCommInitRankConfig: rank 17 nranks 32 total 0.05 (kernels 0.00, alloc 0.00, bootstrap 0.01, allgathers 0.01, topo 0.01, graphs 0.02, connections 0.00, rest 0.00)
lrdn0567:1731032:1731142 [0] NCCL INFO ncclCommInitRankConfig comm 0x179b2fe0 rank 10 nranks 32 cudaDev 0 nvmlDev 0 busId 1d000 commId 0x9547856aeab6930c - Init COMPLETE
lrdn0567:1731032:1731142 [0] NCCL INFO Init timings - ncclCommInitRankConfig: rank 10 nranks 32 total 0.05 (kernels 0.00, alloc 0.00, bootstrap 0.01, allgathers 0.01, topo 0.02, graphs 0.02, connections 0.00, rest 0.00)
lrdn1295:3070527:3070641 [0] NCCL INFO ncclCommInitRankConfig comm 0x221cc150 rank 31 nranks 32 cudaDev 0 nvmlDev 0 busId 1d000 commId 0x9547856aeab6930c - Init COMPLETE
lrdn1295:3070527:3070641 [0] NCCL INFO Init timings - ncclCommInitRankConfig: rank 31 nranks 32 total 0.05 (kernels 0.00, alloc 0.00, bootstrap 0.01, allgathers 0.01, topo 0.02, graphs 0.02, connections 0.00, rest 0.00)
lrdn0721:1243658:1243770 [0] NCCL INFO ncclCommInitRankConfig comm 0x16978190 rank 23 nranks 32 cudaDev 0 nvmlDev 0 busId 1d000 commId 0x9547856aeab6930c - Init COMPLETE
lrdn0766:1547848:1547961 [0] NCCL INFO ncclCommInitRankConfig comm 0x1a6db4c0 rank 28 nranks 32 cudaDev 0 nvmlDev 0 busId 1d000 commId 0x9547856aeab6930c - Init COMPLETE
lrdn0766:1547848:1547961 [0] NCCL INFO Init timings - ncclCommInitRankConfig: rank 28 nranks 32 total 0.05 (kernels 0.00, alloc 0.00, bootstrap 0.01, allgathers 0.01, topo 0.02, graphs 0.02, connections 0.00, rest 0.00)
lrdn0721:1243658:1243770 [0] NCCL INFO Init timings - ncclCommInitRankConfig: rank 23 nranks 32 total 0.05 (kernels 0.00, alloc 0.00, bootstrap 0.01, allgathers 0.01, topo 0.02, graphs 0.02, connections 0.00, rest 0.00)
lrdn0712:1842149:1842260 [0] NCCL INFO ncclCommInitRankConfig comm 0x2192f030 rank 22 nranks 32 cudaDev 0 nvmlDev 0 busId 1d000 commId 0x9547856aeab6930c - Init COMPLETE
lrdn0712:1842149:1842260 [0] NCCL INFO Init timings - ncclCommInitRankConfig: rank 22 nranks 32 total 0.05 (kernels 0.00, alloc 0.00, bootstrap 0.01, allgathers 0.01, topo 0.02, graphs 0.02, connections 0.00, rest 0.00)
lrdn0732:3576225:3576337 [0] NCCL INFO ncclCommInitRankConfig comm 0x2e0de330 rank 24 nranks 32 cudaDev 0 nvmlDev 0 busId 1d000 commId 0x9547856aeab6930c - Init COMPLETE
lrdn0801:1614277:1614389 [0] NCCL INFO ncclCommInitRankConfig comm 0xca21a30 rank 30 nranks 32 cudaDev 0 nvmlDev 0 busId 1d000 commId 0x9547856aeab6930c - Init COMPLETE
lrdn0801:1614277:1614389 [0] NCCL INFO Init timings - ncclCommInitRankConfig: rank 30 nranks 32 total 0.05 (kernels 0.00, alloc 0.00, bootstrap 0.01, allgathers 0.01, topo 0.02, graphs 0.02, connections 0.00, rest 0.00)
lrdn0732:3576225:3576337 [0] NCCL INFO Init timings - ncclCommInitRankConfig: rank 24 nranks 32 total 0.05 (kernels 0.00, alloc 0.00, bootstrap 0.01, allgathers 0.01, topo 0.02, graphs 0.02, connections 0.00, rest 0.00)
lrdn0742:1849591:1849703 [0] NCCL INFO ncclCommInitRankConfig comm 0x2aa33370 rank 25 nranks 32 cudaDev 0 nvmlDev 0 busId 1d000 commId 0x9547856aeab6930c - Init COMPLETE
lrdn0742:1849591:1849703 [0] NCCL INFO Init timings - ncclCommInitRankConfig: rank 25 nranks 32 total 0.05 (kernels 0.00, alloc 0.00, bootstrap 0.01, allgathers 0.01, topo 0.02, graphs 0.02, connections 0.00, rest 0.00)
lrdn0699:3509133:3509246 [0] NCCL INFO ncclCommInitRankConfig comm 0x21e29210 rank 21 nranks 32 cudaDev 0 nvmlDev 0 busId 1d000 commId 0x9547856aeab6930c - Init COMPLETE
lrdn0699:3509133:3509246 [0] NCCL INFO Init timings - ncclCommInitRankConfig: rank 21 nranks 32 total 0.05 (kernels 0.00, alloc 0.00, bootstrap 0.01, allgathers 0.01, topo 0.02, graphs 0.02, connections 0.00, rest 0.00)
lrdn0693:1620238:1620352 [0] NCCL INFO ncclCommInitRankConfig comm 0x17852440 rank 20 nranks 32 cudaDev 0 nvmlDev 0 busId 1d000 commId 0x9547856aeab6930c - Init COMPLETE
lrdn0693:1620238:1620352 [0] NCCL INFO Init timings - ncclCommInitRankConfig: rank 20 nranks 32 total 0.05 (kernels 0.00, alloc 0.00, bootstrap 0.01, allgathers 0.01, topo 0.02, graphs 0.02, connections 0.00, rest 0.00)
lrdn0753:1934758:1934871 [0] NCCL INFO ncclCommInitRankConfig comm 0xd4f1e30 rank 26 nranks 32 cudaDev 0 nvmlDev 0 busId 1d000 commId 0x9547856aeab6930c - Init COMPLETE
lrdn0753:1934758:1934871 [0] NCCL INFO Init timings - ncclCommInitRankConfig: rank 26 nranks 32 total 0.05 (kernels 0.00, alloc 0.00, bootstrap 0.01, allgathers 0.01, topo 0.02, graphs 0.02, connections 0.00, rest 0.00)
lrdn0782:340959:341074 [0] NCCL INFO ncclCommInitRankConfig comm 0x2bb3da00 rank 29 nranks 32 cudaDev 0 nvmlDev 0 busId 1d000 commId 0x9547856aeab6930c - Init COMPLETE
lrdn0782:340959:341074 [0] NCCL INFO Init timings - ncclCommInitRankConfig: rank 29 nranks 32 total 0.05 (kernels 0.00, alloc 0.00, bootstrap 0.01, allgathers 0.01, topo 0.02, graphs 0.02, connections 0.00, rest 0.00)
lrdn0529:3284075:3284190 [0] NCCL INFO [Proxy Progress] Device 0 CPU core 3
lrdn0529:3284075:3284189 [0] NCCL INFO Channel 00/0 : 6[0] -> 7[0] [receive] via NET/IB/5
lrdn0627:2273038:2273189 [0] NCCL INFO Channel 00/0 : 12[0] -> 13[0] [receive] via NET/IB/5
lrdn0529:3284075:3284189 [0] NCCL INFO Channel 01/0 : 6[0] -> 7[0] [receive] via NET/IB/6
lrdn0529:3284075:3284189 [0] NCCL INFO Channel 02/0 : 6[0] -> 7[0] [receive] via NET/IB/5
lrdn0529:3284075:3284189 [0] NCCL INFO Channel 03/0 : 6[0] -> 7[0] [receive] via NET/IB/6
lrdn0529:3284075:3284189 [0] NCCL INFO Channel 00/0 : 7[0] -> 8[0] [send] via NET/IB/5
lrdn0529:3284075:3284189 [0] NCCL INFO Channel 01/0 : 7[0] -> 8[0] [send] via NET/IB/6
lrdn0529:3284075:3284189 [0] NCCL INFO Channel 02/0 : 7[0] -> 8[0] [send] via NET/IB/5
lrdn0529:3284075:3284189 [0] NCCL INFO Channel 03/0 : 7[0] -> 8[0] [send] via NET/IB/6
lrdn0627:2273038:2273190 [0] NCCL INFO [Proxy Progress] Device 0 CPU core 9
lrdn0536:1596533:1596680 [0] NCCL INFO [Proxy Progress] Device 0 CPU core 4
lrdn0463:1423639:1423753 [0] NCCL INFO Channel 00/0 : 2[0] -> 3[0] [receive] via NET/IB/5
lrdn0449:2388359:2388474 [0] NCCL INFO Channel 00/0 : 1[0] -> 2[0] [receive] via NET/IB/5
lrdn0536:1596533:1596679 [0] NCCL INFO Channel 00/0 : 7[0] -> 8[0] [receive] via NET/IB/5
lrdn0449:2388359:2388474 [0] NCCL INFO Channel 01/0 : 1[0] -> 2[0] [receive] via NET/IB/6
lrdn0449:2388359:2388475 [0] NCCL INFO [Proxy Progress] Device 0 CPU core 3
lrdn0672:2781644:2781761 [0] NCCL INFO Channel 00/0 : 17[0] -> 18[0] [receive] via NET/IB/5
lrdn0642:1581769:1581885 [0] NCCL INFO [Proxy Progress] Device 0 CPU core 4
lrdn0618:1812949:1813069 [0] NCCL INFO [Proxy Progress] Device 0 CPU core 4
lrdn0618:1812949:1813068 [0] NCCL INFO Channel 00/0 : 11[0] -> 12[0] [receive] via NET/IB/5
lrdn0618:1812949:1813068 [0] NCCL INFO Channel 01/0 : 11[0] -> 12[0] [receive] via NET/IB/6
lrdn0618:1812949:1813068 [0] NCCL INFO Channel 02/0 : 11[0] -> 12[0] [receive] via NET/IB/5
lrdn0554:3416944:3417060 [0] NCCL INFO [Proxy Progress] Device 0 CPU core 3
lrdn0672:2781644:2781761 [0] NCCL INFO Channel 01/0 : 17[0] -> 18[0] [receive] via NET/IB/6
lrdn0672:2781644:2781762 [0] NCCL INFO [Proxy Progress] Device 0 CPU core 4
lrdn0642:1581769:1581884 [0] NCCL INFO Channel 00/0 : 14[0] -> 15[0] [receive] via NET/IB/5
lrdn0618:1812949:1813068 [0] NCCL INFO Channel 03/0 : 11[0] -> 12[0] [receive] via NET/IB/6
lrdn0479:584120:584235 [0] NCCL INFO [Proxy Progress] Device 0 CPU core 3
lrdn0536:1596533:1596679 [0] NCCL INFO Channel 01/0 : 7[0] -> 8[0] [receive] via NET/IB/6
lrdn0536:1596533:1596679 [0] NCCL INFO Channel 02/0 : 7[0] -> 8[0] [receive] via NET/IB/5
lrdn0672:2781644:2781761 [0] NCCL INFO Channel 02/0 : 17[0] -> 18[0] [receive] via NET/IB/5
lrdn0672:2781644:2781761 [0] NCCL INFO Channel 03/0 : 17[0] -> 18[0] [receive] via NET/IB/6
lrdn0567:1731032:1731145 [0] NCCL INFO Channel 00/0 : 9[0] -> 10[0] [receive] via NET/IB/5
lrdn0618:1812949:1813068 [0] NCCL INFO Channel 00/0 : 12[0] -> 13[0] [send] via NET/IB/5
lrdn0479:584120:584234 [0] NCCL INFO Channel 00/0 : 4[0] -> 5[0] [receive] via NET/IB/5
lrdn0536:1596533:1596679 [0] NCCL INFO Channel 03/0 : 7[0] -> 8[0] [receive] via NET/IB/6
lrdn0449:2388359:2388474 [0] NCCL INFO Channel 02/0 : 1[0] -> 2[0] [receive] via NET/IB/5
lrdn0449:2388359:2388474 [0] NCCL INFO Channel 03/0 : 1[0] -> 2[0] [receive] via NET/IB/6
lrdn0449:2388359:2388474 [0] NCCL INFO Channel 00/0 : 2[0] -> 3[0] [send] via NET/IB/5
lrdn0554:3416944:3417059 [0] NCCL INFO Channel 00/0 : 8[0] -> 9[0] [receive] via NET/IB/5
lrdn0554:3416944:3417059 [0] NCCL INFO Channel 01/0 : 8[0] -> 9[0] [receive] via NET/IB/6
lrdn0554:3416944:3417059 [0] NCCL INFO Channel 02/0 : 8[0] -> 9[0] [receive] via NET/IB/5
lrdn0554:3416944:3417059 [0] NCCL INFO Channel 03/0 : 8[0] -> 9[0] [receive] via NET/IB/6
lrdn0554:3416944:3417059 [0] NCCL INFO Channel 00/0 : 9[0] -> 10[0] [send] via NET/IB/5
lrdn0672:2781644:2781761 [0] NCCL INFO Channel 00/0 : 18[0] -> 19[0] [send] via NET/IB/5
lrdn0618:1812949:1813068 [0] NCCL INFO Channel 01/0 : 12[0] -> 13[0] [send] via NET/IB/6
lrdn0536:1596533:1596679 [0] NCCL INFO Channel 00/0 : 8[0] -> 9[0] [send] via NET/IB/5
lrdn0712:1842149:1842264 [0] NCCL INFO [Proxy Progress] Device 0 CPU core 7
lrdn0646:1587689:1587804 [0] NCCL INFO [Proxy Progress] Device 0 CPU core 4
lrdn0449:2388359:2388474 [0] NCCL INFO Channel 01/0 : 2[0] -> 3[0] [send] via NET/IB/6
lrdn0627:2273038:2273189 [0] NCCL INFO Channel 01/0 : 12[0] -> 13[0] [receive] via NET/IB/6
lrdn0627:2273038:2273189 [0] NCCL INFO Channel 02/0 : 12[0] -> 13[0] [receive] via NET/IB/5
lrdn0554:3416944:3417059 [0] NCCL INFO Channel 01/0 : 9[0] -> 10[0] [send] via NET/IB/6
lrdn0554:3416944:3417059 [0] NCCL INFO Channel 02/0 : 9[0] -> 10[0] [send] via NET/IB/5
lrdn0672:2781644:2781761 [0] NCCL INFO Channel 01/0 : 18[0] -> 19[0] [send] via NET/IB/6
lrdn0672:2781644:2781761 [0] NCCL INFO Channel 02/0 : 18[0] -> 19[0] [send] via NET/IB/5
lrdn0642:1581769:1581884 [0] NCCL INFO Channel 01/0 : 14[0] -> 15[0] [receive] via NET/IB/6
lrdn0642:1581769:1581884 [0] NCCL INFO Channel 02/0 : 14[0] -> 15[0] [receive] via NET/IB/5
lrdn0618:1812949:1813068 [0] NCCL INFO Channel 02/0 : 12[0] -> 13[0] [send] via NET/IB/5
lrdn0536:1596533:1596679 [0] NCCL INFO Channel 01/0 : 8[0] -> 9[0] [send] via NET/IB/6
lrdn0536:1596533:1596679 [0] NCCL INFO Channel 02/0 : 8[0] -> 9[0] [send] via NET/IB/5
lrdn0712:1842149:1842263 [0] NCCL INFO Channel 00/0 : 21[0] -> 22[0] [receive] via NET/IB/5
lrdn0646:1587689:1587803 [0] NCCL INFO Channel 00/0 : 15[0] -> 16[0] [receive] via NET/IB/5
lrdn0449:2388359:2388474 [0] NCCL INFO Channel 02/0 : 2[0] -> 3[0] [send] via NET/IB/5
lrdn0449:2388359:2388474 [0] NCCL INFO Channel 03/0 : 2[0] -> 3[0] [send] via NET/IB/6
lrdn0627:2273038:2273189 [0] NCCL INFO Channel 03/0 : 12[0] -> 13[0] [receive] via NET/IB/6
lrdn0554:3416944:3417059 [0] NCCL INFO Channel 03/0 : 9[0] -> 10[0] [send] via NET/IB/6
lrdn0642:1581769:1581884 [0] NCCL INFO Channel 03/0 : 14[0] -> 15[0] [receive] via NET/IB/6
lrdn0642:1581769:1581884 [0] NCCL INFO Channel 00/0 : 15[0] -> 16[0] [send] via NET/IB/5
lrdn0618:1812949:1813068 [0] NCCL INFO Channel 03/0 : 12[0] -> 13[0] [send] via NET/IB/6
lrdn0672:2781644:2781761 [0] NCCL INFO Channel 03/0 : 18[0] -> 19[0] [send] via NET/IB/6
lrdn0536:1596533:1596679 [0] NCCL INFO Channel 03/0 : 8[0] -> 9[0] [send] via NET/IB/6
lrdn0634:820804:820919 [0] NCCL INFO Channel 00/0 : 13[0] -> 14[0] [receive] via NET/IB/5
lrdn0634:820804:820919 [0] NCCL INFO Channel 01/0 : 13[0] -> 14[0] [receive] via NET/IB/6
lrdn0634:820804:820920 [0] NCCL INFO [Proxy Progress] Device 0 CPU core 5
lrdn0634:820804:820919 [0] NCCL INFO Channel 02/0 : 13[0] -> 14[0] [receive] via NET/IB/5
lrdn0634:820804:820919 [0] NCCL INFO Channel 03/0 : 13[0] -> 14[0] [receive] via NET/IB/6
lrdn0634:820804:820919 [0] NCCL INFO Channel 00/0 : 14[0] -> 15[0] [send] via NET/IB/5
lrdn0681:1636317:1636436 [0] NCCL INFO [Proxy Progress] Device 0 CPU core 12
lrdn0428:385134:385250 [0] NCCL INFO [Proxy Progress] Device 0 CPU core 1
lrdn0646:1587689:1587803 [0] NCCL INFO Channel 01/0 : 15[0] -> 16[0] [receive] via NET/IB/6
lrdn0523:1508859:1508977 [0] NCCL INFO [Proxy Progress] Device 0 CPU core 7
lrdn0523:1508859:1508976 [0] NCCL INFO Channel 00/0 : 5[0] -> 6[0] [receive] via NET/IB/5
lrdn0523:1508859:1508976 [0] NCCL INFO Channel 01/0 : 5[0] -> 6[0] [receive] via NET/IB/6
lrdn0523:1508859:1508976 [0] NCCL INFO Channel 02/0 : 5[0] -> 6[0] [receive] via NET/IB/5
lrdn0523:1508859:1508976 [0] NCCL INFO Channel 03/0 : 5[0] -> 6[0] [receive] via NET/IB/6
lrdn0523:1508859:1508976 [0] NCCL INFO Channel 00/0 : 6[0] -> 7[0] [send] via NET/IB/5
lrdn0523:1508859:1508976 [0] NCCL INFO Channel 01/0 : 6[0] -> 7[0] [send] via NET/IB/6
lrdn0523:1508859:1508976 [0] NCCL INFO Channel 02/0 : 6[0] -> 7[0] [send] via NET/IB/5
lrdn0523:1508859:1508976 [0] NCCL INFO Channel 03/0 : 6[0] -> 7[0] [send] via NET/IB/6
lrdn0627:2273038:2273189 [0] NCCL INFO Channel 00/0 : 13[0] -> 14[0] [send] via NET/IB/5
lrdn0463:1423639:1423753 [0] NCCL INFO Channel 01/0 : 2[0] -> 3[0] [receive] via NET/IB/6
lrdn0463:1423639:1423754 [0] NCCL INFO [Proxy Progress] Device 0 CPU core 4
lrdn0463:1423639:1423753 [0] NCCL INFO Channel 02/0 : 2[0] -> 3[0] [receive] via NET/IB/5
lrdn0463:1423639:1423753 [0] NCCL INFO Channel 03/0 : 2[0] -> 3[0] [receive] via NET/IB/6
lrdn0463:1423639:1423753 [0] NCCL INFO Channel 00/0 : 3[0] -> 4[0] [send] via NET/IB/5
lrdn0463:1423639:1423753 [0] NCCL INFO Channel 01/0 : 3[0] -> 4[0] [send] via NET/IB/6
lrdn0463:1423639:1423753 [0] NCCL INFO Channel 02/0 : 3[0] -> 4[0] [send] via NET/IB/5
lrdn0463:1423639:1423753 [0] NCCL INFO Channel 03/0 : 3[0] -> 4[0] [send] via NET/IB/6
lrdn0642:1581769:1581884 [0] NCCL INFO Channel 01/0 : 15[0] -> 16[0] [send] via NET/IB/6
lrdn0567:1731032:1731146 [0] NCCL INFO [Proxy Progress] Device 0 CPU core 4
lrdn0567:1731032:1731145 [0] NCCL INFO Channel 01/0 : 9[0] -> 10[0] [receive] via NET/IB/6
lrdn0567:1731032:1731145 [0] NCCL INFO Channel 02/0 : 9[0] -> 10[0] [receive] via NET/IB/5
lrdn0567:1731032:1731145 [0] NCCL INFO Channel 03/0 : 9[0] -> 10[0] [receive] via NET/IB/6
lrdn0567:1731032:1731145 [0] NCCL INFO Channel 00/0 : 10[0] -> 11[0] [send] via NET/IB/5
lrdn0766:1547848:1547966 [0] NCCL INFO [Proxy Progress] Device 0 CPU core 12
lrdn0634:820804:820919 [0] NCCL INFO Channel 01/0 : 14[0] -> 15[0] [send] via NET/IB/6
lrdn0634:820804:820919 [0] NCCL INFO Channel 02/0 : 14[0] -> 15[0] [send] via NET/IB/5
lrdn0634:820804:820919 [0] NCCL INFO Channel 03/0 : 14[0] -> 15[0] [send] via NET/IB/6
lrdn0712:1842149:1842263 [0] NCCL INFO Channel 01/0 : 21[0] -> 22[0] [receive] via NET/IB/6
lrdn0712:1842149:1842263 [0] NCCL INFO Channel 02/0 : 21[0] -> 22[0] [receive] via NET/IB/5
lrdn0475:1701822:1701937 [0] NCCL INFO Channel 00/0 : 3[0] -> 4[0] [receive] via NET/IB/5
lrdn0681:1636317:1636435 [0] NCCL INFO Channel 00/0 : 18[0] -> 19[0] [receive] via NET/IB/5
lrdn0664:1553625:1553740 [0] NCCL INFO Channel 00/0 : 16[0] -> 17[0] [receive] via NET/IB/5
lrdn0664:1553625:1553740 [0] NCCL INFO Channel 01/0 : 16[0] -> 17[0] [receive] via NET/IB/6
lrdn0664:1553625:1553741 [0] NCCL INFO [Proxy Progress] Device 0 CPU core 13
lrdn0664:1553625:1553740 [0] NCCL INFO Channel 02/0 : 16[0] -> 17[0] [receive] via NET/IB/5
lrdn0664:1553625:1553740 [0] NCCL INFO Channel 03/0 : 16[0] -> 17[0] [receive] via NET/IB/6
lrdn0664:1553625:1553740 [0] NCCL INFO Channel 00/0 : 17[0] -> 18[0] [send] via NET/IB/5
lrdn0606:1624358:1624471 [0] NCCL INFO Channel 00/0 : 10[0] -> 11[0] [receive] via NET/IB/5
lrdn0428:385134:385249 [0] NCCL INFO Channel 00/0 : 31[0] -> 0[0] [receive] via NET/IB/5
lrdn0646:1587689:1587803 [0] NCCL INFO Channel 02/0 : 15[0] -> 16[0] [receive] via NET/IB/5
lrdn0646:1587689:1587803 [0] NCCL INFO Channel 03/0 : 15[0] -> 16[0] [receive] via NET/IB/6
lrdn0479:584120:584234 [0] NCCL INFO Channel 01/0 : 4[0] -> 5[0] [receive] via NET/IB/6
lrdn0479:584120:584234 [0] NCCL INFO Channel 02/0 : 4[0] -> 5[0] [receive] via NET/IB/5
lrdn0627:2273038:2273189 [0] NCCL INFO Channel 01/0 : 13[0] -> 14[0] [send] via NET/IB/6
lrdn0627:2273038:2273189 [0] NCCL INFO Channel 02/0 : 13[0] -> 14[0] [send] via NET/IB/5
lrdn0642:1581769:1581884 [0] NCCL INFO Channel 02/0 : 15[0] -> 16[0] [send] via NET/IB/5
lrdn0642:1581769:1581884 [0] NCCL INFO Channel 03/0 : 15[0] -> 16[0] [send] via NET/IB/6
lrdn0567:1731032:1731145 [0] NCCL INFO Channel 01/0 : 10[0] -> 11[0] [send] via NET/IB/6
lrdn0567:1731032:1731145 [0] NCCL INFO Channel 02/0 : 10[0] -> 11[0] [send] via NET/IB/5
lrdn0567:1731032:1731145 [0] NCCL INFO Channel 03/0 : 10[0] -> 11[0] [send] via NET/IB/6
lrdn0712:1842149:1842263 [0] NCCL INFO Channel 03/0 : 21[0] -> 22[0] [receive] via NET/IB/6
lrdn0712:1842149:1842263 [0] NCCL INFO Channel 00/0 : 22[0] -> 23[0] [send] via NET/IB/5
lrdn0712:1842149:1842263 [0] NCCL INFO Channel 01/0 : 22[0] -> 23[0] [send] via NET/IB/6
lrdn0712:1842149:1842263 [0] NCCL INFO Channel 02/0 : 22[0] -> 23[0] [send] via NET/IB/5
lrdn0801:1614277:1614392 [0] NCCL INFO Channel 00/0 : 29[0] -> 30[0] [receive] via NET/IB/5
lrdn0664:1553625:1553740 [0] NCCL INFO Channel 01/0 : 17[0] -> 18[0] [send] via NET/IB/6
lrdn0664:1553625:1553740 [0] NCCL INFO Channel 02/0 : 17[0] -> 18[0] [send] via NET/IB/5
lrdn0664:1553625:1553740 [0] NCCL INFO Channel 03/0 : 17[0] -> 18[0] [send] via NET/IB/6
lrdn0699:3509133:3509249 [0] NCCL INFO Channel 00/0 : 20[0] -> 21[0] [receive] via NET/IB/5
lrdn0428:385134:385249 [0] NCCL INFO Channel 01/0 : 31[0] -> 0[0] [receive] via NET/IB/6
lrdn0428:385134:385249 [0] NCCL INFO Channel 02/0 : 31[0] -> 0[0] [receive] via NET/IB/5
lrdn0646:1587689:1587803 [0] NCCL INFO Channel 00/0 : 16[0] -> 17[0] [send] via NET/IB/5
lrdn0646:1587689:1587803 [0] NCCL INFO Channel 01/0 : 16[0] -> 17[0] [send] via NET/IB/6
lrdn0479:584120:584234 [0] NCCL INFO Channel 03/0 : 4[0] -> 5[0] [receive] via NET/IB/6
lrdn0479:584120:584234 [0] NCCL INFO Channel 00/0 : 5[0] -> 6[0] [send] via NET/IB/5
lrdn0479:584120:584234 [0] NCCL INFO Channel 01/0 : 5[0] -> 6[0] [send] via NET/IB/6
lrdn0627:2273038:2273189 [0] NCCL INFO Channel 03/0 : 13[0] -> 14[0] [send] via NET/IB/6
lrdn0712:1842149:1842263 [0] NCCL INFO Channel 03/0 : 22[0] -> 23[0] [send] via NET/IB/6
lrdn0801:1614277:1614392 [0] NCCL INFO Channel 01/0 : 29[0] -> 30[0] [receive] via NET/IB/6
lrdn1295:3070527:3070645 [0] NCCL INFO [Proxy Progress] Device 0 CPU core 3
lrdn1295:3070527:3070644 [0] NCCL INFO Channel 00/0 : 30[0] -> 31[0] [receive] via NET/IB/5
lrdn1295:3070527:3070644 [0] NCCL INFO Channel 01/0 : 30[0] -> 31[0] [receive] via NET/IB/6
lrdn1295:3070527:3070644 [0] NCCL INFO Channel 02/0 : 30[0] -> 31[0] [receive] via NET/IB/5
lrdn1295:3070527:3070644 [0] NCCL INFO Channel 03/0 : 30[0] -> 31[0] [receive] via NET/IB/6
lrdn0699:3509133:3509249 [0] NCCL INFO Channel 01/0 : 20[0] -> 21[0] [receive] via NET/IB/6
lrdn0681:1636317:1636435 [0] NCCL INFO Channel 01/0 : 18[0] -> 19[0] [receive] via NET/IB/6
lrdn0681:1636317:1636435 [0] NCCL INFO Channel 02/0 : 18[0] -> 19[0] [receive] via NET/IB/5
lrdn0681:1636317:1636435 [0] NCCL INFO Channel 03/0 : 18[0] -> 19[0] [receive] via NET/IB/6
lrdn0681:1636317:1636435 [0] NCCL INFO Channel 00/0 : 19[0] -> 20[0] [send] via NET/IB/5
lrdn0681:1636317:1636435 [0] NCCL INFO Channel 01/0 : 19[0] -> 20[0] [send] via NET/IB/6
lrdn0428:385134:385249 [0] NCCL INFO Channel 03/0 : 31[0] -> 0[0] [receive] via NET/IB/6
lrdn0742:1849591:1849707 [0] NCCL INFO [Proxy Progress] Device 0 CPU core 7
lrdn0742:1849591:1849706 [0] NCCL INFO Channel 00/0 : 24[0] -> 25[0] [receive] via NET/IB/5
lrdn0646:1587689:1587803 [0] NCCL INFO Channel 02/0 : 16[0] -> 17[0] [send] via NET/IB/5
lrdn0646:1587689:1587803 [0] NCCL INFO Channel 03/0 : 16[0] -> 17[0] [send] via NET/IB/6
lrdn0479:584120:584234 [0] NCCL INFO Channel 02/0 : 5[0] -> 6[0] [send] via NET/IB/5
lrdn0801:1614277:1614393 [0] NCCL INFO [Proxy Progress] Device 0 CPU core 4
lrdn0801:1614277:1614392 [0] NCCL INFO Channel 02/0 : 29[0] -> 30[0] [receive] via NET/IB/5
lrdn1295:3070527:3070644 [0] NCCL INFO Channel 00/0 : 31[0] -> 0[0] [send] via NET/IB/5
lrdn1295:3070527:3070644 [0] NCCL INFO Channel 01/0 : 31[0] -> 0[0] [send] via NET/IB/6
lrdn0699:3509133:3509250 [0] NCCL INFO [Proxy Progress] Device 0 CPU core 3
lrdn0699:3509133:3509249 [0] NCCL INFO Channel 02/0 : 20[0] -> 21[0] [receive] via NET/IB/5
lrdn0681:1636317:1636435 [0] NCCL INFO Channel 02/0 : 19[0] -> 20[0] [send] via NET/IB/5
lrdn0681:1636317:1636435 [0] NCCL INFO Channel 03/0 : 19[0] -> 20[0] [send] via NET/IB/6
lrdn0766:1547848:1547965 [0] NCCL INFO Channel 00/0 : 27[0] -> 28[0] [receive] via NET/IB/5
lrdn0766:1547848:1547965 [0] NCCL INFO Channel 01/0 : 27[0] -> 28[0] [receive] via NET/IB/6
lrdn0766:1547848:1547965 [0] NCCL INFO Channel 02/0 : 27[0] -> 28[0] [receive] via NET/IB/5
lrdn0766:1547848:1547965 [0] NCCL INFO Channel 03/0 : 27[0] -> 28[0] [receive] via NET/IB/6
lrdn0766:1547848:1547965 [0] NCCL INFO Channel 00/0 : 28[0] -> 29[0] [send] via NET/IB/5
lrdn0428:385134:385249 [0] NCCL INFO Channel 00/0 : 0[0] -> 1[0] [send] via NET/IB/5
lrdn0732:3576225:3576340 [0] NCCL INFO Channel 00/0 : 23[0] -> 24[0] [receive] via NET/IB/5
lrdn0732:3576225:3576340 [0] NCCL INFO Channel 01/0 : 23[0] -> 24[0] [receive] via NET/IB/6
lrdn0732:3576225:3576341 [0] NCCL INFO [Proxy Progress] Device 0 CPU core 5
lrdn0732:3576225:3576340 [0] NCCL INFO Channel 02/0 : 23[0] -> 24[0] [receive] via NET/IB/5
lrdn0479:584120:584234 [0] NCCL INFO Channel 03/0 : 5[0] -> 6[0] [send] via NET/IB/6
lrdn0801:1614277:1614392 [0] NCCL INFO Channel 03/0 : 29[0] -> 30[0] [receive] via NET/IB/6
lrdn1295:3070527:3070644 [0] NCCL INFO Channel 02/0 : 31[0] -> 0[0] [send] via NET/IB/5
lrdn0699:3509133:3509249 [0] NCCL INFO Channel 03/0 : 20[0] -> 21[0] [receive] via NET/IB/6
lrdn0475:1701822:1701938 [0] NCCL INFO [Proxy Progress] Device 0 CPU core 4
lrdn0606:1624358:1624472 [0] NCCL INFO [Proxy Progress] Device 0 CPU core 5
lrdn0606:1624358:1624471 [0] NCCL INFO Channel 01/0 : 10[0] -> 11[0] [receive] via NET/IB/6
lrdn0759:1654783:1654899 [0] NCCL INFO [Proxy Progress] Device 0 CPU core 5
lrdn0759:1654783:1654898 [0] NCCL INFO Channel 00/0 : 26[0] -> 27[0] [receive] via NET/IB/5
lrdn0766:1547848:1547965 [0] NCCL INFO Channel 01/0 : 28[0] -> 29[0] [send] via NET/IB/6
lrdn0766:1547848:1547965 [0] NCCL INFO Channel 02/0 : 28[0] -> 29[0] [send] via NET/IB/5
