lrdn0398:3637919:3638039 [0] NCCL INFO ncclCommInitRankConfig comm 0x16c1a260 rank 2 nranks 8 cudaDev 0 nvmlDev 0 busId 1d000 commId 0xe9be0adc8184cdff - Init START
lrdn0872:519656:519780 [0] NCCL INFO Using network IB
lrdn0872:519656:519780 [0] NCCL INFO ncclCommInitRankConfig comm 0xd784ed0 rank 4 nranks 8 cudaDev 0 nvmlDev 0 busId 1d000 commId 0xe9be0adc8184cdff - Init START
lrdn0398:3637919:3638039 [0] NCCL INFO Bootstrap timings total 0.001084 (create 0.000027, send 0.000063, recv 0.000187, ring 0.000619, delay 0.000000)
lrdn0378:1638354:1638480 [0] NCCL INFO Bootstrap timings total 0.001515 (create 0.000019, send 0.000059, recv 0.000462, ring 0.000866, delay 0.000000)
lrdn0786:1856354:1856472 [0] NCCL INFO Bootstrap timings total 0.001376 (create 0.000017, send 0.000059, recv 0.000473, ring 0.000702, delay 0.000000)
lrdn0120:2076463:2076587 [0] NCCL INFO Bootstrap timings total 0.001707 (create 0.000013, send 0.000045, recv 0.000289, ring 0.000924, delay 0.000000)
lrdn0872:519656:519780 [0] NCCL INFO Bootstrap timings total 0.001253 (create 0.000017, send 0.000304, recv 0.000363, ring 0.000442, delay 0.000000)
lrdn0905:2120263:2120382 [0] NCCL INFO Bootstrap timings total 0.001502 (create 0.000017, send 0.000064, recv 0.000204, ring 0.000438, delay 0.000000)
lrdn1067:2554046:2554212 [0] NCCL INFO Bootstrap timings total 0.001726 (create 0.000015, send 0.000061, recv 0.000444, ring 0.001096, delay 0.000000)
lrdn1057:3554428:3554552 [0] NCCL INFO Bootstrap timings total 0.001652 (create 0.000023, send 0.000077, recv 0.000244, ring 0.001149, delay 0.000000)
lrdn0120:2076463:2076587 [0] NCCL INFO Setting affinity for GPU 0 to ffff
lrdn1067:2554046:2554212 [0] NCCL INFO Setting affinity for GPU 0 to ffff
lrdn0398:3637919:3638039 [0] NCCL INFO Setting affinity for GPU 0 to ffff
lrdn1057:3554428:3554552 [0] NCCL INFO Setting affinity for GPU 0 to ffff
lrdn0378:1638354:1638480 [0] NCCL INFO Setting affinity for GPU 0 to ffff
lrdn0786:1856354:1856472 [0] NCCL INFO Setting affinity for GPU 0 to ffff
lrdn0872:519656:519780 [0] NCCL INFO Setting affinity for GPU 0 to ffff
lrdn0905:2120263:2120382 [0] NCCL INFO Setting affinity for GPU 0 to ffff
lrdn1057:3554428:3554552 [0] NCCL INFO comm 0xc12b3d0 rank 6 nRanks 8 nNodes 8 localRanks 1 localRank 0 MNNVL 0
lrdn1057:3554428:3554552 [0] NCCL INFO Trees [0] 5/7/-1->6->4 [1] 5/7/-1->6->4 [2] -1/-1/-1->6->5 [3] -1/-1/-1->6->5
lrdn1057:3554428:3554552 [0] NCCL INFO P2P Chunksize set to 131072
lrdn0872:519656:519780 [0] NCCL INFO comm 0xd784ed0 rank 4 nRanks 8 nNodes 8 localRanks 1 localRank 0 MNNVL 0
lrdn0872:519656:519780 [0] NCCL INFO Trees [0] 2/6/-1->4->0 [1] 2/6/-1->4->0 [2] -1/-1/-1->4->5 [3] -1/-1/-1->4->5
lrdn0872:519656:519780 [0] NCCL INFO P2P Chunksize set to 131072
lrdn0872:519656:519782 [0] NCCL INFO [Proxy Service UDS] Device 0 CPU core 11
lrdn0905:2120263:2120382 [0] NCCL INFO comm 0xca92820 rank 5 nRanks 8 nNodes 8 localRanks 1 localRank 0 MNNVL 0
lrdn0905:2120263:2120382 [0] NCCL INFO Trees [0] -1/-1/-1->5->6 [1] -1/-1/-1->5->6 [2] 6/4/-1->5->3 [3] 6/4/-1->5->3
lrdn0905:2120263:2120382 [0] NCCL INFO P2P Chunksize set to 131072
lrdn0905:2120263:2120383 [0] NCCL INFO [Proxy Service] Device 0 CPU core 9
lrdn1067:2554046:2554212 [0] NCCL INFO comm 0xd0b02c0 rank 7 nRanks 8 nNodes 8 localRanks 1 localRank 0 MNNVL 0
lrdn1067:2554046:2554212 [0] NCCL INFO Trees [0] -1/-1/-1->7->6 [1] -1/-1/-1->7->6 [2] 3/-1/-1->7->-1 [3] 3/-1/-1->7->-1
lrdn1067:2554046:2554212 [0] NCCL INFO P2P Chunksize set to 131072
lrdn0120:2076463:2076587 [0] NCCL INFO comm 0x115a9be0 rank 0 nRanks 8 nNodes 8 localRanks 1 localRank 0 MNNVL 0
lrdn0120:2076463:2076587 [0] NCCL INFO Channel 00/04 : 0 1 2 3 4 5 6 7
lrdn0120:2076463:2076587 [0] NCCL INFO Channel 01/04 : 0 1 2 3 4 5 6 7
lrdn0120:2076463:2076587 [0] NCCL INFO Channel 02/04 : 0 1 2 3 4 5 6 7
lrdn0120:2076463:2076587 [0] NCCL INFO Channel 03/04 : 0 1 2 3 4 5 6 7
lrdn0120:2076463:2076587 [0] NCCL INFO Trees [0] 4/-1/-1->0->-1 [1] 4/-1/-1->0->-1 [2] -1/-1/-1->0->1 [3] -1/-1/-1->0->1
lrdn0120:2076463:2076587 [0] NCCL INFO P2P Chunksize set to 131072
lrdn0120:2076463:2076587 [0] NCCL INFO Check P2P Type intraNodeP2pSupport 0 directMode 0
lrdn0120:2076463:2076588 [0] NCCL INFO [Proxy Service] Device 0 CPU core 1
lrdn0872:519656:519781 [0] NCCL INFO [Proxy Service] Device 0 CPU core 10
lrdn1057:3554428:3554554 [0] NCCL INFO [Proxy Service UDS] Device 0 CPU core 11
lrdn1067:2554046:2554213 [0] NCCL INFO [Proxy Service] Device 0 CPU core 9
lrdn0120:2076463:2076589 [0] NCCL INFO [Proxy Service UDS] Device 0 CPU core 7
lrdn0786:1856354:1856472 [0] NCCL INFO comm 0x2afa4e30 rank 3 nRanks 8 nNodes 8 localRanks 1 localRank 0 MNNVL 0
lrdn0786:1856354:1856472 [0] NCCL INFO Trees [0] -1/-1/-1->3->2 [1] -1/-1/-1->3->2 [2] 5/1/-1->3->7 [3] 5/1/-1->3->7
lrdn0786:1856354:1856472 [0] NCCL INFO P2P Chunksize set to 131072
lrdn0786:1856354:1856474 [0] NCCL INFO [Proxy Service UDS] Device 0 CPU core 12
lrdn0786:1856354:1856473 [0] NCCL INFO [Proxy Service] Device 0 CPU core 11
lrdn0398:3637919:3638039 [0] NCCL INFO comm 0x16c1a260 rank 2 nRanks 8 nNodes 8 localRanks 1 localRank 0 MNNVL 0
lrdn0398:3637919:3638039 [0] NCCL INFO Trees [0] 1/3/-1->2->4 [1] 1/3/-1->2->4 [2] -1/-1/-1->2->1 [3] -1/-1/-1->2->1
lrdn0398:3637919:3638039 [0] NCCL INFO P2P Chunksize set to 131072
lrdn0398:3637919:3638040 [0] NCCL INFO [Proxy Service] Device 0 CPU core 10
lrdn0398:3637919:3638041 [0] NCCL INFO [Proxy Service UDS] Device 0 CPU core 11
lrdn0905:2120263:2120384 [0] NCCL INFO [Proxy Service UDS] Device 0 CPU core 11
lrdn0378:1638354:1638480 [0] NCCL INFO comm 0xe437d50 rank 1 nRanks 8 nNodes 8 localRanks 1 localRank 0 MNNVL 0
lrdn0378:1638354:1638480 [0] NCCL INFO Trees [0] -1/-1/-1->1->2 [1] -1/-1/-1->1->2 [2] 2/0/-1->1->3 [3] 2/0/-1->1->3
lrdn0378:1638354:1638480 [0] NCCL INFO P2P Chunksize set to 131072
lrdn0378:1638354:1638481 [0] NCCL INFO [Proxy Service] Device 0 CPU core 2
lrdn1067:2554046:2554214 [0] NCCL INFO [Proxy Service UDS] Device 0 CPU core 10
lrdn1057:3554428:3554553 [0] NCCL INFO [Proxy Service] Device 0 CPU core 10
lrdn0378:1638354:1638482 [0] NCCL INFO [Proxy Service UDS] Device 0 CPU core 8
lrdn0398:3637919:3638039 [0] NCCL INFO NCCL_PROTO set by environment to SIMPLE
lrdn0398:3637919:3638039 [0] NCCL INFO NCCL_ALGO set by environment to ring
lrdn0398:3637919:3638039 [0] NCCL INFO threadThresholds 8/8/64 | 64/8/64 | 512 | 512
lrdn0398:3637919:3638039 [0] NCCL INFO 4 coll channels, 4 collnet channels, 0 nvls channels, 4 p2p channels, 2 p2p channels per peer
lrdn0786:1856354:1856472 [0] NCCL INFO NCCL_PROTO set by environment to SIMPLE
lrdn0786:1856354:1856472 [0] NCCL INFO NCCL_ALGO set by environment to ring
lrdn0786:1856354:1856472 [0] NCCL INFO threadThresholds 8/8/64 | 64/8/64 | 512 | 512
lrdn0786:1856354:1856472 [0] NCCL INFO 4 coll channels, 4 collnet channels, 0 nvls channels, 4 p2p channels, 2 p2p channels per peer
lrdn0398:3637919:3638039 [0] NCCL INFO ncclCommInitRankConfig comm 0x16c1a260 rank 2 nranks 8 cudaDev 0 nvmlDev 0 busId 1d000 commId 0xe9be0adc8184cdff - Init COMPLETE
lrdn0398:3637919:3638039 [0] NCCL INFO Init timings - ncclCommInitRankConfig: rank 2 nranks 8 total 0.04 (kernels 0.00, alloc 0.00, bootstrap 0.00, allgathers 0.00, topo 0.02, graphs 0.02, connections 0.00, rest 0.00)
lrdn0872:519656:519780 [0] NCCL INFO NCCL_PROTO set by environment to SIMPLE
lrdn0872:519656:519780 [0] NCCL INFO NCCL_ALGO set by environment to ring
lrdn0872:519656:519780 [0] NCCL INFO threadThresholds 8/8/64 | 64/8/64 | 512 | 512
lrdn0872:519656:519780 [0] NCCL INFO 4 coll channels, 4 collnet channels, 0 nvls channels, 4 p2p channels, 2 p2p channels per peer
lrdn0905:2120263:2120382 [0] NCCL INFO NCCL_PROTO set by environment to SIMPLE
lrdn0905:2120263:2120382 [0] NCCL INFO NCCL_ALGO set by environment to ring
lrdn0905:2120263:2120382 [0] NCCL INFO threadThresholds 8/8/64 | 64/8/64 | 512 | 512
lrdn0905:2120263:2120382 [0] NCCL INFO 4 coll channels, 4 collnet channels, 0 nvls channels, 4 p2p channels, 2 p2p channels per peer
lrdn0378:1638354:1638480 [0] NCCL INFO NCCL_PROTO set by environment to SIMPLE
lrdn0378:1638354:1638480 [0] NCCL INFO NCCL_ALGO set by environment to ring
lrdn0378:1638354:1638480 [0] NCCL INFO threadThresholds 8/8/64 | 64/8/64 | 512 | 512
lrdn0378:1638354:1638480 [0] NCCL INFO 4 coll channels, 4 collnet channels, 0 nvls channels, 4 p2p channels, 2 p2p channels per peer
lrdn0786:1856354:1856472 [0] NCCL INFO ncclCommInitRankConfig comm 0x2afa4e30 rank 3 nranks 8 cudaDev 0 nvmlDev 0 busId 1d000 commId 0xe9be0adc8184cdff - Init COMPLETE
lrdn0786:1856354:1856472 [0] NCCL INFO Init timings - ncclCommInitRankConfig: rank 3 nranks 8 total 0.04 (kernels 0.00, alloc 0.00, bootstrap 0.00, allgathers 0.00, topo 0.02, graphs 0.02, connections 0.00, rest 0.00)
lrdn1067:2554046:2554212 [0] NCCL INFO NCCL_PROTO set by environment to SIMPLE
lrdn1067:2554046:2554212 [0] NCCL INFO NCCL_ALGO set by environment to ring
lrdn1067:2554046:2554212 [0] NCCL INFO threadThresholds 8/8/64 | 64/8/64 | 512 | 512
lrdn1067:2554046:2554212 [0] NCCL INFO 4 coll channels, 4 collnet channels, 0 nvls channels, 4 p2p channels, 2 p2p channels per peer
lrdn0872:519656:519780 [0] NCCL INFO ncclCommInitRankConfig comm 0xd784ed0 rank 4 nranks 8 cudaDev 0 nvmlDev 0 busId 1d000 commId 0xe9be0adc8184cdff - Init COMPLETE
lrdn0872:519656:519780 [0] NCCL INFO Init timings - ncclCommInitRankConfig: rank 4 nranks 8 total 0.04 (kernels 0.00, alloc 0.00, bootstrap 0.00, allgathers 0.00, topo 0.02, graphs 0.02, connections 0.00, rest 0.00)
lrdn0905:2120263:2120382 [0] NCCL INFO ncclCommInitRankConfig comm 0xca92820 rank 5 nranks 8 cudaDev 0 nvmlDev 0 busId 1d000 commId 0xe9be0adc8184cdff - Init COMPLETE
lrdn0905:2120263:2120382 [0] NCCL INFO Init timings - ncclCommInitRankConfig: rank 5 nranks 8 total 0.04 (kernels 0.00, alloc 0.00, bootstrap 0.00, allgathers 0.00, topo 0.02, graphs 0.02, connections 0.00, rest 0.00)
lrdn0378:1638354:1638480 [0] NCCL INFO ncclCommInitRankConfig comm 0xe437d50 rank 1 nranks 8 cudaDev 0 nvmlDev 0 busId 1d000 commId 0xe9be0adc8184cdff - Init COMPLETE
lrdn0378:1638354:1638480 [0] NCCL INFO Init timings - ncclCommInitRankConfig: rank 1 nranks 8 total 0.04 (kernels 0.00, alloc 0.00, bootstrap 0.00, allgathers 0.00, topo 0.02, graphs 0.02, connections 0.00, rest 0.00)
lrdn0120:2076463:2076587 [0] NCCL INFO NCCL_PROTO set by environment to SIMPLE
lrdn0120:2076463:2076587 [0] NCCL INFO NCCL_ALGO set by environment to ring
lrdn0120:2076463:2076587 [0] NCCL INFO Enabled NCCL Func/Proto/Algo Matrix:
     Function |       LL     LL128    Simple   |          Tree           Ring  CollNetDirect   CollNetChain           NVLS       NVLSTree            PAT  
    Broadcast |        0         0         1   |             0              1              0              0              0              0              0  
       Reduce |        0         0         1   |             0              1              0              0              0              0              0  
    AllGather |        0         0         1   |             0              1              0              0              0              0              0  
ReduceScatter |        0         0         1   |             0              1              0              0              0              0              0  
    AllReduce |        0         0         1   |             0              1              0              0              0              0              0  

lrdn0120:2076463:2076587 [0] NCCL INFO threadThresholds 8/8/64 | 64/8/64 | 512 | 512
lrdn0120:2076463:2076587 [0] NCCL INFO 4 coll channels, 4 collnet channels, 0 nvls channels, 4 p2p channels, 2 p2p channels per peer
lrdn1057:3554428:3554552 [0] NCCL INFO NCCL_PROTO set by environment to SIMPLE
lrdn1057:3554428:3554552 [0] NCCL INFO NCCL_ALGO set by environment to ring
lrdn1057:3554428:3554552 [0] NCCL INFO threadThresholds 8/8/64 | 64/8/64 | 512 | 512
lrdn1057:3554428:3554552 [0] NCCL INFO 4 coll channels, 4 collnet channels, 0 nvls channels, 4 p2p channels, 2 p2p channels per peer
lrdn1067:2554046:2554212 [0] NCCL INFO ncclCommInitRankConfig comm 0xd0b02c0 rank 7 nranks 8 cudaDev 0 nvmlDev 0 busId 1d000 commId 0xe9be0adc8184cdff - Init COMPLETE
lrdn1067:2554046:2554212 [0] NCCL INFO Init timings - ncclCommInitRankConfig: rank 7 nranks 8 total 0.04 (kernels 0.00, alloc 0.00, bootstrap 0.00, allgathers 0.00, topo 0.02, graphs 0.02, connections 0.00, rest 0.00)
lrdn0120:2076463:2076587 [0] NCCL INFO CC Off, workFifoBytes 1048576
lrdn0120:2076463:2076587 [0] NCCL INFO ncclCommInitRankConfig comm 0x115a9be0 rank 0 nranks 8 cudaDev 0 nvmlDev 0 busId 1d000 commId 0xe9be0adc8184cdff - Init COMPLETE
lrdn0120:2076463:2076587 [0] NCCL INFO Init timings - ncclCommInitRankConfig: rank 0 nranks 8 total 0.05 (kernels 0.00, alloc 0.00, bootstrap 0.00, allgathers 0.00, topo 0.02, graphs 0.02, connections 0.00, rest 0.00)
lrdn1057:3554428:3554552 [0] NCCL INFO ncclCommInitRankConfig comm 0xc12b3d0 rank 6 nranks 8 cudaDev 0 nvmlDev 0 busId 1d000 commId 0xe9be0adc8184cdff - Init COMPLETE
lrdn1057:3554428:3554552 [0] NCCL INFO Init timings - ncclCommInitRankConfig: rank 6 nranks 8 total 0.05 (kernels 0.00, alloc 0.00, bootstrap 0.00, allgathers 0.00, topo 0.02, graphs 0.02, connections 0.00, rest 0.00)
lrdn0786:1856354:1856476 [0] NCCL INFO [Proxy Progress] Device 0 CPU core 13
lrdn0786:1856354:1856475 [0] NCCL INFO Channel 00/0 : 2[0] -> 3[0] [receive] via NET/IB/5
lrdn0786:1856354:1856475 [0] NCCL INFO Channel 01/0 : 2[0] -> 3[0] [receive] via NET/IB/6
lrdn0786:1856354:1856475 [0] NCCL INFO Channel 02/0 : 2[0] -> 3[0] [receive] via NET/IB/5
lrdn0398:3637919:3638043 [0] NCCL INFO [Proxy Progress] Device 0 CPU core 12
lrdn0398:3637919:3638042 [0] NCCL INFO Channel 00/0 : 1[0] -> 2[0] [receive] via NET/IB/5
lrdn0786:1856354:1856475 [0] NCCL INFO Channel 03/0 : 2[0] -> 3[0] [receive] via NET/IB/6
lrdn0786:1856354:1856475 [0] NCCL INFO Channel 00/0 : 3[0] -> 4[0] [send] via NET/IB/5
lrdn0398:3637919:3638042 [0] NCCL INFO Channel 01/0 : 1[0] -> 2[0] [receive] via NET/IB/6
lrdn0398:3637919:3638042 [0] NCCL INFO Channel 02/0 : 1[0] -> 2[0] [receive] via NET/IB/5
lrdn0786:1856354:1856475 [0] NCCL INFO Channel 01/0 : 3[0] -> 4[0] [send] via NET/IB/6
lrdn0398:3637919:3638042 [0] NCCL INFO Channel 03/0 : 1[0] -> 2[0] [receive] via NET/IB/6
lrdn0786:1856354:1856475 [0] NCCL INFO Channel 02/0 : 3[0] -> 4[0] [send] via NET/IB/5
lrdn0398:3637919:3638042 [0] NCCL INFO Channel 00/0 : 2[0] -> 3[0] [send] via NET/IB/5
lrdn0786:1856354:1856475 [0] NCCL INFO Channel 03/0 : 3[0] -> 4[0] [send] via NET/IB/6
lrdn0398:3637919:3638042 [0] NCCL INFO Channel 01/0 : 2[0] -> 3[0] [send] via NET/IB/6
lrdn0398:3637919:3638042 [0] NCCL INFO Channel 02/0 : 2[0] -> 3[0] [send] via NET/IB/5
lrdn0398:3637919:3638042 [0] NCCL INFO Channel 03/0 : 2[0] -> 3[0] [send] via NET/IB/6
lrdn0872:519656:519783 [0] NCCL INFO Channel 00/0 : 3[0] -> 4[0] [receive] via NET/IB/5
lrdn0872:519656:519784 [0] NCCL INFO [Proxy Progress] Device 0 CPU core 12
lrdn0872:519656:519783 [0] NCCL INFO Channel 01/0 : 3[0] -> 4[0] [receive] via NET/IB/6
lrdn0872:519656:519783 [0] NCCL INFO Channel 02/0 : 3[0] -> 4[0] [receive] via NET/IB/5
lrdn0872:519656:519783 [0] NCCL INFO Channel 03/0 : 3[0] -> 4[0] [receive] via NET/IB/6
lrdn0872:519656:519783 [0] NCCL INFO Channel 00/0 : 4[0] -> 5[0] [send] via NET/IB/5
lrdn0872:519656:519783 [0] NCCL INFO Channel 01/0 : 4[0] -> 5[0] [send] via NET/IB/6
lrdn0872:519656:519783 [0] NCCL INFO Channel 02/0 : 4[0] -> 5[0] [send] via NET/IB/5
lrdn0872:519656:519783 [0] NCCL INFO Channel 03/0 : 4[0] -> 5[0] [send] via NET/IB/6
lrdn0905:2120263:2120385 [0] NCCL INFO Channel 00/0 : 4[0] -> 5[0] [receive] via NET/IB/5
lrdn0905:2120263:2120385 [0] NCCL INFO Channel 01/0 : 4[0] -> 5[0] [receive] via NET/IB/6
lrdn0905:2120263:2120386 [0] NCCL INFO [Proxy Progress] Device 0 CPU core 12
lrdn0905:2120263:2120385 [0] NCCL INFO Channel 02/0 : 4[0] -> 5[0] [receive] via NET/IB/5
lrdn0905:2120263:2120385 [0] NCCL INFO Channel 03/0 : 4[0] -> 5[0] [receive] via NET/IB/6
lrdn0378:1638354:1638484 [0] NCCL INFO [Proxy Progress] Device 0 CPU core 9
lrdn0378:1638354:1638483 [0] NCCL INFO Channel 00/0 : 0[0] -> 1[0] [receive] via NET/IB/5
lrdn0378:1638354:1638483 [0] NCCL INFO Channel 01/0 : 0[0] -> 1[0] [receive] via NET/IB/6
lrdn0378:1638354:1638483 [0] NCCL INFO Channel 02/0 : 0[0] -> 1[0] [receive] via NET/IB/5
lrdn0905:2120263:2120385 [0] NCCL INFO Channel 00/0 : 5[0] -> 6[0] [send] via NET/IB/5
lrdn0905:2120263:2120385 [0] NCCL INFO Channel 01/0 : 5[0] -> 6[0] [send] via NET/IB/6
lrdn0905:2120263:2120385 [0] NCCL INFO Channel 02/0 : 5[0] -> 6[0] [send] via NET/IB/5
lrdn0378:1638354:1638483 [0] NCCL INFO Channel 03/0 : 0[0] -> 1[0] [receive] via NET/IB/6
lrdn0378:1638354:1638483 [0] NCCL INFO Channel 00/0 : 1[0] -> 2[0] [send] via NET/IB/5
lrdn0378:1638354:1638483 [0] NCCL INFO Channel 01/0 : 1[0] -> 2[0] [send] via NET/IB/6
lrdn0378:1638354:1638483 [0] NCCL INFO Channel 02/0 : 1[0] -> 2[0] [send] via NET/IB/5
lrdn0378:1638354:1638483 [0] NCCL INFO Channel 03/0 : 1[0] -> 2[0] [send] via NET/IB/6
lrdn0905:2120263:2120385 [0] NCCL INFO Channel 03/0 : 5[0] -> 6[0] [send] via NET/IB/6
lrdn1057:3554428:3554555 [0] NCCL INFO Channel 00/0 : 5[0] -> 6[0] [receive] via NET/IB/5
lrdn1057:3554428:3554555 [0] NCCL INFO Channel 01/0 : 5[0] -> 6[0] [receive] via NET/IB/6
lrdn1057:3554428:3554556 [0] NCCL INFO [Proxy Progress] Device 0 CPU core 13
lrdn1057:3554428:3554555 [0] NCCL INFO Channel 02/0 : 5[0] -> 6[0] [receive] via NET/IB/5
lrdn1057:3554428:3554555 [0] NCCL INFO Channel 03/0 : 5[0] -> 6[0] [receive] via NET/IB/6
lrdn1057:3554428:3554555 [0] NCCL INFO Channel 00/0 : 6[0] -> 7[0] [send] via NET/IB/5
lrdn1057:3554428:3554555 [0] NCCL INFO Channel 01/0 : 6[0] -> 7[0] [send] via NET/IB/6
lrdn1057:3554428:3554555 [0] NCCL INFO Channel 02/0 : 6[0] -> 7[0] [send] via NET/IB/5
lrdn1057:3554428:3554555 [0] NCCL INFO Channel 03/0 : 6[0] -> 7[0] [send] via NET/IB/6
lrdn1067:2554046:2554215 [0] NCCL INFO Channel 00/0 : 6[0] -> 7[0] [receive] via NET/IB/5
lrdn1067:2554046:2554216 [0] NCCL INFO [Proxy Progress] Device 0 CPU core 12
lrdn1067:2554046:2554215 [0] NCCL INFO Channel 01/0 : 6[0] -> 7[0] [receive] via NET/IB/6
lrdn0120:2076463:2076590 [0] NCCL INFO Channel 00/0 : 7[0] -> 0[0] [receive] via NET/IB/5
lrdn0120:2076463:2076590 [0] NCCL INFO Channel 01/0 : 7[0] -> 0[0] [receive] via NET/IB/6
lrdn1067:2554046:2554215 [0] NCCL INFO Channel 02/0 : 6[0] -> 7[0] [receive] via NET/IB/5
lrdn0120:2076463:2076590 [0] NCCL INFO Channel 02/0 : 7[0] -> 0[0] [receive] via NET/IB/5
lrdn0120:2076463:2076590 [0] NCCL INFO Channel 03/0 : 7[0] -> 0[0] [receive] via NET/IB/6
lrdn1067:2554046:2554215 [0] NCCL INFO Channel 03/0 : 6[0] -> 7[0] [receive] via NET/IB/6
lrdn1067:2554046:2554215 [0] NCCL INFO Channel 00/0 : 7[0] -> 0[0] [send] via NET/IB/5
lrdn0120:2076463:2076590 [0] NCCL INFO Channel 00/0 : 0[0] -> 1[0] [send] via NET/IB/5
lrdn0120:2076463:2076591 [0] NCCL INFO [Proxy Progress] Device 0 CPU core 5
lrdn1067:2554046:2554215 [0] NCCL INFO Channel 01/0 : 7[0] -> 0[0] [send] via NET/IB/6
lrdn1067:2554046:2554215 [0] NCCL INFO Channel 02/0 : 7[0] -> 0[0] [send] via NET/IB/5
lrdn0120:2076463:2076590 [0] NCCL INFO Channel 01/0 : 0[0] -> 1[0] [send] via NET/IB/6
lrdn0120:2076463:2076590 [0] NCCL INFO Channel 02/0 : 0[0] -> 1[0] [send] via NET/IB/5
lrdn1067:2554046:2554215 [0] NCCL INFO Channel 03/0 : 7[0] -> 0[0] [send] via NET/IB/6
lrdn0120:2076463:2076590 [0] NCCL INFO Channel 03/0 : 0[0] -> 1[0] [send] via NET/IB/6
lrdn0786:1856354:1856475 [0] NCCL INFO Connected all rings, use ring PXN 0 GDR 0
lrdn0905:2120263:2120385 [0] NCCL INFO Connected all rings, use ring PXN 0 GDR 0
lrdn0378:1638354:1638483 [0] NCCL INFO Connected all rings, use ring PXN 0 GDR 0
lrdn0120:2076463:2076590 [0] NCCL INFO Connected all rings, use ring PXN 0 GDR 0
lrdn0398:3637919:3638042 [0] NCCL INFO Connected all rings, use ring PXN 0 GDR 0
lrdn1057:3554428:3554555 [0] NCCL INFO Connected all rings, use ring PXN 0 GDR 0
lrdn0872:519656:519783 [0] NCCL INFO Connected all rings, use ring PXN 0 GDR 0
lrdn1067:2554046:2554215 [0] NCCL INFO Connected all rings, use ring PXN 0 GDR 0
[38;20m2025-08-02 04:27:54,055 | xffl.distributed.aggregation |     INFO | layer_by_layer - NCCL_ALGO=ring - NCCL_PROTO=SIMPLE - Multiple CUDA streams True, Contiguous memory False:
 Average communication time over 3 iterations: 2.01 (max/real adjusted throughput: 111.36/111.89 Gb/s - Max GPU RAM allocated: 16.06 GB)[0m
[38;20m2025-08-02 04:28:10,088 | xffl.distributed.aggregation |     INFO | layer_by_layer - NCCL_ALGO=ring - NCCL_PROTO=SIMPLE - Multiple CUDA streams True, Contiguous memory True:
 Average communication time over 3 iterations: 1.99 (max/real adjusted throughput: 110.23/113.07 Gb/s - Max GPU RAM allocated: 16.06 GB)[0m


[38;20m2025-08-02 04:28:27,341 | xffl.distributed.aggregation |     INFO | layer_by_layer - NCCL_ALGO=ring - NCCL_PROTO=LL - Multiple CUDA streams False, Contiguous memory False:
 Average communication time over 3 iterations: 2.10 (max/real adjusted throughput: 101.42/107.03 Gb/s - Max GPU RAM allocated: 16.06 GB)[0m
[38;20m2025-08-02 04:28:44,424 | xffl.distributed.aggregation |     INFO | layer_by_layer - NCCL_ALGO=ring - NCCL_PROTO=LL - Multiple CUDA streams False, Contiguous memory True:
 Average communication time over 3 iterations: 2.07 (max/real adjusted throughput: 103.01/108.46 Gb/s - Max GPU RAM allocated: 16.06 GB)[0m
[38;20m2025-08-02 04:29:00,571 | xffl.distributed.aggregation |     INFO | layer_by_layer - NCCL_ALGO=ring - NCCL_PROTO=LL - Multiple CUDA streams True, Contiguous memory False:
 Average communication time over 3 iterations: 2.00 (max/real adjusted throughput: 112.30/112.40 Gb/s - Max GPU RAM allocated: 16.06 GB)[0m
[38;20m2025-08-02 04:29:17,017 | xffl.distributed.aggregation |     INFO | layer_by_layer - NCCL_ALGO=ring - NCCL_PROTO=LL - Multiple CUDA streams True, Contiguous memory True:
 Average communication time over 3 iterations: 2.06 (max/real adjusted throughput: 109.30/109.16 Gb/s - Max GPU RAM allocated: 16.06 GB)[0m


[38;20m2025-08-02 04:29:33,912 | xffl.distributed.aggregation |     INFO | layer_by_layer - NCCL_ALGO=ring - NCCL_PROTO=LL128 - Multiple CUDA streams False, Contiguous memory False:
 Average communication time over 3 iterations: 2.13 (max/real adjusted throughput: 107.92/105.42 Gb/s - Max GPU RAM allocated: 16.06 GB)[0m
[38;20m2025-08-02 04:29:51,035 | xffl.distributed.aggregation |     INFO | layer_by_layer - NCCL_ALGO=ring - NCCL_PROTO=LL128 - Multiple CUDA streams False, Contiguous memory True:
 Average communication time over 3 iterations: 2.20 (max/real adjusted throughput: 107.58/102.16 Gb/s - Max GPU RAM allocated: 16.06 GB)[0m
[38;20m2025-08-02 04:30:07,097 | xffl.distributed.aggregation |     INFO | layer_by_layer - NCCL_ALGO=ring - NCCL_PROTO=LL128 - Multiple CUDA streams True, Contiguous memory False:
 Average communication time over 3 iterations: 2.02 (max/real adjusted throughput: 112.52/111.22 Gb/s - Max GPU RAM allocated: 16.06 GB)[0m
[38;20m2025-08-02 04:30:23,139 | xffl.distributed.aggregation |     INFO | layer_by_layer - NCCL_ALGO=ring - NCCL_PROTO=LL128 - Multiple CUDA streams True, Contiguous memory True:
 Average communication time over 3 iterations: 2.01 (max/real adjusted throughput: 111.96/111.76 Gb/s - Max GPU RAM allocated: 16.06 GB)[0m


[38;20m2025-08-02 04:30:40,011 | xffl.distributed.aggregation |     INFO | layer_by_layer - NCCL_ALGO=tree - NCCL_PROTO=SIMPLE - Multiple CUDA streams False, Contiguous memory False:
 Average communication time over 3 iterations: 2.09 (max/real adjusted throughput: 106.16/107.58 Gb/s - Max GPU RAM allocated: 16.06 GB)[0m
[38;20m2025-08-02 04:30:56,828 | xffl.distributed.aggregation |     INFO | layer_by_layer - NCCL_ALGO=tree - NCCL_PROTO=SIMPLE - Multiple CUDA streams False, Contiguous memory True:
 Average communication time over 3 iterations: 2.08 (max/real adjusted throughput: 107.01/107.95 Gb/s - Max GPU RAM allocated: 16.06 GB)[0m
[38;20m2025-08-02 04:31:13,052 | xffl.distributed.aggregation |     INFO | layer_by_layer - NCCL_ALGO=tree - NCCL_PROTO=SIMPLE - Multiple CUDA streams True, Contiguous memory False:
 Average communication time over 3 iterations: 2.01 (max/real adjusted throughput: 110.24/111.77 Gb/s - Max GPU RAM allocated: 16.06 GB)[0m
[38;20m2025-08-02 04:31:29,157 | xffl.distributed.aggregation |     INFO | layer_by_layer - NCCL_ALGO=tree - NCCL_PROTO=SIMPLE - Multiple CUDA streams True, Contiguous memory True:
 Average communication time over 3 iterations: 1.98 (max/real adjusted throughput: 112.98/113.55 Gb/s - Max GPU RAM allocated: 16.06 GB)[0m


[38;20m2025-08-02 04:31:46,163 | xffl.distributed.aggregation |     INFO | layer_by_layer - NCCL_ALGO=tree - NCCL_PROTO=LL - Multiple CUDA streams False, Contiguous memory False:
 Average communication time over 3 iterations: 2.09 (max/real adjusted throughput: 104.09/107.53 Gb/s - Max GPU RAM allocated: 16.06 GB)[0m
[38;20m2025-08-02 04:32:03,311 | xffl.distributed.aggregation |     INFO | layer_by_layer - NCCL_ALGO=tree - NCCL_PROTO=LL - Multiple CUDA streams False, Contiguous memory True:
 Average communication time over 3 iterations: 2.16 (max/real adjusted throughput: 103.59/104.07 Gb/s - Max GPU RAM allocated: 16.06 GB)[0m
[38;20m2025-08-02 04:32:19,375 | xffl.distributed.aggregation |     INFO | layer_by_layer - NCCL_ALGO=tree - NCCL_PROTO=LL - Multiple CUDA streams True, Contiguous memory False:
 Average communication time over 3 iterations: 2.00 (max/real adjusted throughput: 110.52/112.64 Gb/s - Max GPU RAM allocated: 16.06 GB)[0m
[38;20m2025-08-02 04:32:35,415 | xffl.distributed.aggregation |     INFO | layer_by_layer - NCCL_ALGO=tree - NCCL_PROTO=LL - Multiple CUDA streams True, Contiguous memory True:
 Average communication time over 3 iterations: 2.00 (max/real adjusted throughput: 111.11/112.26 Gb/s - Max GPU RAM allocated: 16.06 GB)[0m


[38;20m2025-08-02 04:32:52,470 | xffl.distributed.aggregation |     INFO | layer_by_layer - NCCL_ALGO=tree - NCCL_PROTO=LL128 - Multiple CUDA streams False, Contiguous memory False:
 Average communication time over 3 iterations: 2.11 (max/real adjusted throughput: 104.24/106.56 Gb/s - Max GPU RAM allocated: 16.06 GB)[0m
[38;20m2025-08-02 04:33:09,134 | xffl.distributed.aggregation |     INFO | layer_by_layer - NCCL_ALGO=tree - NCCL_PROTO=LL128 - Multiple CUDA streams False, Contiguous memory True:
 Average communication time over 3 iterations: 2.09 (max/real adjusted throughput: 107.64/107.38 Gb/s - Max GPU RAM allocated: 16.06 GB)[0m
[38;20m2025-08-02 04:33:25,321 | xffl.distributed.aggregation |     INFO | layer_by_layer - NCCL_ALGO=tree - NCCL_PROTO=LL128 - Multiple CUDA streams True, Contiguous memory False:
 Average communication time over 3 iterations: 2.02 (max/real adjusted throughput: 111.22/111.36 Gb/s - Max GPU RAM allocated: 16.06 GB)[0m
[38;20m2025-08-02 04:33:41,560 | xffl.distributed.aggregation |     INFO | layer_by_layer - NCCL_ALGO=tree - NCCL_PROTO=LL128 - Multiple CUDA streams True, Contiguous memory True:
 Average communication time over 3 iterations: 2.05 (max/real adjusted throughput: 112.07/109.81 Gb/s - Max GPU RAM allocated: 16.06 GB)[0m


[38;20m2025-08-02 04:33:58,538 | xffl.distributed.aggregation |     INFO | layer_by_layer - NCCL_ALGO=collnet - NCCL_PROTO=SIMPLE - Multiple CUDA streams False, Contiguous memory False:
 Average communication time over 3 iterations: 2.17 (max/real adjusted throughput: 107.40/103.84 Gb/s - Max GPU RAM allocated: 16.06 GB)[0m
[38;20m2025-08-02 04:34:15,540 | xffl.distributed.aggregation |     INFO | layer_by_layer - NCCL_ALGO=collnet - NCCL_PROTO=SIMPLE - Multiple CUDA streams False, Contiguous memory True:
 Average communication time over 3 iterations: 2.18 (max/real adjusted throughput: 107.43/103.26 Gb/s - Max GPU RAM allocated: 16.06 GB)[0m
[38;20m2025-08-02 04:34:31,843 | xffl.distributed.aggregation |     INFO | layer_by_layer - NCCL_ALGO=collnet - NCCL_PROTO=SIMPLE - Multiple CUDA streams True, Contiguous memory False:
 Average communication time over 3 iterations: 2.07 (max/real adjusted throughput: 109.98/108.63 Gb/s - Max GPU RAM allocated: 16.06 GB)[0m
[38;20m2025-08-02 04:34:48,145 | xffl.distributed.aggregation |     INFO | layer_by_layer - NCCL_ALGO=collnet - NCCL_PROTO=SIMPLE - Multiple CUDA streams True, Contiguous memory True:
 Average communication time over 3 iterations: 2.06 (max/real adjusted throughput: 110.81/109.20 Gb/s - Max GPU RAM allocated: 16.06 GB)[0m


[38;20m2025-08-02 04:35:05,109 | xffl.distributed.aggregation |     INFO | layer_by_layer - NCCL_ALGO=collnet - NCCL_PROTO=LL - Multiple CUDA streams False, Contiguous memory False:
 Average communication time over 3 iterations: 2.17 (max/real adjusted throughput: 107.56/103.47 Gb/s - Max GPU RAM allocated: 16.06 GB)[0m
[38;20m2025-08-02 04:35:22,221 | xffl.distributed.aggregation |     INFO | layer_by_layer - NCCL_ALGO=collnet - NCCL_PROTO=LL - Multiple CUDA streams False, Contiguous memory True:
 Average communication time over 3 iterations: 2.20 (max/real adjusted throughput: 107.13/102.42 Gb/s - Max GPU RAM allocated: 16.06 GB)[0m
[38;20m2025-08-02 04:35:38,447 | xffl.distributed.aggregation |     INFO | layer_by_layer - NCCL_ALGO=collnet - NCCL_PROTO=LL - Multiple CUDA streams True, Contiguous memory False:
 Average communication time over 3 iterations: 2.02 (max/real adjusted throughput: 110.10/111.22 Gb/s - Max GPU RAM allocated: 16.06 GB)[0m
[38;20m2025-08-02 04:35:54,599 | xffl.distributed.aggregation |     INFO | layer_by_layer - NCCL_ALGO=collnet - NCCL_PROTO=LL - Multiple CUDA streams True, Contiguous memory True:
 Average communication time over 3 iterations: 2.01 (max/real adjusted throughput: 111.74/112.00 Gb/s - Max GPU RAM allocated: 16.06 GB)[0m


[38;20m2025-08-02 04:36:11,545 | xffl.distributed.aggregation |     INFO | layer_by_layer - NCCL_ALGO=collnet - NCCL_PROTO=LL128 - Multiple CUDA streams False, Contiguous memory False:
 Average communication time over 3 iterations: 2.15 (max/real adjusted throughput: 108.10/104.57 Gb/s - Max GPU RAM allocated: 16.06 GB)[0m
[38;20m2025-08-02 04:36:28,641 | xffl.distributed.aggregation |     INFO | layer_by_layer - NCCL_ALGO=collnet - NCCL_PROTO=LL128 - Multiple CUDA streams False, Contiguous memory True:
 Average communication time over 3 iterations: 2.13 (max/real adjusted throughput: 106.31/105.59 Gb/s - Max GPU RAM allocated: 16.06 GB)[0m
[38;20m2025-08-02 04:36:44,702 | xffl.distributed.aggregation |     INFO | layer_by_layer - NCCL_ALGO=collnet - NCCL_PROTO=LL128 - Multiple CUDA streams True, Contiguous memory False:
 Average communication time over 3 iterations: 1.99 (max/real adjusted throughput: 111.80/112.72 Gb/s - Max GPU RAM allocated: 16.06 GB)[0m
[38;20m2025-08-02 04:37:00,688 | xffl.distributed.aggregation |     INFO | layer_by_layer - NCCL_ALGO=collnet - NCCL_PROTO=LL128 - Multiple CUDA streams True, Contiguous memory True:
 Average communication time over 3 iterations: 1.98 (max/real adjusted throughput: 110.69/113.36 Gb/s - Max GPU RAM allocated: 16.06 GB)[0m


[38;20m2025-08-02 04:37:17,701 | xffl.distributed.aggregation |     INFO | layer_by_layer - NCCL_ALGO=collnetchain - NCCL_PROTO=SIMPLE - Multiple CUDA streams False, Contiguous memory False:
 Average communication time over 3 iterations: 2.09 (max/real adjusted throughput: 105.68/107.56 Gb/s - Max GPU RAM allocated: 16.06 GB)[0m
[38;20m2025-08-02 04:37:34,863 | xffl.distributed.aggregation |     INFO | layer_by_layer - NCCL_ALGO=collnetchain - NCCL_PROTO=SIMPLE - Multiple CUDA streams False, Contiguous memory True:
 Average communication time over 3 iterations: 2.10 (max/real adjusted throughput: 102.41/107.10 Gb/s - Max GPU RAM allocated: 16.06 GB)[0m
[38;20m2025-08-02 04:37:51,114 | xffl.distributed.aggregation |     INFO | layer_by_layer - NCCL_ALGO=collnetchain - NCCL_PROTO=SIMPLE - Multiple CUDA streams True, Contiguous memory False:
 Average communication time over 3 iterations: 2.04 (max/real adjusted throughput: 111.17/110.44 Gb/s - Max GPU RAM allocated: 16.06 GB)[0m
[38;20m2025-08-02 04:38:07,259 | xffl.distributed.aggregation |     INFO | layer_by_layer - NCCL_ALGO=collnetchain - NCCL_PROTO=SIMPLE - Multiple CUDA streams True, Contiguous memory True:
 Average communication time over 3 iterations: 2.01 (max/real adjusted throughput: 112.52/111.65 Gb/s - Max GPU RAM allocated: 16.06 GB)[0m


[38;20m2025-08-02 04:38:24,289 | xffl.distributed.aggregation |     INFO | layer_by_layer - NCCL_ALGO=collnetchain - NCCL_PROTO=LL - Multiple CUDA streams False, Contiguous memory False:
 Average communication time over 3 iterations: 2.15 (max/real adjusted throughput: 107.48/104.82 Gb/s - Max GPU RAM allocated: 16.06 GB)[0m
[38;20m2025-08-02 04:38:41,342 | xffl.distributed.aggregation |     INFO | layer_by_layer - NCCL_ALGO=collnetchain - NCCL_PROTO=LL - Multiple CUDA streams False, Contiguous memory True:
 Average communication time over 3 iterations: 2.20 (max/real adjusted throughput: 106.41/102.27 Gb/s - Max GPU RAM allocated: 16.06 GB)[0m
[38;20m2025-08-02 04:38:57,646 | xffl.distributed.aggregation |     INFO | layer_by_layer - NCCL_ALGO=collnetchain - NCCL_PROTO=LL - Multiple CUDA streams True, Contiguous memory False:
 Average communication time over 3 iterations: 2.07 (max/real adjusted throughput: 110.47/108.87 Gb/s - Max GPU RAM allocated: 16.06 GB)[0m
[38;20m2025-08-02 04:39:13,943 | xffl.distributed.aggregation |     INFO | layer_by_layer - NCCL_ALGO=collnetchain - NCCL_PROTO=LL - Multiple CUDA streams True, Contiguous memory True:
 Average communication time over 3 iterations: 2.05 (max/real adjusted throughput: 110.68/109.53 Gb/s - Max GPU RAM allocated: 16.06 GB)[0m


[38;20m2025-08-02 04:39:30,935 | xffl.distributed.aggregation |     INFO | layer_by_layer - NCCL_ALGO=collnetchain - NCCL_PROTO=LL128 - Multiple CUDA streams False, Contiguous memory False:
 Average communication time over 3 iterations: 2.17 (max/real adjusted throughput: 108.23/103.66 Gb/s - Max GPU RAM allocated: 16.06 GB)[0m
[38;20m2025-08-02 04:39:48,063 | xffl.distributed.aggregation |     INFO | layer_by_layer - NCCL_ALGO=collnetchain - NCCL_PROTO=LL128 - Multiple CUDA streams False, Contiguous memory True:
 Average communication time over 3 iterations: 2.20 (max/real adjusted throughput: 105.32/102.10 Gb/s - Max GPU RAM allocated: 16.06 GB)[0m
[38;20m2025-08-02 04:40:04,299 | xffl.distributed.aggregation |     INFO | layer_by_layer - NCCL_ALGO=collnetchain - NCCL_PROTO=LL128 - Multiple CUDA streams True, Contiguous memory False:
 Average communication time over 3 iterations: 2.05 (max/real adjusted throughput: 110.02/109.47 Gb/s - Max GPU RAM allocated: 16.06 GB)[0m
[38;20m2025-08-02 04:40:20,327 | xffl.distributed.aggregation |     INFO | layer_by_layer - NCCL_ALGO=collnetchain - NCCL_PROTO=LL128 - Multiple CUDA streams True, Contiguous memory True:
 Average communication time over 3 iterations: 2.00 (max/real adjusted throughput: 113.12/112.47 Gb/s - Max GPU RAM allocated: 16.06 GB)[0m


[38;20m2025-08-02 04:40:37,492 | xffl.distributed.aggregation |     INFO | layer_by_layer - NCCL_ALGO=collnetdirect - NCCL_PROTO=SIMPLE - Multiple CUDA streams False, Contiguous memory False:
 Average communication time over 3 iterations: 2.18 (max/real adjusted throughput: 107.64/103.35 Gb/s - Max GPU RAM allocated: 16.06 GB)[0m
[38;20m2025-08-02 04:40:54,322 | xffl.distributed.aggregation |     INFO | layer_by_layer - NCCL_ALGO=collnetdirect - NCCL_PROTO=SIMPLE - Multiple CUDA streams False, Contiguous memory True:
 Average communication time over 3 iterations: 2.08 (max/real adjusted throughput: 105.57/108.04 Gb/s - Max GPU RAM allocated: 16.06 GB)[0m
[38;20m2025-08-02 04:41:10,422 | xffl.distributed.aggregation |     INFO | layer_by_layer - NCCL_ALGO=collnetdirect - NCCL_PROTO=SIMPLE - Multiple CUDA streams True, Contiguous memory False:
 Average communication time over 3 iterations: 2.01 (max/real adjusted throughput: 111.78/112.09 Gb/s - Max GPU RAM allocated: 16.06 GB)[0m
[38;20m2025-08-02 04:41:26,535 | xffl.distributed.aggregation |     INFO | layer_by_layer - NCCL_ALGO=collnetdirect - NCCL_PROTO=SIMPLE - Multiple CUDA streams True, Contiguous memory True:
 Average communication time over 3 iterations: 2.00 (max/real adjusted throughput: 112.70/112.31 Gb/s - Max GPU RAM allocated: 16.06 GB)[0m


[38;20m2025-08-02 04:41:43,441 | xffl.distributed.aggregation |     INFO | layer_by_layer - NCCL_ALGO=collnetdirect - NCCL_PROTO=LL - Multiple CUDA streams False, Contiguous memory False:
 Average communication time over 3 iterations: 2.07 (max/real adjusted throughput: 104.72/108.53 Gb/s - Max GPU RAM allocated: 16.06 GB)[0m
[38;20m2025-08-02 04:42:00,351 | xffl.distributed.aggregation |     INFO | layer_by_layer - NCCL_ALGO=collnetdirect - NCCL_PROTO=LL - Multiple CUDA streams False, Contiguous memory True:
 Average communication time over 3 iterations: 2.13 (max/real adjusted throughput: 105.29/105.77 Gb/s - Max GPU RAM allocated: 16.06 GB)[0m
[38;20m2025-08-02 04:42:16,525 | xffl.distributed.aggregation |     INFO | layer_by_layer - NCCL_ALGO=collnetdirect - NCCL_PROTO=LL - Multiple CUDA streams True, Contiguous memory False:
 Average communication time over 3 iterations: 2.03 (max/real adjusted throughput: 110.20/110.92 Gb/s - Max GPU RAM allocated: 16.06 GB)[0m
[38;20m2025-08-02 04:42:32,573 | xffl.distributed.aggregation |     INFO | layer_by_layer - NCCL_ALGO=collnetdirect - NCCL_PROTO=LL - Multiple CUDA streams True, Contiguous memory True:
 Average communication time over 3 iterations: 1.99 (max/real adjusted throughput: 111.49/112.81 Gb/s - Max GPU RAM allocated: 16.06 GB)[0m


[38;20m2025-08-02 04:42:49,697 | xffl.distributed.aggregation |     INFO | layer_by_layer - NCCL_ALGO=collnetdirect - NCCL_PROTO=LL128 - Multiple CUDA streams False, Contiguous memory False:
 Average communication time over 3 iterations: 2.14 (max/real adjusted throughput: 107.23/104.97 Gb/s - Max GPU RAM allocated: 16.06 GB)[0m
[38;20m2025-08-02 04:43:06,533 | xffl.distributed.aggregation |     INFO | layer_by_layer - NCCL_ALGO=collnetdirect - NCCL_PROTO=LL128 - Multiple CUDA streams False, Contiguous memory True:
 Average communication time over 3 iterations: 2.06 (max/real adjusted throughput: 106.39/109.29 Gb/s - Max GPU RAM allocated: 16.06 GB)[0m
[38;20m2025-08-02 04:43:22,250 | xffl.distributed.aggregation |     INFO | layer_by_layer - NCCL_ALGO=collnetdirect - NCCL_PROTO=LL128 - Multiple CUDA streams True, Contiguous memory False:
 Average communication time over 3 iterations: 1.99 (max/real adjusted throughput: 116.44/112.98 Gb/s - Max GPU RAM allocated: 16.06 GB)[0m
[38;20m2025-08-02 04:43:37,865 | xffl.distributed.aggregation |     INFO | layer_by_layer - NCCL_ALGO=collnetdirect - NCCL_PROTO=LL128 - Multiple CUDA streams True, Contiguous memory True:
 Average communication time over 3 iterations: 1.96 (max/real adjusted throughput: 114.89/114.68 Gb/s - Max GPU RAM allocated: 16.06 GB)[0m


[38;20m2025-08-02 04:43:53,340 | xffl.distributed.aggregation |     INFO | layer_by_layer - NCCL_ALGO=nvls - NCCL_PROTO=SIMPLE - Multiple CUDA streams False, Contiguous memory False:
 Average communication time over 3 iterations: 1.96 (max/real adjusted throughput: 118.20/114.51 Gb/s - Max GPU RAM allocated: 16.06 GB)[0m
[38;20m2025-08-02 04:44:08,589 | xffl.distributed.aggregation |     INFO | layer_by_layer - NCCL_ALGO=nvls - NCCL_PROTO=SIMPLE - Multiple CUDA streams False, Contiguous memory True:
 Average communication time over 3 iterations: 1.90 (max/real adjusted throughput: 118.35/118.11 Gb/s - Max GPU RAM allocated: 16.06 GB)[0m
[38;20m2025-08-02 04:44:24,054 | xffl.distributed.aggregation |     INFO | layer_by_layer - NCCL_ALGO=nvls - NCCL_PROTO=SIMPLE - Multiple CUDA streams True, Contiguous memory False:
 Average communication time over 3 iterations: 1.93 (max/real adjusted throughput: 116.41/116.52 Gb/s - Max GPU RAM allocated: 16.06 GB)[0m
[38;20m2025-08-02 04:44:39,549 | xffl.distributed.aggregation |     INFO | layer_by_layer - NCCL_ALGO=nvls - NCCL_PROTO=SIMPLE - Multiple CUDA streams True, Contiguous memory True:
 Average communication time over 3 iterations: 1.93 (max/real adjusted throughput: 115.41/116.54 Gb/s - Max GPU RAM allocated: 16.06 GB)[0m


[38;20m2025-08-02 04:44:55,021 | xffl.distributed.aggregation |     INFO | layer_by_layer - NCCL_ALGO=nvls - NCCL_PROTO=LL - Multiple CUDA streams False, Contiguous memory False:
 Average communication time over 3 iterations: 1.91 (max/real adjusted throughput: 113.52/118.02 Gb/s - Max GPU RAM allocated: 16.06 GB)[0m
[38;20m2025-08-02 04:45:12,023 | xffl.distributed.aggregation |     INFO | layer_by_layer - NCCL_ALGO=nvls - NCCL_PROTO=LL - Multiple CUDA streams False, Contiguous memory True:
 Average communication time over 3 iterations: 2.12 (max/real adjusted throughput: 101.51/105.98 Gb/s - Max GPU RAM allocated: 16.06 GB)[0m
[38;20m2025-08-02 04:45:27,919 | xffl.distributed.aggregation |     INFO | layer_by_layer - NCCL_ALGO=nvls - NCCL_PROTO=LL - Multiple CUDA streams True, Contiguous memory False:
 Average communication time over 3 iterations: 1.98 (max/real adjusted throughput: 112.44/113.70 Gb/s - Max GPU RAM allocated: 16.06 GB)[0m
[38;20m2025-08-02 04:45:44,037 | xffl.distributed.aggregation |     INFO | layer_by_layer - NCCL_ALGO=nvls - NCCL_PROTO=LL - Multiple CUDA streams True, Contiguous memory True:
 Average communication time over 3 iterations: 2.00 (max/real adjusted throughput: 112.26/112.42 Gb/s - Max GPU RAM allocated: 16.06 GB)[0m


[38;20m2025-08-02 04:46:01,075 | xffl.distributed.aggregation |     INFO | layer_by_layer - NCCL_ALGO=nvls - NCCL_PROTO=LL128 - Multiple CUDA streams False, Contiguous memory False:
 Average communication time over 3 iterations: 2.16 (max/real adjusted throughput: 107.72/103.89 Gb/s - Max GPU RAM allocated: 16.06 GB)[0m
[38;20m2025-08-02 04:46:18,184 | xffl.distributed.aggregation |     INFO | layer_by_layer - NCCL_ALGO=nvls - NCCL_PROTO=LL128 - Multiple CUDA streams False, Contiguous memory True:
 Average communication time over 3 iterations: 2.17 (max/real adjusted throughput: 104.99/103.53 Gb/s - Max GPU RAM allocated: 16.06 GB)[0m
[38;20m2025-08-02 04:46:34,607 | xffl.distributed.aggregation |     INFO | layer_by_layer - NCCL_ALGO=nvls - NCCL_PROTO=LL128 - Multiple CUDA streams True, Contiguous memory False:
 Average communication time over 3 iterations: 2.08 (max/real adjusted throughput: 109.57/108.10 Gb/s - Max GPU RAM allocated: 16.06 GB)[0m
[38;20m2025-08-02 04:46:50,986 | xffl.distributed.aggregation |     INFO | layer_by_layer - NCCL_ALGO=nvls - NCCL_PROTO=LL128 - Multiple CUDA streams True, Contiguous memory True:
 Average communication time over 3 iterations: 2.08 (max/real adjusted throughput: 110.74/108.10 Gb/s - Max GPU RAM allocated: 16.06 GB)[0m


[38;20m2025-08-02 04:47:08,125 | xffl.distributed.aggregation |     INFO | layer_by_layer - NCCL_ALGO=nvlstree - NCCL_PROTO=SIMPLE - Multiple CUDA streams False, Contiguous memory False:
 Average communication time over 3 iterations: 2.15 (max/real adjusted throughput: 105.89/104.72 Gb/s - Max GPU RAM allocated: 16.06 GB)[0m
[38;20m2025-08-02 04:47:25,207 | xffl.distributed.aggregation |     INFO | layer_by_layer - NCCL_ALGO=nvlstree - NCCL_PROTO=SIMPLE - Multiple CUDA streams False, Contiguous memory True:
 Average communication time over 3 iterations: 2.17 (max/real adjusted throughput: 105.41/103.44 Gb/s - Max GPU RAM allocated: 16.06 GB)[0m
[38;20m2025-08-02 04:47:41,247 | xffl.distributed.aggregation |     INFO | layer_by_layer - NCCL_ALGO=nvlstree - NCCL_PROTO=SIMPLE - Multiple CUDA streams True, Contiguous memory False:
 Average communication time over 3 iterations: 2.00 (max/real adjusted throughput: 111.98/112.55 Gb/s - Max GPU RAM allocated: 16.06 GB)[0m
[38;20m2025-08-02 04:47:57,582 | xffl.distributed.aggregation |     INFO | layer_by_layer - NCCL_ALGO=nvlstree - NCCL_PROTO=SIMPLE - Multiple CUDA streams True, Contiguous memory True:
 Average communication time over 3 iterations: 2.05 (max/real adjusted throughput: 108.80/109.75 Gb/s - Max GPU RAM allocated: 16.06 GB)[0m


[38;20m2025-08-02 04:48:14,503 | xffl.distributed.aggregation |     INFO | layer_by_layer - NCCL_ALGO=nvlstree - NCCL_PROTO=LL - Multiple CUDA streams False, Contiguous memory False:
 Average communication time over 3 iterations: 2.12 (max/real adjusted throughput: 106.72/106.02 Gb/s - Max GPU RAM allocated: 16.06 GB)[0m
[38;20m2025-08-02 04:48:31,726 | xffl.distributed.aggregation |     INFO | layer_by_layer - NCCL_ALGO=nvlstree - NCCL_PROTO=LL - Multiple CUDA streams False, Contiguous memory True:
 Average communication time over 3 iterations: 2.13 (max/real adjusted throughput: 103.80/105.61 Gb/s - Max GPU RAM allocated: 16.06 GB)[0m
[38;20m2025-08-02 04:48:47,963 | xffl.distributed.aggregation |     INFO | layer_by_layer - NCCL_ALGO=nvlstree - NCCL_PROTO=LL - Multiple CUDA streams True, Contiguous memory False:
 Average communication time over 3 iterations: 2.04 (max/real adjusted throughput: 110.53/110.29 Gb/s - Max GPU RAM allocated: 16.06 GB)[0m
[38;20m2025-08-02 04:49:04,413 | xffl.distributed.aggregation |     INFO | layer_by_layer - NCCL_ALGO=nvlstree - NCCL_PROTO=LL - Multiple CUDA streams True, Contiguous memory True:
 Average communication time over 3 iterations: 2.05 (max/real adjusted throughput: 107.59/109.66 Gb/s - Max GPU RAM allocated: 16.06 GB)[0m


[38;20m2025-08-02 04:49:21,455 | xffl.distributed.aggregation |     INFO | layer_by_layer - NCCL_ALGO=nvlstree - NCCL_PROTO=LL128 - Multiple CUDA streams False, Contiguous memory False:
 Average communication time over 3 iterations: 2.10 (max/real adjusted throughput: 104.74/107.14 Gb/s - Max GPU RAM allocated: 16.06 GB)[0m
[38;20m2025-08-02 04:49:38,386 | xffl.distributed.aggregation |     INFO | layer_by_layer - NCCL_ALGO=nvlstree - NCCL_PROTO=LL128 - Multiple CUDA streams False, Contiguous memory True:
 Average communication time over 3 iterations: 2.08 (max/real adjusted throughput: 104.31/107.97 Gb/s - Max GPU RAM allocated: 16.06 GB)[0m
[38;20m2025-08-02 04:49:54,564 | xffl.distributed.aggregation |     INFO | layer_by_layer - NCCL_ALGO=nvlstree - NCCL_PROTO=LL128 - Multiple CUDA streams True, Contiguous memory False:
 Average communication time over 3 iterations: 2.01 (max/real adjusted throughput: 109.72/112.04 Gb/s - Max GPU RAM allocated: 16.06 GB)[0m
[38;20m2025-08-02 04:50:10,675 | xffl.distributed.aggregation |     INFO | layer_by_layer - NCCL_ALGO=nvlstree - NCCL_PROTO=LL128 - Multiple CUDA streams True, Contiguous memory True:
 Average communication time over 3 iterations: 2.00 (max/real adjusted throughput: 111.31/112.47 Gb/s - Max GPU RAM allocated: 16.06 GB)[0m


[38;20m2025-08-02 04:50:27,629 | xffl.distributed.aggregation |     INFO | layer_by_layer - NCCL_ALGO=pat - NCCL_PROTO=SIMPLE - Multiple CUDA streams False, Contiguous memory False:
 Average communication time over 3 iterations: 2.09 (max/real adjusted throughput: 107.84/107.79 Gb/s - Max GPU RAM allocated: 16.06 GB)[0m
[38;20m2025-08-02 04:50:44,635 | xffl.distributed.aggregation |     INFO | layer_by_layer - NCCL_ALGO=pat - NCCL_PROTO=SIMPLE - Multiple CUDA streams False, Contiguous memory True:
 Average communication time over 3 iterations: 2.08 (max/real adjusted throughput: 107.53/108.19 Gb/s - Max GPU RAM allocated: 16.06 GB)[0m
[38;20m2025-08-02 04:51:00,605 | xffl.distributed.aggregation |     INFO | layer_by_layer - NCCL_ALGO=pat - NCCL_PROTO=SIMPLE - Multiple CUDA streams True, Contiguous memory False:
 Average communication time over 3 iterations: 2.01 (max/real adjusted throughput: 113.83/112.00 Gb/s - Max GPU RAM allocated: 16.06 GB)[0m
[38;20m2025-08-02 04:51:16,912 | xffl.distributed.aggregation |     INFO | layer_by_layer - NCCL_ALGO=pat - NCCL_PROTO=SIMPLE - Multiple CUDA streams True, Contiguous memory True:
 Average communication time over 3 iterations: 2.08 (max/real adjusted throughput: 110.53/108.32 Gb/s - Max GPU RAM allocated: 16.06 GB)[0m


[38;20m2025-08-02 04:51:33,846 | xffl.distributed.aggregation |     INFO | layer_by_layer - NCCL_ALGO=pat - NCCL_PROTO=LL - Multiple CUDA streams False, Contiguous memory False:
 Average communication time over 3 iterations: 2.17 (max/real adjusted throughput: 108.24/103.77 Gb/s - Max GPU RAM allocated: 16.06 GB)[0m
[38;20m2025-08-02 04:51:50,944 | xffl.distributed.aggregation |     INFO | layer_by_layer - NCCL_ALGO=pat - NCCL_PROTO=LL - Multiple CUDA streams False, Contiguous memory True:
 Average communication time over 3 iterations: 2.19 (max/real adjusted throughput: 108.45/102.45 Gb/s - Max GPU RAM allocated: 16.06 GB)[0m
[38;20m2025-08-02 04:52:07,107 | xffl.distributed.aggregation |     INFO | layer_by_layer - NCCL_ALGO=pat - NCCL_PROTO=LL - Multiple CUDA streams True, Contiguous memory False:
 Average communication time over 3 iterations: 2.02 (max/real adjusted throughput: 110.26/111.19 Gb/s - Max GPU RAM allocated: 16.06 GB)[0m
[38;20m2025-08-02 04:52:23,091 | xffl.distributed.aggregation |     INFO | layer_by_layer - NCCL_ALGO=pat - NCCL_PROTO=LL - Multiple CUDA streams True, Contiguous memory True:
 Average communication time over 3 iterations: 2.04 (max/real adjusted throughput: 113.15/110.44 Gb/s - Max GPU RAM allocated: 16.06 GB)[0m


[38;20m2025-08-02 04:52:40,023 | xffl.distributed.aggregation |     INFO | layer_by_layer - NCCL_ALGO=pat - NCCL_PROTO=LL128 - Multiple CUDA streams False, Contiguous memory False:
 Average communication time over 3 iterations: 2.17 (max/real adjusted throughput: 108.87/103.55 Gb/s - Max GPU RAM allocated: 16.06 GB)[0m
