lrdn0757:1521334:1521425 [0] NCCL INFO Channel 52/64 : 0
lrdn0757:1521334:1521425 [0] NCCL INFO Channel 53/64 : 0
lrdn0757:1521334:1521425 [0] NCCL INFO Channel 54/64 : 0
lrdn0757:1521334:1521425 [0] NCCL INFO Channel 55/64 : 0
lrdn0757:1521334:1521425 [0] NCCL INFO Channel 56/64 : 0
lrdn0757:1521334:1521425 [0] NCCL INFO Channel 57/64 : 0
lrdn0757:1521334:1521425 [0] NCCL INFO Channel 58/64 : 0
lrdn0757:1521334:1521425 [0] NCCL INFO Channel 59/64 : 0
lrdn0757:1521334:1521425 [0] NCCL INFO Channel 60/64 : 0
lrdn0757:1521334:1521425 [0] NCCL INFO Channel 61/64 : 0
lrdn0757:1521334:1521425 [0] NCCL INFO Channel 62/64 : 0
lrdn0757:1521334:1521425 [0] NCCL INFO Channel 63/64 : 0
lrdn0757:1521334:1521425 [0] NCCL INFO Trees [0] -1/-1/-1->0->-1 [1] -1/-1/-1->0->-1 [2] -1/-1/-1->0->-1 [3] -1/-1/-1->0->-1 [4] -1/-1/-1->0->-1 [5] -1/-1/-1->0->-1 [6] -1/-1/-1->0->-1 [7] -1/-1/-1->0->-1 [8] -1/-1/-1->0->-1 [9] -1/-1/-1->0->-1 [10] -1/-1/-1->0->-1 [11] -1/-1/-1->0->-1 [12] -1/-1/-1->0->-1 [13] -1/-1/-1->0->-1 [14] -1/-1/-1->0->-1 [15] -1/-1/-1->0->-1 [16] -1/-1/-1->0->-1 [17] -1/-1/-1->0->-1 [18] -1/-1/-1->0->-1 [19] -1/-1/-1->0->-1 [20] -1/-1/-1->0->-1 [21] -1/-1/-1->0->-1 [22] -1/-1/-1->0->-1 [23] -1/-1/-1->0->-1 [24] -1/-1/-1->0->-1 [25] -1/-1/-1->0->-1 [26] -1/-1/-1->0->-1 [27] -1/-1/-1->0->-1 [28] -1/-1/-1->0->-1 [29] -1/-1/-1->0->-1 [30] -1/-1/-1->0->-1 [31] -1/-1/-1->0->-1 [32] -1/-1/-1->0->-1 [33] -1/-1/-1->0->-1 [34] -1/-1/-1->0->-1 [35] -1/-1/-1->0->-1 [36] -1/-1/-1->0->-1 [37] -1/-1/-1->0->-1 [38] -1/-1/-1->0->-1 [39] -1/-1/-1->0->-1 [40] -1/-1/-1->0->-1 [41] -1/-1/-1->0->-1 [42] -1/-1/-1->0->-1 [43] -1/-1/-1->0->-1 [44] -1/-1/-1->0->-1 [45] -1/-1/-1->0->-1 [46] -1/-1/-1->0->-1 [
lrdn0757:1521334:1521425 [0] NCCL INFO P2P Chunksize set to 524288
lrdn0757:1521334:1521425 [0] NCCL INFO Check P2P Type intraNodeP2pSupport 0 directMode 0
lrdn0757:1521334:1521432 [0] NCCL INFO [Proxy Service UDS] Device 0 CPU core 13
lrdn0757:1521334:1521431 [0] NCCL INFO [Proxy Service] Device 0 CPU core 4
lrdn1124:1626469:1626561 [0] NCCL INFO TUNER/Plugin: Could not find: libnccl-tuner.so. Using internal tuner plugin.
lrdn1124:1626469:1626561 [0] NCCL INFO ncclCommInitRankConfig comm 0xe9ab100 rank 0 nranks 1 cudaDev 0 nvmlDev 0 busId 1d000 commId 0x4df7fafa2aa3059e - Init COMPLETE
lrdn1124:1626469:1626561 [0] NCCL INFO Init timings - ncclCommInitRankConfig: rank 0 nranks 1 total 0.25 (kernels 0.15, alloc 0.06, bootstrap 0.00, allgathers 0.00, topo 0.02, graphs 0.00, connections 0.01, rest 0.00)
lrdn1206:1547777:1547868 [0] NCCL INFO TUNER/Plugin: Could not find: libnccl-tuner.so. Using internal tuner plugin.
lrdn1206:1547777:1547868 [0] NCCL INFO ncclCommInitRankConfig comm 0xdd8d520 rank 0 nranks 1 cudaDev 0 nvmlDev 0 busId 1d000 commId 0xf63826f3083cc5eb - Init COMPLETE
lrdn1206:1547777:1547868 [0] NCCL INFO Init timings - ncclCommInitRankConfig: rank 0 nranks 1 total 0.25 (kernels 0.15, alloc 0.06, bootstrap 0.00, allgathers 0.00, topo 0.02, graphs 0.00, connections 0.01, rest 0.01)
lrdn1218:1776591:1776683 [0] NCCL INFO NCCL_P2P_LEVEL set by environment to SYS
lrdn1218:1776591:1776683 [0] NCCL INFO Setting affinity for GPU 0 to ffff
lrdn1218:1776591:1776683 [0] NCCL INFO comm 0xdade2b0 rank 0 nRanks 1 nNodes 1 localRanks 1 localRank 0 MNNVL 0
lrdn1218:1776591:1776683 [0] NCCL INFO Channel 00/64 : 0
lrdn1218:1776591:1776683 [0] NCCL INFO Channel 01/64 : 0
lrdn1218:1776591:1776683 [0] NCCL INFO Channel 02/64 : 0
lrdn1218:1776591:1776683 [0] NCCL INFO Channel 03/64 : 0
lrdn1218:1776591:1776683 [0] NCCL INFO Channel 04/64 : 0
lrdn1218:1776591:1776683 [0] NCCL INFO Channel 05/64 : 0
lrdn1218:1776591:1776683 [0] NCCL INFO Channel 06/64 : 0
lrdn1218:1776591:1776683 [0] NCCL INFO Channel 07/64 : 0
lrdn1218:1776591:1776683 [0] NCCL INFO Channel 08/64 : 0
lrdn1218:1776591:1776683 [0] NCCL INFO Channel 09/64 : 0
lrdn1218:1776591:1776683 [0] NCCL INFO Channel 10/64 : 0
lrdn1218:1776591:1776683 [0] NCCL INFO Channel 11/64 : 0
lrdn1218:1776591:1776683 [0] NCCL INFO Channel 12/64 : 0
lrdn1218:1776591:1776683 [0] NCCL INFO Channel 13/64 : 0
lrdn1218:1776591:1776683 [0] NCCL INFO Channel 14/64 : 0
lrdn1218:1776591:1776683 [0] NCCL INFO Channel 15/64 : 0
lrdn1218:1776591:1776683 [0] NCCL INFO Channel 16/64 : 0
lrdn1218:1776591:1776683 [0] NCCL INFO Channel 17/64 : 0
lrdn1218:1776591:1776683 [0] NCCL INFO Channel 18/64 : 0
lrdn1218:1776591:1776683 [0] NCCL INFO Channel 19/64 : 0
lrdn1218:1776591:1776683 [0] NCCL INFO Channel 20/64 : 0
lrdn1218:1776591:1776683 [0] NCCL INFO Channel 21/64 : 0
lrdn1218:1776591:1776683 [0] NCCL INFO Channel 22/64 : 0
lrdn1218:1776591:1776683 [0] NCCL INFO Channel 23/64 : 0
lrdn1218:1776591:1776683 [0] NCCL INFO Channel 24/64 : 0
lrdn1218:1776591:1776683 [0] NCCL INFO Channel 25/64 : 0
lrdn1218:1776591:1776683 [0] NCCL INFO Channel 26/64 : 0
lrdn1218:1776591:1776683 [0] NCCL INFO Channel 27/64 : 0
lrdn1218:1776591:1776683 [0] NCCL INFO Channel 28/64 : 0
lrdn1218:1776591:1776683 [0] NCCL INFO Channel 29/64 : 0
lrdn1218:1776591:1776683 [0] NCCL INFO Channel 30/64 : 0
lrdn1218:1776591:1776683 [0] NCCL INFO Channel 31/64 : 0
lrdn1218:1776591:1776683 [0] NCCL INFO Channel 32/64 : 0
lrdn1218:1776591:1776683 [0] NCCL INFO Channel 33/64 : 0
lrdn1218:1776591:1776683 [0] NCCL INFO Channel 34/64 : 0
lrdn1218:1776591:1776683 [0] NCCL INFO Channel 35/64 : 0
lrdn1218:1776591:1776683 [0] NCCL INFO Channel 36/64 : 0
lrdn1218:1776591:1776683 [0] NCCL INFO Channel 37/64 : 0
lrdn1218:1776591:1776683 [0] NCCL INFO Channel 38/64 : 0
lrdn1218:1776591:1776683 [0] NCCL INFO Channel 39/64 : 0
lrdn1218:1776591:1776683 [0] NCCL INFO Channel 40/64 : 0
lrdn1218:1776591:1776683 [0] NCCL INFO Channel 41/64 : 0
lrdn1218:1776591:1776683 [0] NCCL INFO Channel 42/64 : 0
lrdn1218:1776591:1776683 [0] NCCL INFO Channel 43/64 : 0
lrdn1218:1776591:1776683 [0] NCCL INFO Channel 44/64 : 0
lrdn1218:1776591:1776683 [0] NCCL INFO Channel 45/64 : 0
lrdn1218:1776591:1776683 [0] NCCL INFO Channel 46/64 : 0
lrdn1218:1776591:1776683 [0] NCCL INFO Channel 47/64 : 0
lrdn1218:1776591:1776683 [0] NCCL INFO Channel 48/64 : 0
lrdn1218:1776591:1776683 [0] NCCL INFO Channel 49/64 : 0
lrdn1218:1776591:1776683 [0] NCCL INFO Channel 50/64 : 0
lrdn1218:1776591:1776683 [0] NCCL INFO Channel 51/64 : 0
lrdn1218:1776591:1776683 [0] NCCL INFO Channel 52/64 : 0
lrdn1218:1776591:1776683 [0] NCCL INFO Channel 53/64 : 0
lrdn1218:1776591:1776683 [0] NCCL INFO Channel 54/64 : 0
lrdn1218:1776591:1776683 [0] NCCL INFO Channel 55/64 : 0
lrdn1218:1776591:1776683 [0] NCCL INFO Channel 56/64 : 0
lrdn1218:1776591:1776683 [0] NCCL INFO Channel 57/64 : 0
lrdn1218:1776591:1776683 [0] NCCL INFO Channel 58/64 : 0
lrdn1218:1776591:1776683 [0] NCCL INFO Channel 59/64 : 0
lrdn1218:1776591:1776683 [0] NCCL INFO Channel 60/64 : 0
lrdn1218:1776591:1776683 [0] NCCL INFO Channel 61/64 : 0
lrdn1218:1776591:1776683 [0] NCCL INFO Channel 62/64 : 0
lrdn1218:1776591:1776683 [0] NCCL INFO Channel 63/64 : 0
lrdn1218:1776591:1776683 [0] NCCL INFO Trees [0] -1/-1/-1->0->-1 [1] -1/-1/-1->0->-1 [2] -1/-1/-1->0->-1 [3] -1/-1/-1->0->-1 [4] -1/-1/-1->0->-1 [5] -1/-1/-1->0->-1 [6] -1/-1/-1->0->-1 [7] -1/-1/-1->0->-1 [8] -1/-1/-1->0->-1 [9] -1/-1/-1->0->-1 [10] -1/-1/-1->0->-1 [11] -1/-1/-1->0->-1 [12] -1/-1/-1->0->-1 [13] -1/-1/-1->0->-1 [14] -1/-1/-1->0->-1 [15] -1/-1/-1->0->-1 [16] -1/-1/-1->0->-1 [17] -1/-1/-1->0->-1 [18] -1/-1/-1->0->-1 [19] -1/-1/-1->0->-1 [20] -1/-1/-1->0->-1 [21] -1/-1/-1->0->-1 [22] -1/-1/-1->0->-1 [23] -1/-1/-1->0->-1 [24] -1/-1/-1->0->-1 [25] -1/-1/-1->0->-1 [26] -1/-1/-1->0->-1 [27] -1/-1/-1->0->-1 [28] -1/-1/-1->0->-1 [29] -1/-1/-1->0->-1 [30] -1/-1/-1->0->-1 [31] -1/-1/-1->0->-1 [32] -1/-1/-1->0->-1 [33] -1/-1/-1->0->-1 [34] -1/-1/-1->0->-1 [35] -1/-1/-1->0->-1 [36] -1/-1/-1->0->-1 [37] -1/-1/-1->0->-1 [38] -1/-1/-1->0->-1 [39] -1/-1/-1->0->-1 [40] -1/-1/-1->0->-1 [41] -1/-1/-1->0->-1 [42] -1/-1/-1->0->-1 [43] -1/-1/-1->0->-1 [44] -1/-1/-1->0->-1 [45] -1/-1/-1->0->-1 [46] -1/-1/-1->0->-1 [
lrdn1218:1776591:1776683 [0] NCCL INFO P2P Chunksize set to 524288
lrdn1218:1776591:1776683 [0] NCCL INFO Check P2P Type intraNodeP2pSupport 0 directMode 0
lrdn1218:1776591:1776690 [0] NCCL INFO [Proxy Service UDS] Device 0 CPU core 4
lrdn1218:1776591:1776689 [0] NCCL INFO [Proxy Service] Device 0 CPU core 3
lrdn0757:1521334:1521425 [0] NCCL INFO 64 coll channels, 64 collnet channels, 0 nvls channels, 64 p2p channels, 64 p2p channels per peer
lrdn0757:1521334:1521425 [0] NCCL INFO CC Off, workFifoBytes 1048576
lrdn0757:1521334:1521425 [0] NCCL INFO TUNER/Plugin: Could not find: libnccl-tuner.so. Using internal tuner plugin.
lrdn0757:1521334:1521425 [0] NCCL INFO ncclCommInitRankConfig comm 0xcbe5740 rank 0 nranks 1 cudaDev 0 nvmlDev 0 busId 1d000 commId 0xf999b521a8bf7735 - Init COMPLETE
lrdn0757:1521334:1521425 [0] NCCL INFO Init timings - ncclCommInitRankConfig: rank 0 nranks 1 total 0.24 (kernels 0.15, alloc 0.05, bootstrap 0.00, allgathers 0.00, topo 0.02, graphs 0.00, connections 0.01, rest 0.00)
lrdn1218:1776591:1776683 [0] NCCL INFO 64 coll channels, 64 collnet channels, 0 nvls channels, 64 p2p channels, 64 p2p channels per peer
lrdn1218:1776591:1776683 [0] NCCL INFO CC Off, workFifoBytes 1048576
lrdn1218:1776591:1776683 [0] NCCL INFO TUNER/Plugin: Could not find: libnccl-tuner.so. Using internal tuner plugin.
lrdn1218:1776591:1776683 [0] NCCL INFO ncclCommInitRankConfig comm 0xdade2b0 rank 0 nranks 1 cudaDev 0 nvmlDev 0 busId 1d000 commId 0x94d40ff301030077 - Init COMPLETE
lrdn1218:1776591:1776683 [0] NCCL INFO Init timings - ncclCommInitRankConfig: rank 0 nranks 1 total 0.25 (kernels 0.15, alloc 0.06, bootstrap 0.00, allgathers 0.00, topo 0.02, graphs 0.00, connections 0.01, rest 0.01)
[38;5;39m2025-08-02 00:12:45,647 |         __main__ |    DEBUG | FSDP wrapping setup time: 7.65 seconds[0m
[38;5;39m2025-08-02 00:12:45,660 |         __main__ |    DEBUG | Total setup time: 21.80 seconds[0m
[38;5;39m2025-08-02 00:12:45,660 |         __main__ |    DEBUG | GPU RAM allocated before training: 16.06 GB[0m


lrdn0708:3048046:3048046 [0] NCCL INFO Comm config Blocking set to 1
lrdn0708:3048046:3048149 [0] NCCL INFO Using network IB
lrdn0708:3048046:3048149 [0] NCCL INFO ncclCommInitRankConfig comm 0x229ad010 rank 0 nranks 16 cudaDev 0 nvmlDev 0 busId 1d000 commId 0xb95372ae918cf2bf - Init START
lrdn0836:1477025:1477025 [0] NCCL INFO Comm config Blocking set to 1
lrdn0805:1354481:1354481 [0] NCCL INFO Comm config Blocking set to 1
lrdn0780:1321542:1321542 [0] NCCL INFO Comm config Blocking set to 1
lrdn0780:1321542:1321640 [0] NCCL INFO Using network IB
lrdn1138:684929:684929 [0] NCCL INFO Comm config Blocking set to 1
lrdn0757:1521334:1521334 [0] NCCL INFO Comm config Blocking set to 1
lrdn0824:1054616:1054616 [0] NCCL INFO Comm config Blocking set to 1
lrdn0836:1477025:1477125 [0] NCCL INFO Using network IB
lrdn0836:1477025:1477125 [0] NCCL INFO ncclCommInitRankConfig comm 0x21ed7e70 rank 6 nranks 16 cudaDev 0 nvmlDev 0 busId 1d000 commId 0xb95372ae918cf2bf - Init START
lrdn1218:1776591:1776591 [0] NCCL INFO Comm config Blocking set to 1
lrdn1226:1654681:1654681 [0] NCCL INFO Comm config Blocking set to 1
lrdn0853:1717580:1717580 [0] NCCL INFO Comm config Blocking set to 1
lrdn0805:1354481:1354583 [0] NCCL INFO Using network IB
lrdn0780:1321542:1321640 [0] NCCL INFO ncclCommInitRankConfig comm 0x224699f0 rank 3 nranks 16 cudaDev 0 nvmlDev 0 busId 1d000 commId 0xb95372ae918cf2bf - Init START
lrdn1124:1626469:1626469 [0] NCCL INFO Comm config Blocking set to 1
lrdn1206:1547777:1547777 [0] NCCL INFO Comm config Blocking set to 1
lrdn1206:1547777:1547876 [0] NCCL INFO Using network IB
lrdn1206:1547777:1547876 [0] NCCL INFO ncclCommInitRankConfig comm 0xe1d91a0 rank 13 nranks 16 cudaDev 0 nvmlDev 0 busId 1d000 commId 0xb95372ae918cf2bf - Init START
lrdn1139:2620503:2620503 [0] NCCL INFO Comm config Blocking set to 1
lrdn1139:2620503:2620606 [0] NCCL INFO Using network IB
lrdn1139:2620503:2620606 [0] NCCL INFO ncclCommInitRankConfig comm 0x174dbf50 rank 12 nranks 16 cudaDev 0 nvmlDev 0 busId 1d000 commId 0xb95372ae918cf2bf - Init START
lrdn1138:684929:685029 [0] NCCL INFO Using network IB
lrdn1138:684929:685029 [0] NCCL INFO ncclCommInitRankConfig comm 0x21b9cd90 rank 11 nranks 16 cudaDev 0 nvmlDev 0 busId 1d000 commId 0xb95372ae918cf2bf - Init START
lrdn0757:1521334:1521433 [0] NCCL INFO Using network IB
lrdn0757:1521334:1521433 [0] NCCL INFO ncclCommInitRankConfig comm 0xd030d50 rank 2 nranks 16 cudaDev 0 nvmlDev 0 busId 1d000 commId 0xb95372ae918cf2bf - Init START
lrdn0824:1054616:1054715 [0] NCCL INFO Using network IB
lrdn0824:1054616:1054715 [0] NCCL INFO ncclCommInitRankConfig comm 0x2a32d0b0 rank 5 nranks 16 cudaDev 0 nvmlDev 0 busId 1d000 commId 0xb95372ae918cf2bf - Init START
lrdn1218:1776591:1776692 [0] NCCL INFO Using network IB
lrdn1218:1776591:1776692 [0] NCCL INFO ncclCommInitRankConfig comm 0xdf44c60 rank 14 nranks 16 cudaDev 0 nvmlDev 0 busId 1d000 commId 0xb95372ae918cf2bf - Init START
lrdn1226:1654681:1654779 [0] NCCL INFO Using network IB
lrdn1226:1654681:1654779 [0] NCCL INFO ncclCommInitRankConfig comm 0x2152b670 rank 15 nranks 16 cudaDev 0 nvmlDev 0 busId 1d000 commId 0xb95372ae918cf2bf - Init START
lrdn1028:895822:895822 [0] NCCL INFO Comm config Blocking set to 1
lrdn1028:895822:895923 [0] NCCL INFO Using network IB
lrdn1028:895822:895923 [0] NCCL INFO ncclCommInitRankConfig comm 0x23bae210 rank 8 nranks 16 cudaDev 0 nvmlDev 0 busId 1d000 commId 0xb95372ae918cf2bf - Init START
lrdn1093:1492163:1492163 [0] NCCL INFO Comm config Blocking set to 1
lrdn1093:1492163:1492262 [0] NCCL INFO Using network IB
lrdn1093:1492163:1492262 [0] NCCL INFO ncclCommInitRankConfig comm 0x20fe09a0 rank 9 nranks 16 cudaDev 0 nvmlDev 0 busId 1d000 commId 0xb95372ae918cf2bf - Init START
lrdn0853:1717580:1717680 [0] NCCL INFO Using network IB
lrdn0853:1717580:1717680 [0] NCCL INFO ncclCommInitRankConfig comm 0x11d3c000 rank 7 nranks 16 cudaDev 0 nvmlDev 0 busId 1d000 commId 0xb95372ae918cf2bf - Init START
lrdn0805:1354481:1354583 [0] NCCL INFO ncclCommInitRankConfig comm 0x229a1720 rank 4 nranks 16 cudaDev 0 nvmlDev 0 busId 1d000 commId 0xb95372ae918cf2bf - Init START
lrdn0745:1658235:1658235 [0] NCCL INFO Comm config Blocking set to 1
lrdn0745:1658235:1658336 [0] NCCL INFO Using network IB
lrdn0745:1658235:1658336 [0] NCCL INFO ncclCommInitRankConfig comm 0xc7b2930 rank 1 nranks 16 cudaDev 0 nvmlDev 0 busId 1d000 commId 0xb95372ae918cf2bf - Init START
lrdn1124:1626469:1626570 [0] NCCL INFO Using network IB
lrdn1124:1626469:1626570 [0] NCCL INFO ncclCommInitRankConfig comm 0x115f8ed0 rank 10 nranks 16 cudaDev 0 nvmlDev 0 busId 1d000 commId 0xb95372ae918cf2bf - Init START
lrdn1093:1492163:1492262 [0] NCCL INFO Bootstrap timings total 0.002262 (create 0.000020, send 0.000255, recv 0.000922, ring 0.000852, delay 0.000000)
lrdn1124:1626469:1626570 [0] NCCL INFO Bootstrap timings total 0.002292 (create 0.000023, send 0.000234, recv 0.000950, ring 0.000953, delay 0.000000)
lrdn1138:684929:685029 [0] NCCL INFO Bootstrap timings total 0.002393 (create 0.000022, send 0.000347, recv 0.000960, ring 0.000823, delay 0.000000)
lrdn1139:2620503:2620606 [0] NCCL INFO Bootstrap timings total 0.002440 (create 0.000022, send 0.000417, recv 0.000934, ring 0.000819, delay 0.000000)
lrdn1028:895822:895923 [0] NCCL INFO Bootstrap timings total 0.002518 (create 0.000019, send 0.000372, recv 0.000924, ring 0.001097, delay 0.000000)
lrdn1206:1547777:1547876 [0] NCCL INFO Bootstrap timings total 0.002484 (create 0.000021, send 0.000284, recv 0.000524, ring 0.000874, delay 0.000000)
lrdn0708:3048046:3048149 [0] NCCL INFO Bootstrap timings total 0.002784 (create 0.000015, send 0.000056, recv 0.000597, ring 0.001331, delay 0.000000)
lrdn1218:1776591:1776692 [0] NCCL INFO Bootstrap timings total 0.002573 (create 0.000023, send 0.000403, recv 0.000710, ring 0.001323, delay 0.000000)
lrdn0745:1658235:1658336 [0] NCCL INFO Bootstrap timings total 0.002562 (create 0.000021, send 0.000253, recv 0.000232, ring 0.001853, delay 0.000000)
lrdn0780:1321542:1321640 [0] NCCL INFO Bootstrap timings total 0.002622 (create 0.000022, send 0.000243, recv 0.000410, ring 0.001739, delay 0.000000)
lrdn0757:1521334:1521433 [0] NCCL INFO Bootstrap timings total 0.002620 (create 0.000020, send 0.000284, recv 0.000257, ring 0.001832, delay 0.000000)
lrdn1226:1654681:1654779 [0] NCCL INFO Bootstrap timings total 0.002600 (create 0.000022, send 0.000416, recv 0.000721, ring 0.001327, delay 0.000000)
lrdn0853:1717580:1717680 [0] NCCL INFO Bootstrap timings total 0.002561 (create 0.000020, send 0.000210, recv 0.000485, ring 0.001715, delay 0.000000)
lrdn0805:1354481:1354583 [0] NCCL INFO Bootstrap timings total 0.002629 (create 0.000023, send 0.000087, recv 0.000190, ring 0.001631, delay 0.000000)
lrdn0824:1054616:1054715 [0] NCCL INFO Bootstrap timings total 0.002732 (create 0.000020, send 0.000191, recv 0.000175, ring 0.002218, delay 0.000000)
lrdn0836:1477025:1477125 [0] NCCL INFO Bootstrap timings total 0.002871 (create 0.000015, send 0.000087, recv 0.000820, ring 0.001839, delay 0.000000)
lrdn1028:895822:895923 [0] NCCL INFO Setting affinity for GPU 0 to ffff
lrdn0757:1521334:1521433 [0] NCCL INFO Setting affinity for GPU 0 to ffff
lrdn0757:1521334:1521433 [0] NCCL INFO NCCL_CROSS_NIC set by environment to 1.
lrdn1028:895822:895923 [0] NCCL INFO NCCL_CROSS_NIC set by environment to 1.
lrdn0708:3048046:3048149 [0] NCCL INFO Setting affinity for GPU 0 to ffff
lrdn0708:3048046:3048149 [0] NCCL INFO NCCL_CROSS_NIC set by environment to 1.
lrdn0805:1354481:1354583 [0] NCCL INFO Setting affinity for GPU 0 to ffff
lrdn0836:1477025:1477125 [0] NCCL INFO Setting affinity for GPU 0 to ffff
lrdn0853:1717580:1717680 [0] NCCL INFO Setting affinity for GPU 0 to ffff
lrdn0853:1717580:1717680 [0] NCCL INFO NCCL_CROSS_NIC set by environment to 1.
lrdn0805:1354481:1354583 [0] NCCL INFO NCCL_CROSS_NIC set by environment to 1.
lrdn0836:1477025:1477125 [0] NCCL INFO NCCL_CROSS_NIC set by environment to 1.
lrdn1218:1776591:1776692 [0] NCCL INFO Setting affinity for GPU 0 to ffff
lrdn1218:1776591:1776692 [0] NCCL INFO NCCL_CROSS_NIC set by environment to 1.
lrdn0745:1658235:1658336 [0] NCCL INFO Setting affinity for GPU 0 to ffff
lrdn0745:1658235:1658336 [0] NCCL INFO NCCL_CROSS_NIC set by environment to 1.
lrdn0824:1054616:1054715 [0] NCCL INFO Setting affinity for GPU 0 to ffff
lrdn0780:1321542:1321640 [0] NCCL INFO Setting affinity for GPU 0 to ffff
lrdn0824:1054616:1054715 [0] NCCL INFO NCCL_CROSS_NIC set by environment to 1.
lrdn1093:1492163:1492262 [0] NCCL INFO Setting affinity for GPU 0 to ffff
lrdn1093:1492163:1492262 [0] NCCL INFO NCCL_CROSS_NIC set by environment to 1.
lrdn1226:1654681:1654779 [0] NCCL INFO Setting affinity for GPU 0 to ffff
lrdn1226:1654681:1654779 [0] NCCL INFO NCCL_CROSS_NIC set by environment to 1.
lrdn0780:1321542:1321640 [0] NCCL INFO NCCL_CROSS_NIC set by environment to 1.
lrdn1139:2620503:2620606 [0] NCCL INFO Setting affinity for GPU 0 to ffff
lrdn1206:1547777:1547876 [0] NCCL INFO Setting affinity for GPU 0 to ffff
lrdn1206:1547777:1547876 [0] NCCL INFO NCCL_CROSS_NIC set by environment to 1.
lrdn1138:684929:685029 [0] NCCL INFO Setting affinity for GPU 0 to ffff
lrdn1138:684929:685029 [0] NCCL INFO NCCL_CROSS_NIC set by environment to 1.
lrdn1124:1626469:1626570 [0] NCCL INFO Setting affinity for GPU 0 to ffff
lrdn1124:1626469:1626570 [0] NCCL INFO NCCL_CROSS_NIC set by environment to 1.
lrdn1139:2620503:2620606 [0] NCCL INFO NCCL_CROSS_NIC set by environment to 1.
lrdn0836:1477025:1477125 [0] NCCL INFO comm 0x21ed7e70 rank 6 nRanks 16 nNodes 16 localRanks 1 localRank 0 MNNVL 0
lrdn0853:1717580:1717680 [0] NCCL INFO comm 0x11d3c000 rank 7 nRanks 16 nNodes 16 localRanks 1 localRank 0 MNNVL 0
lrdn0853:1717580:1717680 [0] NCCL INFO Trees [0] -1/-1/-1->7->6 [1] -1/-1/-1->7->6 [2] 11/3/-1->7->15 [3] 11/3/-1->7->15
lrdn0853:1717580:1717680 [0] NCCL INFO P2P Chunksize set to 131072
lrdn0836:1477025:1477125 [0] NCCL INFO Trees [0] 5/7/-1->6->4 [1] 5/7/-1->6->4 [2] -1/-1/-1->6->5 [3] -1/-1/-1->6->5
lrdn0836:1477025:1477125 [0] NCCL INFO P2P Chunksize set to 131072
lrdn0824:1054616:1054715 [0] NCCL INFO comm 0x2a32d0b0 rank 5 nRanks 16 nNodes 16 localRanks 1 localRank 0 MNNVL 0
lrdn0824:1054616:1054715 [0] NCCL INFO Trees [0] -1/-1/-1->5->6 [1] -1/-1/-1->5->6 [2] 6/4/-1->5->3 [3] 6/4/-1->5->3
lrdn0824:1054616:1054715 [0] NCCL INFO P2P Chunksize set to 131072
lrdn0853:1717580:1717682 [0] NCCL INFO [Proxy Service] Device 0 CPU core 2
lrdn1138:684929:685029 [0] NCCL INFO comm 0x21b9cd90 rank 11 nRanks 16 nNodes 16 localRanks 1 localRank 0 MNNVL 0
lrdn1138:684929:685029 [0] NCCL INFO Trees [0] -1/-1/-1->11->10 [1] -1/-1/-1->11->10 [2] 13/9/-1->11->7 [3] 13/9/-1->11->7
lrdn1138:684929:685029 [0] NCCL INFO P2P Chunksize set to 131072
lrdn0853:1717580:1717683 [0] NCCL INFO [Proxy Service UDS] Device 0 CPU core 3
lrdn0836:1477025:1477126 [0] NCCL INFO [Proxy Service] Device 0 CPU core 1
lrdn0836:1477025:1477127 [0] NCCL INFO [Proxy Service UDS] Device 0 CPU core 3
lrdn1124:1626469:1626570 [0] NCCL INFO comm 0x115f8ed0 rank 10 nRanks 16 nNodes 16 localRanks 1 localRank 0 MNNVL 0
lrdn1124:1626469:1626570 [0] NCCL INFO Trees [0] 9/11/-1->10->12 [1] 9/11/-1->10->12 [2] -1/-1/-1->10->9 [3] -1/-1/-1->10->9
lrdn1124:1626469:1626570 [0] NCCL INFO P2P Chunksize set to 131072
lrdn1124:1626469:1626572 [0] NCCL INFO [Proxy Service UDS] Device 0 CPU core 2
lrdn0824:1054616:1054717 [0] NCCL INFO [Proxy Service UDS] Device 0 CPU core 2
lrdn0824:1054616:1054716 [0] NCCL INFO [Proxy Service] Device 0 CPU core 1
lrdn1206:1547777:1547876 [0] NCCL INFO comm 0xe1d91a0 rank 13 nRanks 16 nNodes 16 localRanks 1 localRank 0 MNNVL 0
lrdn1206:1547777:1547876 [0] NCCL INFO Trees [0] -1/-1/-1->13->14 [1] -1/-1/-1->13->14 [2] 14/12/-1->13->11 [3] 14/12/-1->13->11
lrdn1206:1547777:1547876 [0] NCCL INFO P2P Chunksize set to 131072
lrdn1206:1547777:1547877 [0] NCCL INFO [Proxy Service] Device 0 CPU core 2
lrdn0757:1521334:1521433 [0] NCCL INFO comm 0xd030d50 rank 2 nRanks 16 nNodes 16 localRanks 1 localRank 0 MNNVL 0
lrdn0757:1521334:1521433 [0] NCCL INFO Trees [0] 1/3/-1->2->4 [1] 1/3/-1->2->4 [2] -1/-1/-1->2->1 [3] -1/-1/-1->2->1
lrdn0757:1521334:1521433 [0] NCCL INFO P2P Chunksize set to 131072
lrdn0757:1521334:1521434 [0] NCCL INFO [Proxy Service] Device 0 CPU core 1
lrdn1218:1776591:1776692 [0] NCCL INFO comm 0xdf44c60 rank 14 nRanks 16 nNodes 16 localRanks 1 localRank 0 MNNVL 0
lrdn1218:1776591:1776692 [0] NCCL INFO Trees [0] 13/15/-1->14->12 [1] 13/15/-1->14->12 [2] -1/-1/-1->14->13 [3] -1/-1/-1->14->13
lrdn1218:1776591:1776692 [0] NCCL INFO P2P Chunksize set to 131072
lrdn1028:895822:895923 [0] NCCL INFO comm 0x23bae210 rank 8 nRanks 16 nNodes 16 localRanks 1 localRank 0 MNNVL 0
lrdn1028:895822:895923 [0] NCCL INFO Trees [0] 4/12/-1->8->0 [1] 4/12/-1->8->0 [2] -1/-1/-1->8->9 [3] -1/-1/-1->8->9
lrdn1028:895822:895923 [0] NCCL INFO P2P Chunksize set to 131072
lrdn0708:3048046:3048149 [0] NCCL INFO comm 0x229ad010 rank 0 nRanks 16 nNodes 16 localRanks 1 localRank 0 MNNVL 0
lrdn0708:3048046:3048149 [0] NCCL INFO Channel 00/04 :  0  1  2  3  4  5  6  7  8  9 10 11 12 13 14 15
lrdn0708:3048046:3048149 [0] NCCL INFO Channel 01/04 :  0  1  2  3  4  5  6  7  8  9 10 11 12 13 14 15
lrdn0708:3048046:3048149 [0] NCCL INFO Channel 02/04 :  0  1  2  3  4  5  6  7  8  9 10 11 12 13 14 15
lrdn0708:3048046:3048149 [0] NCCL INFO Channel 03/04 :  0  1  2  3  4  5  6  7  8  9 10 11 12 13 14 15
lrdn0708:3048046:3048149 [0] NCCL INFO Trees [0] 8/-1/-1->0->-1 [1] 8/-1/-1->0->-1 [2] -1/-1/-1->0->1 [3] -1/-1/-1->0->1
lrdn0708:3048046:3048149 [0] NCCL INFO P2P Chunksize set to 131072
lrdn0708:3048046:3048149 [0] NCCL INFO Check P2P Type intraNodeP2pSupport 0 directMode 0
lrdn1206:1547777:1547878 [0] NCCL INFO [Proxy Service UDS] Device 0 CPU core 3
lrdn1124:1626469:1626571 [0] NCCL INFO [Proxy Service] Device 0 CPU core 1
lrdn1138:684929:685030 [0] NCCL INFO [Proxy Service] Device 0 CPU core 2
lrdn0745:1658235:1658336 [0] NCCL INFO comm 0xc7b2930 rank 1 nRanks 16 nNodes 16 localRanks 1 localRank 0 MNNVL 0
lrdn0745:1658235:1658336 [0] NCCL INFO Trees [0] -1/-1/-1->1->2 [1] -1/-1/-1->1->2 [2] 2/0/-1->1->3 [3] 2/0/-1->1->3
lrdn0745:1658235:1658336 [0] NCCL INFO P2P Chunksize set to 131072
lrdn0745:1658235:1658338 [0] NCCL INFO [Proxy Service UDS] Device 0 CPU core 9
lrdn0745:1658235:1658337 [0] NCCL INFO [Proxy Service] Device 0 CPU core 8
lrdn1093:1492163:1492262 [0] NCCL INFO comm 0x20fe09a0 rank 9 nRanks 16 nNodes 16 localRanks 1 localRank 0 MNNVL 0
lrdn1093:1492163:1492262 [0] NCCL INFO Trees [0] -1/-1/-1->9->10 [1] -1/-1/-1->9->10 [2] 10/8/-1->9->11 [3] 10/8/-1->9->11
lrdn1093:1492163:1492262 [0] NCCL INFO P2P Chunksize set to 131072
lrdn1093:1492163:1492263 [0] NCCL INFO [Proxy Service] Device 0 CPU core 3
lrdn1093:1492163:1492264 [0] NCCL INFO [Proxy Service UDS] Device 0 CPU core 4
lrdn1138:684929:685031 [0] NCCL INFO [Proxy Service UDS] Device 0 CPU core 3
lrdn0805:1354481:1354583 [0] NCCL INFO comm 0x229a1720 rank 4 nRanks 16 nNodes 16 localRanks 1 localRank 0 MNNVL 0
lrdn0805:1354481:1354583 [0] NCCL INFO Trees [0] 2/6/-1->4->8 [1] 2/6/-1->4->8 [2] -1/-1/-1->4->5 [3] -1/-1/-1->4->5
lrdn0805:1354481:1354583 [0] NCCL INFO P2P Chunksize set to 131072
lrdn0780:1321542:1321640 [0] NCCL INFO comm 0x224699f0 rank 3 nRanks 16 nNodes 16 localRanks 1 localRank 0 MNNVL 0
lrdn0780:1321542:1321640 [0] NCCL INFO Trees [0] -1/-1/-1->3->2 [1] -1/-1/-1->3->2 [2] 5/1/-1->3->7 [3] 5/1/-1->3->7
lrdn0780:1321542:1321640 [0] NCCL INFO P2P Chunksize set to 131072
lrdn0780:1321542:1321641 [0] NCCL INFO [Proxy Service] Device 0 CPU core 1
lrdn0780:1321542:1321642 [0] NCCL INFO [Proxy Service UDS] Device 0 CPU core 3
lrdn0708:3048046:3048150 [0] NCCL INFO [Proxy Service] Device 0 CPU core 1
lrdn0708:3048046:3048151 [0] NCCL INFO [Proxy Service UDS] Device 0 CPU core 10
lrdn0805:1354481:1354584 [0] NCCL INFO [Proxy Service] Device 0 CPU core 1
lrdn0805:1354481:1354585 [0] NCCL INFO [Proxy Service UDS] Device 0 CPU core 2
lrdn0757:1521334:1521435 [0] NCCL INFO [Proxy Service UDS] Device 0 CPU core 2
lrdn1218:1776591:1776693 [0] NCCL INFO [Proxy Service] Device 0 CPU core 1
lrdn1218:1776591:1776694 [0] NCCL INFO [Proxy Service UDS] Device 0 CPU core 2
lrdn1028:895822:895924 [0] NCCL INFO [Proxy Service] Device 0 CPU core 13
lrdn1028:895822:895925 [0] NCCL INFO [Proxy Service UDS] Device 0 CPU core 14
lrdn1226:1654681:1654779 [0] NCCL INFO comm 0x2152b670 rank 15 nRanks 16 nNodes 16 localRanks 1 localRank 0 MNNVL 0
lrdn1226:1654681:1654779 [0] NCCL INFO Trees [0] -1/-1/-1->15->14 [1] -1/-1/-1->15->14 [2] 7/-1/-1->15->-1 [3] 7/-1/-1->15->-1
lrdn1226:1654681:1654779 [0] NCCL INFO P2P Chunksize set to 131072
lrdn1226:1654681:1654780 [0] NCCL INFO [Proxy Service] Device 0 CPU core 2
lrdn1226:1654681:1654781 [0] NCCL INFO [Proxy Service UDS] Device 0 CPU core 4
lrdn1139:2620503:2620606 [0] NCCL INFO comm 0x174dbf50 rank 12 nRanks 16 nNodes 16 localRanks 1 localRank 0 MNNVL 0
lrdn1139:2620503:2620606 [0] NCCL INFO Trees [0] 10/14/-1->12->8 [1] 10/14/-1->12->8 [2] -1/-1/-1->12->13 [3] -1/-1/-1->12->13
lrdn1139:2620503:2620606 [0] NCCL INFO P2P Chunksize set to 131072
lrdn1139:2620503:2620608 [0] NCCL INFO [Proxy Service UDS] Device 0 CPU core 4
lrdn1139:2620503:2620607 [0] NCCL INFO [Proxy Service] Device 0 CPU core 3
lrdn1138:684929:685029 [0] NCCL INFO NCCL_PROTO set by environment to SIMPLE
lrdn1138:684929:685029 [0] NCCL INFO NCCL_ALGO set by environment to ring
lrdn1138:684929:685029 [0] NCCL INFO threadThresholds 8/8/64 | 128/8/64 | 512 | 512
lrdn1138:684929:685029 [0] NCCL INFO 4 coll channels, 4 collnet channels, 0 nvls channels, 4 p2p channels, 1 p2p channels per peer
lrdn1028:895822:895923 [0] NCCL INFO NCCL_PROTO set by environment to SIMPLE
lrdn1028:895822:895923 [0] NCCL INFO NCCL_ALGO set by environment to ring
lrdn1028:895822:895923 [0] NCCL INFO threadThresholds 8/8/64 | 128/8/64 | 512 | 512
lrdn1028:895822:895923 [0] NCCL INFO 4 coll channels, 4 collnet channels, 0 nvls channels, 4 p2p channels, 1 p2p channels per peer
lrdn0853:1717580:1717680 [0] NCCL INFO NCCL_PROTO set by environment to SIMPLE
lrdn0853:1717580:1717680 [0] NCCL INFO NCCL_ALGO set by environment to ring
lrdn0853:1717580:1717680 [0] NCCL INFO threadThresholds 8/8/64 | 128/8/64 | 512 | 512
lrdn0853:1717580:1717680 [0] NCCL INFO 4 coll channels, 4 collnet channels, 0 nvls channels, 4 p2p channels, 1 p2p channels per peer
lrdn1206:1547777:1547876 [0] NCCL INFO NCCL_PROTO set by environment to SIMPLE
lrdn1206:1547777:1547876 [0] NCCL INFO NCCL_ALGO set by environment to ring
lrdn1206:1547777:1547876 [0] NCCL INFO threadThresholds 8/8/64 | 128/8/64 | 512 | 512
lrdn1206:1547777:1547876 [0] NCCL INFO 4 coll channels, 4 collnet channels, 0 nvls channels, 4 p2p channels, 1 p2p channels per peer
lrdn1093:1492163:1492262 [0] NCCL INFO NCCL_PROTO set by environment to SIMPLE
lrdn0836:1477025:1477125 [0] NCCL INFO NCCL_PROTO set by environment to SIMPLE
lrdn0836:1477025:1477125 [0] NCCL INFO NCCL_ALGO set by environment to ring
lrdn0836:1477025:1477125 [0] NCCL INFO threadThresholds 8/8/64 | 128/8/64 | 512 | 512
lrdn0836:1477025:1477125 [0] NCCL INFO 4 coll channels, 4 collnet channels, 0 nvls channels, 4 p2p channels, 1 p2p channels per peer
lrdn1093:1492163:1492262 [0] NCCL INFO NCCL_ALGO set by environment to ring
lrdn1093:1492163:1492262 [0] NCCL INFO threadThresholds 8/8/64 | 128/8/64 | 512 | 512
lrdn1093:1492163:1492262 [0] NCCL INFO 4 coll channels, 4 collnet channels, 0 nvls channels, 4 p2p channels, 1 p2p channels per peer
lrdn1124:1626469:1626570 [0] NCCL INFO NCCL_PROTO set by environment to SIMPLE
lrdn1124:1626469:1626570 [0] NCCL INFO NCCL_ALGO set by environment to ring
lrdn1124:1626469:1626570 [0] NCCL INFO threadThresholds 8/8/64 | 128/8/64 | 512 | 512
lrdn1124:1626469:1626570 [0] NCCL INFO 4 coll channels, 4 collnet channels, 0 nvls channels, 4 p2p channels, 1 p2p channels per peer
lrdn0824:1054616:1054715 [0] NCCL INFO NCCL_PROTO set by environment to SIMPLE
lrdn0824:1054616:1054715 [0] NCCL INFO NCCL_ALGO set by environment to ring
lrdn0824:1054616:1054715 [0] NCCL INFO threadThresholds 8/8/64 | 128/8/64 | 512 | 512
lrdn0824:1054616:1054715 [0] NCCL INFO 4 coll channels, 4 collnet channels, 0 nvls channels, 4 p2p channels, 1 p2p channels per peer
lrdn1139:2620503:2620606 [0] NCCL INFO NCCL_PROTO set by environment to SIMPLE
lrdn1226:1654681:1654779 [0] NCCL INFO NCCL_PROTO set by environment to SIMPLE
lrdn1226:1654681:1654779 [0] NCCL INFO NCCL_ALGO set by environment to ring
lrdn1139:2620503:2620606 [0] NCCL INFO NCCL_ALGO set by environment to ring
lrdn1139:2620503:2620606 [0] NCCL INFO threadThresholds 8/8/64 | 128/8/64 | 512 | 512
lrdn1139:2620503:2620606 [0] NCCL INFO 4 coll channels, 4 collnet channels, 0 nvls channels, 4 p2p channels, 1 p2p channels per peer
lrdn0745:1658235:1658336 [0] NCCL INFO NCCL_PROTO set by environment to SIMPLE
lrdn1226:1654681:1654779 [0] NCCL INFO threadThresholds 8/8/64 | 128/8/64 | 512 | 512
lrdn1226:1654681:1654779 [0] NCCL INFO 4 coll channels, 4 collnet channels, 0 nvls channels, 4 p2p channels, 1 p2p channels per peer
lrdn0805:1354481:1354583 [0] NCCL INFO NCCL_PROTO set by environment to SIMPLE
lrdn0805:1354481:1354583 [0] NCCL INFO NCCL_ALGO set by environment to ring
lrdn0805:1354481:1354583 [0] NCCL INFO threadThresholds 8/8/64 | 128/8/64 | 512 | 512
lrdn0805:1354481:1354583 [0] NCCL INFO 4 coll channels, 4 collnet channels, 0 nvls channels, 4 p2p channels, 1 p2p channels per peer
lrdn0745:1658235:1658336 [0] NCCL INFO NCCL_ALGO set by environment to ring
lrdn0745:1658235:1658336 [0] NCCL INFO threadThresholds 8/8/64 | 128/8/64 | 512 | 512
lrdn0745:1658235:1658336 [0] NCCL INFO 4 coll channels, 4 collnet channels, 0 nvls channels, 4 p2p channels, 1 p2p channels per peer
lrdn0780:1321542:1321640 [0] NCCL INFO NCCL_PROTO set by environment to SIMPLE
lrdn1218:1776591:1776692 [0] NCCL INFO NCCL_PROTO set by environment to SIMPLE
lrdn0708:3048046:3048149 [0] NCCL INFO NCCL_PROTO set by environment to SIMPLE
lrdn0708:3048046:3048149 [0] NCCL INFO NCCL_ALGO set by environment to ring
lrdn0708:3048046:3048149 [0] NCCL INFO Enabled NCCL Func/Proto/Algo Matrix:
     Function |       LL     LL128    Simple   |          Tree           Ring  CollNetDirect   CollNetChain           NVLS       NVLSTree            PAT  
    Broadcast |        0         0         1   |             0              1              0              0              0              0              0  
       Reduce |        0         0         1   |             0              1              0              0              0              0              0  
    AllGather |        0         0         1   |             0              1              0              0              0              0              0  
ReduceScatter |        0         0         1   |             0              1              0              0              0              0              0  
    AllReduce |        0         0         1   |             0              1              0              0              0              0              0  

lrdn0780:1321542:1321640 [0] NCCL INFO NCCL_ALGO set by environment to ring
lrdn0780:1321542:1321640 [0] NCCL INFO threadThresholds 8/8/64 | 128/8/64 | 512 | 512
lrdn0780:1321542:1321640 [0] NCCL INFO 4 coll channels, 4 collnet channels, 0 nvls channels, 4 p2p channels, 1 p2p channels per peer
lrdn1218:1776591:1776692 [0] NCCL INFO NCCL_ALGO set by environment to ring
lrdn1218:1776591:1776692 [0] NCCL INFO threadThresholds 8/8/64 | 128/8/64 | 512 | 512
lrdn1218:1776591:1776692 [0] NCCL INFO 4 coll channels, 4 collnet channels, 0 nvls channels, 4 p2p channels, 1 p2p channels per peer
lrdn0757:1521334:1521433 [0] NCCL INFO NCCL_PROTO set by environment to SIMPLE
lrdn0757:1521334:1521433 [0] NCCL INFO NCCL_ALGO set by environment to ring
lrdn0757:1521334:1521433 [0] NCCL INFO threadThresholds 8/8/64 | 128/8/64 | 512 | 512
lrdn0757:1521334:1521433 [0] NCCL INFO 4 coll channels, 4 collnet channels, 0 nvls channels, 4 p2p channels, 1 p2p channels per peer
lrdn0708:3048046:3048149 [0] NCCL INFO threadThresholds 8/8/64 | 128/8/64 | 512 | 512
lrdn0708:3048046:3048149 [0] NCCL INFO 4 coll channels, 4 collnet channels, 0 nvls channels, 4 p2p channels, 1 p2p channels per peer
lrdn1138:684929:685029 [0] NCCL INFO ncclCommInitRankConfig comm 0x21b9cd90 rank 11 nranks 16 cudaDev 0 nvmlDev 0 busId 1d000 commId 0xb95372ae918cf2bf - Init COMPLETE
lrdn1138:684929:685029 [0] NCCL INFO Init timings - ncclCommInitRankConfig: rank 11 nranks 16 total 0.04 (kernels 0.00, alloc 0.00, bootstrap 0.00, allgathers 0.00, topo 0.02, graphs 0.02, connections 0.00, rest 0.00)
lrdn0708:3048046:3048149 [0] NCCL INFO CC Off, workFifoBytes 1048576
lrdn1028:895822:895923 [0] NCCL INFO ncclCommInitRankConfig comm 0x23bae210 rank 8 nranks 16 cudaDev 0 nvmlDev 0 busId 1d000 commId 0xb95372ae918cf2bf - Init COMPLETE
lrdn1028:895822:895923 [0] NCCL INFO Init timings - ncclCommInitRankConfig: rank 8 nranks 16 total 0.04 (kernels 0.00, alloc 0.00, bootstrap 0.00, allgathers 0.00, topo 0.01, graphs 0.02, connections 0.00, rest 0.00)
lrdn1206:1547777:1547876 [0] NCCL INFO ncclCommInitRankConfig comm 0xe1d91a0 rank 13 nranks 16 cudaDev 0 nvmlDev 0 busId 1d000 commId 0xb95372ae918cf2bf - Init COMPLETE
lrdn1206:1547777:1547876 [0] NCCL INFO Init timings - ncclCommInitRankConfig: rank 13 nranks 16 total 0.04 (kernels 0.00, alloc 0.00, bootstrap 0.00, allgathers 0.00, topo 0.02, graphs 0.02, connections 0.00, rest 0.00)
lrdn0853:1717580:1717680 [0] NCCL INFO ncclCommInitRankConfig comm 0x11d3c000 rank 7 nranks 16 cudaDev 0 nvmlDev 0 busId 1d000 commId 0xb95372ae918cf2bf - Init COMPLETE
lrdn0853:1717580:1717680 [0] NCCL INFO Init timings - ncclCommInitRankConfig: rank 7 nranks 16 total 0.04 (kernels 0.00, alloc 0.00, bootstrap 0.00, allgathers 0.00, topo 0.01, graphs 0.02, connections 0.00, rest 0.00)
lrdn0836:1477025:1477125 [0] NCCL INFO ncclCommInitRankConfig comm 0x21ed7e70 rank 6 nranks 16 cudaDev 0 nvmlDev 0 busId 1d000 commId 0xb95372ae918cf2bf - Init COMPLETE
lrdn0836:1477025:1477125 [0] NCCL INFO Init timings - ncclCommInitRankConfig: rank 6 nranks 16 total 0.04 (kernels 0.00, alloc 0.00, bootstrap 0.00, allgathers 0.00, topo 0.01, graphs 0.02, connections 0.00, rest 0.00)
lrdn1093:1492163:1492262 [0] NCCL INFO ncclCommInitRankConfig comm 0x20fe09a0 rank 9 nranks 16 cudaDev 0 nvmlDev 0 busId 1d000 commId 0xb95372ae918cf2bf - Init COMPLETE
lrdn1093:1492163:1492262 [0] NCCL INFO Init timings - ncclCommInitRankConfig: rank 9 nranks 16 total 0.04 (kernels 0.00, alloc 0.00, bootstrap 0.00, allgathers 0.00, topo 0.02, graphs 0.02, connections 0.00, rest 0.00)
lrdn1124:1626469:1626570 [0] NCCL INFO ncclCommInitRankConfig comm 0x115f8ed0 rank 10 nranks 16 cudaDev 0 nvmlDev 0 busId 1d000 commId 0xb95372ae918cf2bf - Init COMPLETE
lrdn1124:1626469:1626570 [0] NCCL INFO Init timings - ncclCommInitRankConfig: rank 10 nranks 16 total 0.04 (kernels 0.00, alloc 0.00, bootstrap 0.00, allgathers 0.00, topo 0.02, graphs 0.02, connections 0.00, rest 0.00)
lrdn0824:1054616:1054715 [0] NCCL INFO ncclCommInitRankConfig comm 0x2a32d0b0 rank 5 nranks 16 cudaDev 0 nvmlDev 0 busId 1d000 commId 0xb95372ae918cf2bf - Init COMPLETE
lrdn0824:1054616:1054715 [0] NCCL INFO Init timings - ncclCommInitRankConfig: rank 5 nranks 16 total 0.04 (kernels 0.00, alloc 0.00, bootstrap 0.00, allgathers 0.00, topo 0.02, graphs 0.02, connections 0.00, rest 0.00)
lrdn1139:2620503:2620606 [0] NCCL INFO ncclCommInitRankConfig comm 0x174dbf50 rank 12 nranks 16 cudaDev 0 nvmlDev 0 busId 1d000 commId 0xb95372ae918cf2bf - Init COMPLETE
lrdn1139:2620503:2620606 [0] NCCL INFO Init timings - ncclCommInitRankConfig: rank 12 nranks 16 total 0.04 (kernels 0.00, alloc 0.00, bootstrap 0.00, allgathers 0.00, topo 0.02, graphs 0.02, connections 0.00, rest 0.00)
lrdn0745:1658235:1658336 [0] NCCL INFO ncclCommInitRankConfig comm 0xc7b2930 rank 1 nranks 16 cudaDev 0 nvmlDev 0 busId 1d000 commId 0xb95372ae918cf2bf - Init COMPLETE
lrdn0745:1658235:1658336 [0] NCCL INFO Init timings - ncclCommInitRankConfig: rank 1 nranks 16 total 0.04 (kernels 0.00, alloc 0.00, bootstrap 0.00, allgathers 0.00, topo 0.02, graphs 0.02, connections 0.00, rest 0.00)
lrdn1226:1654681:1654779 [0] NCCL INFO ncclCommInitRankConfig comm 0x2152b670 rank 15 nranks 16 cudaDev 0 nvmlDev 0 busId 1d000 commId 0xb95372ae918cf2bf - Init COMPLETE
lrdn1226:1654681:1654779 [0] NCCL INFO Init timings - ncclCommInitRankConfig: rank 15 nranks 16 total 0.04 (kernels 0.00, alloc 0.00, bootstrap 0.00, allgathers 0.00, topo 0.02, graphs 0.02, connections 0.00, rest 0.00)
lrdn0805:1354481:1354583 [0] NCCL INFO ncclCommInitRankConfig comm 0x229a1720 rank 4 nranks 16 cudaDev 0 nvmlDev 0 busId 1d000 commId 0xb95372ae918cf2bf - Init COMPLETE
lrdn0805:1354481:1354583 [0] NCCL INFO Init timings - ncclCommInitRankConfig: rank 4 nranks 16 total 0.04 (kernels 0.00, alloc 0.00, bootstrap 0.00, allgathers 0.00, topo 0.02, graphs 0.02, connections 0.00, rest 0.00)
lrdn1218:1776591:1776692 [0] NCCL INFO ncclCommInitRankConfig comm 0xdf44c60 rank 14 nranks 16 cudaDev 0 nvmlDev 0 busId 1d000 commId 0xb95372ae918cf2bf - Init COMPLETE
lrdn1218:1776591:1776692 [0] NCCL INFO Init timings - ncclCommInitRankConfig: rank 14 nranks 16 total 0.04 (kernels 0.00, alloc 0.00, bootstrap 0.00, allgathers 0.00, topo 0.01, graphs 0.02, connections 0.00, rest 0.00)
lrdn0757:1521334:1521433 [0] NCCL INFO ncclCommInitRankConfig comm 0xd030d50 rank 2 nranks 16 cudaDev 0 nvmlDev 0 busId 1d000 commId 0xb95372ae918cf2bf - Init COMPLETE
lrdn0757:1521334:1521433 [0] NCCL INFO Init timings - ncclCommInitRankConfig: rank 2 nranks 16 total 0.04 (kernels 0.00, alloc 0.00, bootstrap 0.00, allgathers 0.00, topo 0.01, graphs 0.02, connections 0.00, rest 0.00)
lrdn0708:3048046:3048149 [0] NCCL INFO ncclCommInitRankConfig comm 0x229ad010 rank 0 nranks 16 cudaDev 0 nvmlDev 0 busId 1d000 commId 0xb95372ae918cf2bf - Init COMPLETE
lrdn0708:3048046:3048149 [0] NCCL INFO Init timings - ncclCommInitRankConfig: rank 0 nranks 16 total 0.04 (kernels 0.00, alloc 0.00, bootstrap 0.00, allgathers 0.00, topo 0.01, graphs 0.02, connections 0.00, rest 0.00)
lrdn0780:1321542:1321640 [0] NCCL INFO ncclCommInitRankConfig comm 0x224699f0 rank 3 nranks 16 cudaDev 0 nvmlDev 0 busId 1d000 commId 0xb95372ae918cf2bf - Init COMPLETE
lrdn0780:1321542:1321640 [0] NCCL INFO Init timings - ncclCommInitRankConfig: rank 3 nranks 16 total 0.04 (kernels 0.00, alloc 0.00, bootstrap 0.00, allgathers 0.00, topo 0.02, graphs 0.02, connections 0.00, rest 0.00)
lrdn1028:895822:895927 [0] NCCL INFO [Proxy Progress] Device 0 CPU core 0
lrdn1028:895822:895926 [0] NCCL INFO Channel 00/0 : 7[0] -> 8[0] [receive] via NET/IB/5
lrdn1028:895822:895926 [0] NCCL INFO Channel 01/0 : 7[0] -> 8[0] [receive] via NET/IB/6
lrdn1028:895822:895926 [0] NCCL INFO Channel 02/0 : 7[0] -> 8[0] [receive] via NET/IB/5
lrdn1028:895822:895926 [0] NCCL INFO Channel 03/0 : 7[0] -> 8[0] [receive] via NET/IB/6
lrdn1028:895822:895926 [0] NCCL INFO Channel 00/0 : 8[0] -> 9[0] [send] via NET/IB/5
lrdn1028:895822:895926 [0] NCCL INFO Channel 01/0 : 8[0] -> 9[0] [send] via NET/IB/6
lrdn1028:895822:895926 [0] NCCL INFO Channel 02/0 : 8[0] -> 9[0] [send] via NET/IB/5
lrdn1028:895822:895926 [0] NCCL INFO Channel 03/0 : 8[0] -> 9[0] [send] via NET/IB/6
lrdn1138:684929:685032 [0] NCCL INFO Channel 00/0 : 10[0] -> 11[0] [receive] via NET/IB/5
lrdn1138:684929:685032 [0] NCCL INFO Channel 01/0 : 10[0] -> 11[0] [receive] via NET/IB/6
lrdn0836:1477025:1477129 [0] NCCL INFO [Proxy Progress] Device 0 CPU core 4
lrdn0836:1477025:1477128 [0] NCCL INFO Channel 00/0 : 5[0] -> 6[0] [receive] via NET/IB/5
lrdn0836:1477025:1477128 [0] NCCL INFO Channel 01/0 : 5[0] -> 6[0] [receive] via NET/IB/6
lrdn0836:1477025:1477128 [0] NCCL INFO Channel 02/0 : 5[0] -> 6[0] [receive] via NET/IB/5
lrdn1206:1547777:1547880 [0] NCCL INFO [Proxy Progress] Device 0 CPU core 5
lrdn1138:684929:685032 [0] NCCL INFO Channel 02/0 : 10[0] -> 11[0] [receive] via NET/IB/5
lrdn1138:684929:685033 [0] NCCL INFO [Proxy Progress] Device 0 CPU core 4
lrdn1138:684929:685032 [0] NCCL INFO Channel 03/0 : 10[0] -> 11[0] [receive] via NET/IB/6
lrdn0836:1477025:1477128 [0] NCCL INFO Channel 03/0 : 5[0] -> 6[0] [receive] via NET/IB/6
lrdn0836:1477025:1477128 [0] NCCL INFO Channel 00/0 : 6[0] -> 7[0] [send] via NET/IB/5
lrdn0836:1477025:1477128 [0] NCCL INFO Channel 01/0 : 6[0] -> 7[0] [send] via NET/IB/6
lrdn0836:1477025:1477128 [0] NCCL INFO Channel 02/0 : 6[0] -> 7[0] [send] via NET/IB/5
lrdn0853:1717580:1717685 [0] NCCL INFO [Proxy Progress] Device 0 CPU core 4
lrdn0853:1717580:1717684 [0] NCCL INFO Channel 00/0 : 6[0] -> 7[0] [receive] via NET/IB/5
lrdn0836:1477025:1477128 [0] NCCL INFO Channel 03/0 : 6[0] -> 7[0] [send] via NET/IB/6
lrdn1138:684929:685032 [0] NCCL INFO Channel 00/0 : 11[0] -> 12[0] [send] via NET/IB/5
lrdn1138:684929:685032 [0] NCCL INFO Channel 01/0 : 11[0] -> 12[0] [send] via NET/IB/6
lrdn0853:1717580:1717684 [0] NCCL INFO Channel 01/0 : 6[0] -> 7[0] [receive] via NET/IB/6
lrdn1093:1492163:1492266 [0] NCCL INFO [Proxy Progress] Device 0 CPU core 5
lrdn1093:1492163:1492265 [0] NCCL INFO Channel 00/0 : 8[0] -> 9[0] [receive] via NET/IB/5
lrdn1093:1492163:1492265 [0] NCCL INFO Channel 01/0 : 8[0] -> 9[0] [receive] via NET/IB/6
lrdn1093:1492163:1492265 [0] NCCL INFO Channel 02/0 : 8[0] -> 9[0] [receive] via NET/IB/5
lrdn1093:1492163:1492265 [0] NCCL INFO Channel 03/0 : 8[0] -> 9[0] [receive] via NET/IB/6
lrdn1093:1492163:1492265 [0] NCCL INFO Channel 00/0 : 9[0] -> 10[0] [send] via NET/IB/5
lrdn1093:1492163:1492265 [0] NCCL INFO Channel 01/0 : 9[0] -> 10[0] [send] via NET/IB/6
lrdn1138:684929:685032 [0] NCCL INFO Channel 02/0 : 11[0] -> 12[0] [send] via NET/IB/5
lrdn1093:1492163:1492265 [0] NCCL INFO Channel 02/0 : 9[0] -> 10[0] [send] via NET/IB/5
lrdn1093:1492163:1492265 [0] NCCL INFO Channel 03/0 : 9[0] -> 10[0] [send] via NET/IB/6
lrdn0853:1717580:1717684 [0] NCCL INFO Channel 02/0 : 6[0] -> 7[0] [receive] via NET/IB/5
lrdn0745:1658235:1658339 [0] NCCL INFO Channel 00/0 : 0[0] -> 1[0] [receive] via NET/IB/5
lrdn1139:2620503:2620610 [0] NCCL INFO [Proxy Progress] Device 0 CPU core 5
lrdn1139:2620503:2620609 [0] NCCL INFO Channel 00/0 : 11[0] -> 12[0] [receive] via NET/IB/5
lrdn0805:1354481:1354587 [0] NCCL INFO [Proxy Progress] Device 0 CPU core 3
lrdn0805:1354481:1354586 [0] NCCL INFO Channel 00/0 : 3[0] -> 4[0] [receive] via NET/IB/5
lrdn0805:1354481:1354586 [0] NCCL INFO Channel 01/0 : 3[0] -> 4[0] [receive] via NET/IB/6
lrdn0805:1354481:1354586 [0] NCCL INFO Channel 02/0 : 3[0] -> 4[0] [receive] via NET/IB/5
lrdn1138:684929:685032 [0] NCCL INFO Channel 03/0 : 11[0] -> 12[0] [send] via NET/IB/6
lrdn0853:1717580:1717684 [0] NCCL INFO Channel 03/0 : 6[0] -> 7[0] [receive] via NET/IB/6
lrdn0805:1354481:1354586 [0] NCCL INFO Channel 03/0 : 3[0] -> 4[0] [receive] via NET/IB/6
lrdn0708:3048046:3048153 [0] NCCL INFO [Proxy Progress] Device 0 CPU core 4
lrdn0745:1658235:1658339 [0] NCCL INFO Channel 01/0 : 0[0] -> 1[0] [receive] via NET/IB/6
lrdn0745:1658235:1658340 [0] NCCL INFO [Proxy Progress] Device 0 CPU core 11
lrdn0745:1658235:1658339 [0] NCCL INFO Channel 02/0 : 0[0] -> 1[0] [receive] via NET/IB/5
lrdn0745:1658235:1658339 [0] NCCL INFO Channel 03/0 : 0[0] -> 1[0] [receive] via NET/IB/6
lrdn0745:1658235:1658339 [0] NCCL INFO Channel 00/0 : 1[0] -> 2[0] [send] via NET/IB/5
lrdn0745:1658235:1658339 [0] NCCL INFO Channel 01/0 : 1[0] -> 2[0] [send] via NET/IB/6
lrdn0824:1054616:1054718 [0] NCCL INFO Channel 00/0 : 4[0] -> 5[0] [receive] via NET/IB/5
lrdn1206:1547777:1547879 [0] NCCL INFO Channel 00/0 : 12[0] -> 13[0] [receive] via NET/IB/5
lrdn1206:1547777:1547879 [0] NCCL INFO Channel 01/0 : 12[0] -> 13[0] [receive] via NET/IB/6
lrdn1206:1547777:1547879 [0] NCCL INFO Channel 02/0 : 12[0] -> 13[0] [receive] via NET/IB/5
lrdn1206:1547777:1547879 [0] NCCL INFO Channel 03/0 : 12[0] -> 13[0] [receive] via NET/IB/6
lrdn1206:1547777:1547879 [0] NCCL INFO Channel 00/0 : 13[0] -> 14[0] [send] via NET/IB/5
lrdn1206:1547777:1547879 [0] NCCL INFO Channel 01/0 : 13[0] -> 14[0] [send] via NET/IB/6
lrdn1206:1547777:1547879 [0] NCCL INFO Channel 02/0 : 13[0] -> 14[0] [send] via NET/IB/5
lrdn1206:1547777:1547879 [0] NCCL INFO Channel 03/0 : 13[0] -> 14[0] [send] via NET/IB/6
lrdn0853:1717580:1717684 [0] NCCL INFO Channel 00/0 : 7[0] -> 8[0] [send] via NET/IB/5
lrdn0805:1354481:1354586 [0] NCCL INFO Channel 00/0 : 4[0] -> 5[0] [send] via NET/IB/5
lrdn0745:1658235:1658339 [0] NCCL INFO Channel 02/0 : 1[0] -> 2[0] [send] via NET/IB/5
lrdn0745:1658235:1658339 [0] NCCL INFO Channel 03/0 : 1[0] -> 2[0] [send] via NET/IB/6
lrdn0824:1054616:1054719 [0] NCCL INFO [Proxy Progress] Device 0 CPU core 5
lrdn0824:1054616:1054718 [0] NCCL INFO Channel 01/0 : 4[0] -> 5[0] [receive] via NET/IB/6
lrdn1124:1626469:1626574 [0] NCCL INFO [Proxy Progress] Device 0 CPU core 4
lrdn1124:1626469:1626573 [0] NCCL INFO Channel 00/0 : 9[0] -> 10[0] [receive] via NET/IB/5
lrdn1124:1626469:1626573 [0] NCCL INFO Channel 01/0 : 9[0] -> 10[0] [receive] via NET/IB/6
lrdn1124:1626469:1626573 [0] NCCL INFO Channel 02/0 : 9[0] -> 10[0] [receive] via NET/IB/5
lrdn1124:1626469:1626573 [0] NCCL INFO Channel 03/0 : 9[0] -> 10[0] [receive] via NET/IB/6
lrdn1124:1626469:1626573 [0] NCCL INFO Channel 00/0 : 10[0] -> 11[0] [send] via NET/IB/5
lrdn1124:1626469:1626573 [0] NCCL INFO Channel 01/0 : 10[0] -> 11[0] [send] via NET/IB/6
lrdn0853:1717580:1717684 [0] NCCL INFO Channel 01/0 : 7[0] -> 8[0] [send] via NET/IB/6
lrdn0805:1354481:1354586 [0] NCCL INFO Channel 01/0 : 4[0] -> 5[0] [send] via NET/IB/6
lrdn0805:1354481:1354586 [0] NCCL INFO Channel 02/0 : 4[0] -> 5[0] [send] via NET/IB/5
lrdn0780:1321542:1321644 [0] NCCL INFO [Proxy Progress] Device 0 CPU core 4
lrdn0757:1521334:1521437 [0] NCCL INFO [Proxy Progress] Device 0 CPU core 3
lrdn0824:1054616:1054718 [0] NCCL INFO Channel 02/0 : 4[0] -> 5[0] [receive] via NET/IB/5
lrdn1124:1626469:1626573 [0] NCCL INFO Channel 02/0 : 10[0] -> 11[0] [send] via NET/IB/5
lrdn0853:1717580:1717684 [0] NCCL INFO Channel 02/0 : 7[0] -> 8[0] [send] via NET/IB/5
lrdn0805:1354481:1354586 [0] NCCL INFO Channel 03/0 : 4[0] -> 5[0] [send] via NET/IB/6
lrdn0780:1321542:1321643 [0] NCCL INFO Channel 00/0 : 2[0] -> 3[0] [receive] via NET/IB/5
lrdn0824:1054616:1054718 [0] NCCL INFO Channel 03/0 : 4[0] -> 5[0] [receive] via NET/IB/6
lrdn1124:1626469:1626573 [0] NCCL INFO Channel 03/0 : 10[0] -> 11[0] [send] via NET/IB/6
lrdn0853:1717580:1717684 [0] NCCL INFO Channel 03/0 : 7[0] -> 8[0] [send] via NET/IB/6
lrdn0780:1321542:1321643 [0] NCCL INFO Channel 01/0 : 2[0] -> 3[0] [receive] via NET/IB/6
lrdn0824:1054616:1054718 [0] NCCL INFO Channel 00/0 : 5[0] -> 6[0] [send] via NET/IB/5
lrdn0780:1321542:1321643 [0] NCCL INFO Channel 02/0 : 2[0] -> 3[0] [receive] via NET/IB/5
lrdn1139:2620503:2620609 [0] NCCL INFO Channel 01/0 : 11[0] -> 12[0] [receive] via NET/IB/6
lrdn0824:1054616:1054718 [0] NCCL INFO Channel 01/0 : 5[0] -> 6[0] [send] via NET/IB/6
lrdn0824:1054616:1054718 [0] NCCL INFO Channel 02/0 : 5[0] -> 6[0] [send] via NET/IB/5
lrdn1226:1654681:1654783 [0] NCCL INFO [Proxy Progress] Device 0 CPU core 7
lrdn1226:1654681:1654782 [0] NCCL INFO Channel 00/0 : 14[0] -> 15[0] [receive] via NET/IB/5
lrdn1226:1654681:1654782 [0] NCCL INFO Channel 01/0 : 14[0] -> 15[0] [receive] via NET/IB/6
lrdn1226:1654681:1654782 [0] NCCL INFO Channel 02/0 : 14[0] -> 15[0] [receive] via NET/IB/5
lrdn1226:1654681:1654782 [0] NCCL INFO Channel 03/0 : 14[0] -> 15[0] [receive] via NET/IB/6
lrdn1226:1654681:1654782 [0] NCCL INFO Channel 00/0 : 15[0] -> 0[0] [send] via NET/IB/5
lrdn1226:1654681:1654782 [0] NCCL INFO Channel 01/0 : 15[0] -> 0[0] [send] via NET/IB/6
lrdn1226:1654681:1654782 [0] NCCL INFO Channel 02/0 : 15[0] -> 0[0] [send] via NET/IB/5
lrdn1226:1654681:1654782 [0] NCCL INFO Channel 03/0 : 15[0] -> 0[0] [send] via NET/IB/6
lrdn1139:2620503:2620609 [0] NCCL INFO Channel 02/0 : 11[0] -> 12[0] [receive] via NET/IB/5
